<html>
<body>
<pre>
<h1>礦ision Build Log</h1>
<h2>Tool Versions:</h2>
IDE-Version: μVision V5.37.0.0
Copyright (C) 2022 ARM Ltd and ARM Germany GmbH. All rights reserved.
License Information: 1 1, 1, LIC=TIVNB-2KPCY-X7TRZ-JUC2H-23WTD-B9MK7
 
Tool Versions:
Toolchain:       MDK-ARM Plus  Version: 5.37.0.0
Toolchain Path:  D:\SoftWare\keil5.37\core\ARM\AC5\Bin
C Compiler:      Armcc.exe V5.06 update 7 (build 960)
Assembler:       Armasm.exe V5.06 update 7 (build 960)
Linker/Locator:  ArmLink.exe V5.06 update 7 (build 960)
Library Manager: ArmAr.exe V5.06 update 7 (build 960)
Hex Converter:   FromElf.exe V5.06 update 7 (build 960)
CPU DLL:         SARMCM3.DLL V5.37.0.0
Dialog DLL:      DARMSTM.DLL V1.69.1.0
Target DLL:      STLink\ST-LINKIII-KEIL_SWO.dll V3.0.9.0
Dialog DLL:      TARMSTM.DLL V1.67.1.0
 
<h2>Project:</h2>
F:\STM32系列单片机开发资料\项目程序及其资料\项目资料文档以及程序\气动扳手\气压扳手项目总结\项目程序\增加功能\新版ADC驱动程序3\Template.uvprojx
Project File Date:  08/23/2022

<h2>Output:</h2>
*** Using Compiler 'V5.06 update 7 (build 960)', folder: 'D:\SoftWare\keil5.37\core\ARM\AC5\Bin'
Build target 'Target 1'
compiling screendriver.c...
.\APP\rs485\rs485.h(15): warning:  #1295-D: Deprecated declaration TIM4_Init - give arg types
  extern void TIM4_Init();
APP\Screen\screendriver.c: 1 warning, 0 errors
linking...
Program Size: Code=77048 RO-data=676 RW-data=1368 ZI-data=38968  
FromELF: creating hex file...
".\Obj\Template.axf" - 0 Error(s), 1 Warning(s).

<h2>Software Packages used:</h2>

Package Vendor: Keil
                http://www.keil.com/pack/Keil.STM32F1xx_DFP.1.0.5.pack
                Keil.STM32F1xx_DFP.1.0.5
                STMicroelectronics STM32F1 Series Device Support, Drivers and Examples

<h2>Collection of Component include folders:</h2>
  D:/SoftWare/keil5.37/pack/Keil/STM32F1xx_DFP/1.0.5/Device/Include

<h2>Collection of Component Files used:</h2>
Build Time Elapsed:  00:00:03
</pre>
</body>
</html>
