<!doctype html public "-//w3c//dtd html 4.0 transitional//en">
<html><head>
<title>Static Call Graph - [.\Obj\Template.axf]</title></head>
<body><HR>
<H1>Static Call Graph for image .\Obj\Template.axf</H1><HR>
<BR><P>#&#060CALLGRAPH&#062# ARM Linker, 5060960: Last Updated: Sat Feb 04 13:36:28 2023
<BR><P>
<H3>Maximum Stack Usage =        592 bytes + Unknown(Functions without stacksize, Cycles, Untraceable Function Pointers)</H3><H3>
Call chain for Maximum Stack Depth:</H3>
TIM4_IRQHandler &rArr; ADS8688_CollectTask &rArr; averageValueTomA &rArr; __aeabi_dmul &rArr; _double_epilogue &rArr; _double_round
<P>
<H3>
Functions with no stack information
</H3><UL>
 <LI><a href="#[122]">CPU_IntDis</a>
 <LI><a href="#[134]">CPU_IntEn</a>
 <LI><a href="#[1bc]">CPU_SR_Save</a>
 <LI><a href="#[1bd]">CPU_SR_Restore</a>
 <LI><a href="#[15a]">OS_CPU_SR_Save</a>
 <LI><a href="#[15d]">OS_CPU_SR_Restore</a>
 <LI><a href="#[15f]">OSStartHighRdy</a>
 <LI><a href="#[16e]">OSCtxSw</a>
 <LI><a href="#[15c]">OSIntCtxSw</a>
 <LI><a href="#[4e]">PendSV_Handler</a>
</UL>
</UL>
<P>
<H3>
Mutually Recursive functions
</H3> <LI><a href="#[62]">ADC1_2_IRQHandler</a>&nbsp;&nbsp;&nbsp;&rArr;&nbsp;&nbsp;&nbsp;<a href="#[62]">ADC1_2_IRQHandler</a><BR>
</UL>
<P>
<H3>
Function Pointers
</H3><UL>
 <LI><a href="#[62]">ADC1_2_IRQHandler</a> from startup_stm32f10x_hd.o(.text) referenced from startup_stm32f10x_hd.o(RESET)
 <LI><a href="#[7f]">ADC3_IRQHandler</a> from startup_stm32f10x_hd.o(.text) referenced from startup_stm32f10x_hd.o(RESET)
 <LI><a href="#[4a]">BusFault_Handler</a> from stm32f10x_it.o(i.BusFault_Handler) referenced from startup_stm32f10x_hd.o(RESET)
 <LI><a href="#[65]">CAN1_RX1_IRQHandler</a> from startup_stm32f10x_hd.o(.text) referenced from startup_stm32f10x_hd.o(RESET)
 <LI><a href="#[66]">CAN1_SCE_IRQHandler</a> from startup_stm32f10x_hd.o(.text) referenced from startup_stm32f10x_hd.o(RESET)
 <LI><a href="#[5b]">DMA1_Channel1_IRQHandler</a> from startup_stm32f10x_hd.o(.text) referenced from startup_stm32f10x_hd.o(RESET)
 <LI><a href="#[5c]">DMA1_Channel2_IRQHandler</a> from startup_stm32f10x_hd.o(.text) referenced from startup_stm32f10x_hd.o(RESET)
 <LI><a href="#[5d]">DMA1_Channel3_IRQHandler</a> from startup_stm32f10x_hd.o(.text) referenced from startup_stm32f10x_hd.o(RESET)
 <LI><a href="#[5e]">DMA1_Channel4_IRQHandler</a> from startup_stm32f10x_hd.o(.text) referenced from startup_stm32f10x_hd.o(RESET)
 <LI><a href="#[5f]">DMA1_Channel5_IRQHandler</a> from startup_stm32f10x_hd.o(.text) referenced from startup_stm32f10x_hd.o(RESET)
 <LI><a href="#[60]">DMA1_Channel6_IRQHandler</a> from startup_stm32f10x_hd.o(.text) referenced from startup_stm32f10x_hd.o(RESET)
 <LI><a href="#[61]">DMA1_Channel7_IRQHandler</a> from startup_stm32f10x_hd.o(.text) referenced from startup_stm32f10x_hd.o(RESET)
 <LI><a href="#[88]">DMA2_Channel1_IRQHandler</a> from startup_stm32f10x_hd.o(.text) referenced from startup_stm32f10x_hd.o(RESET)
 <LI><a href="#[89]">DMA2_Channel2_IRQHandler</a> from startup_stm32f10x_hd.o(.text) referenced from startup_stm32f10x_hd.o(RESET)
 <LI><a href="#[8a]">DMA2_Channel3_IRQHandler</a> from startup_stm32f10x_hd.o(.text) referenced from startup_stm32f10x_hd.o(RESET)
 <LI><a href="#[8b]">DMA2_Channel4_5_IRQHandler</a> from startup_stm32f10x_hd.o(.text) referenced from startup_stm32f10x_hd.o(RESET)
 <LI><a href="#[4d]">DebugMon_Handler</a> from stm32f10x_it.o(i.DebugMon_Handler) referenced from startup_stm32f10x_hd.o(RESET)
 <LI><a href="#[56]">EXTI0_IRQHandler</a> from startup_stm32f10x_hd.o(.text) referenced from startup_stm32f10x_hd.o(RESET)
 <LI><a href="#[78]">EXTI15_10_IRQHandler</a> from startup_stm32f10x_hd.o(.text) referenced from startup_stm32f10x_hd.o(RESET)
 <LI><a href="#[57]">EXTI1_IRQHandler</a> from startup_stm32f10x_hd.o(.text) referenced from startup_stm32f10x_hd.o(RESET)
 <LI><a href="#[58]">EXTI2_IRQHandler</a> from startup_stm32f10x_hd.o(.text) referenced from startup_stm32f10x_hd.o(RESET)
 <LI><a href="#[59]">EXTI3_IRQHandler</a> from startup_stm32f10x_hd.o(.text) referenced from startup_stm32f10x_hd.o(RESET)
 <LI><a href="#[5a]">EXTI4_IRQHandler</a> from startup_stm32f10x_hd.o(.text) referenced from startup_stm32f10x_hd.o(RESET)
 <LI><a href="#[67]">EXTI9_5_IRQHandler</a> from exti.o(i.EXTI9_5_IRQHandler) referenced from startup_stm32f10x_hd.o(RESET)
 <LI><a href="#[2d]">EnterMemuFiveOptionFour</a> from screendriver.o(i.EnterMemuFiveOptionFour) referenced 2 times from screenshow.o(.data)
 <LI><a href="#[2a]">EnterMemuFiveOptionOne</a> from screendriver.o(i.EnterMemuFiveOptionOne) referenced 2 times from screenshow.o(.data)
 <LI><a href="#[2c]">EnterMemuFiveOptionThree</a> from screendriver.o(i.EnterMemuFiveOptionThree) referenced 2 times from screenshow.o(.data)
 <LI><a href="#[2b]">EnterMemuFiveOptionTwo</a> from screendriver.o(i.EnterMemuFiveOptionTwo) referenced 2 times from screenshow.o(.data)
 <LI><a href="#[38]">EnterMemuFourOptionFive</a> from screendriver.o(i.EnterMemuFourOptionFive) referenced 2 times from screenshow.o(.data)
 <LI><a href="#[37]">EnterMemuFourOptionFour</a> from screendriver.o(i.EnterMemuFourOptionFour) referenced 2 times from screenshow.o(.data)
 <LI><a href="#[34]">EnterMemuFourOptionOne</a> from screendriver.o(i.EnterMemuFourOptionOne) referenced 2 times from screenshow.o(.data)
 <LI><a href="#[36]">EnterMemuFourOptionThree</a> from screendriver.o(i.EnterMemuFourOptionThree) referenced 2 times from screenshow.o(.data)
 <LI><a href="#[35]">EnterMemuFourOptionTwo</a> from screendriver.o(i.EnterMemuFourOptionTwo) referenced 2 times from screenshow.o(.data)
 <LI><a href="#[10]">EnterMemuOneOptionEight</a> from screendriver.o(i.EnterMemuOneOptionEight) referenced 2 times from screenshow.o(.data)
 <LI><a href="#[d]">EnterMemuOneOptionFive</a> from screendriver.o(i.EnterMemuOneOptionFive) referenced 2 times from screenshow.o(.data)
 <LI><a href="#[c]">EnterMemuOneOptionFour</a> from screendriver.o(i.EnterMemuOneOptionFour) referenced 2 times from screenshow.o(.data)
 <LI><a href="#[9]">EnterMemuOneOptionOne</a> from screendriver.o(i.EnterMemuOneOptionOne) referenced 2 times from screenshow.o(.data)
 <LI><a href="#[f]">EnterMemuOneOptionSeven</a> from screendriver.o(i.EnterMemuOneOptionSeven) referenced 2 times from screenshow.o(.data)
 <LI><a href="#[e]">EnterMemuOneOptionSix</a> from screendriver.o(i.EnterMemuOneOptionSix) referenced 2 times from screenshow.o(.data)
 <LI><a href="#[b]">EnterMemuOneOptionThree</a> from screendriver.o(i.EnterMemuOneOptionThree) referenced 2 times from screenshow.o(.data)
 <LI><a href="#[a]">EnterMemuOneOptionTwo</a> from screendriver.o(i.EnterMemuOneOptionTwo) referenced 2 times from screenshow.o(.data)
 <LI><a href="#[44]">EnterMemuSixOptionFive</a> from screendriver.o(i.EnterMemuSixOptionFive) referenced 2 times from screenshow.o(.data)
 <LI><a href="#[43]">EnterMemuSixOptionFour</a> from screendriver.o(i.EnterMemuSixOptionFour) referenced 2 times from screenshow.o(.data)
 <LI><a href="#[40]">EnterMemuSixOptionOne</a> from screendriver.o(i.EnterMemuSixOptionOne) referenced 2 times from screenshow.o(.data)
 <LI><a href="#[45]">EnterMemuSixOptionSix</a> from screendriver.o(i.EnterMemuSixOptionSix) referenced 2 times from screenshow.o(.data)
 <LI><a href="#[42]">EnterMemuSixOptionThree</a> from screendriver.o(i.EnterMemuSixOptionThree) referenced 2 times from screenshow.o(.data)
 <LI><a href="#[41]">EnterMemuSixOptionTwo</a> from screendriver.o(i.EnterMemuSixOptionTwo) referenced 2 times from screenshow.o(.data)
 <LI><a href="#[24]">EnterMemuThreeOptionFour</a> from screendriver.o(i.EnterMemuThreeOptionFour) referenced 2 times from screenshow.o(.data)
 <LI><a href="#[21]">EnterMemuThreeOptionOne</a> from screendriver.o(i.EnterMemuThreeOptionOne) referenced 2 times from screenshow.o(.data)
 <LI><a href="#[23]">EnterMemuThreeOptionThree</a> from screendriver.o(i.EnterMemuThreeOptionThree) referenced 2 times from screenshow.o(.data)
 <LI><a href="#[22]">EnterMemuThreeOptionTwo</a> from screendriver.o(i.EnterMemuThreeOptionTwo) referenced 2 times from screenshow.o(.data)
 <LI><a href="#[1b]">EnterMemuTwoOptionFive</a> from screendriver.o(i.EnterMemuTwoOptionFive) referenced 2 times from screenshow.o(.data)
 <LI><a href="#[1a]">EnterMemuTwoOptionFour</a> from screendriver.o(i.EnterMemuTwoOptionFour) referenced 2 times from screenshow.o(.data)
 <LI><a href="#[17]">EnterMemuTwoOptionOne</a> from screendriver.o(i.EnterMemuTwoOptionOne) referenced 2 times from screenshow.o(.data)
 <LI><a href="#[19]">EnterMemuTwoOptionThree</a> from screendriver.o(i.EnterMemuTwoOptionThree) referenced 2 times from screenshow.o(.data)
 <LI><a href="#[18]">EnterMemuTwoOptionTwo</a> from screendriver.o(i.EnterMemuTwoOptionTwo) referenced 2 times from screenshow.o(.data)
 <LI><a href="#[54]">FLASH_IRQHandler</a> from startup_stm32f10x_hd.o(.text) referenced from startup_stm32f10x_hd.o(RESET)
 <LI><a href="#[80]">FSMC_IRQHandler</a> from startup_stm32f10x_hd.o(.text) referenced from startup_stm32f10x_hd.o(RESET)
 <LI><a href="#[48]">HardFault_Handler</a> from stm32f10x_it.o(i.HardFault_Handler) referenced from startup_stm32f10x_hd.o(RESET)
 <LI><a href="#[70]">I2C1_ER_IRQHandler</a> from startup_stm32f10x_hd.o(.text) referenced from startup_stm32f10x_hd.o(RESET)
 <LI><a href="#[6f]">I2C1_EV_IRQHandler</a> from startup_stm32f10x_hd.o(.text) referenced from startup_stm32f10x_hd.o(RESET)
 <LI><a href="#[72]">I2C2_ER_IRQHandler</a> from startup_stm32f10x_hd.o(.text) referenced from startup_stm32f10x_hd.o(RESET)
 <LI><a href="#[71]">I2C2_EV_IRQHandler</a> from startup_stm32f10x_hd.o(.text) referenced from startup_stm32f10x_hd.o(RESET)
 <LI><a href="#[49]">MemManage_Handler</a> from stm32f10x_it.o(i.MemManage_Handler) referenced from startup_stm32f10x_hd.o(RESET)
 <LI><a href="#[25]">MemuFive</a> from screendriver.o(i.MemuFive) referenced 2 times from screenshow.o(.data)
 <LI><a href="#[29]">MemuFiveOptionFour</a> from screendriver.o(i.MemuFiveOptionFour) referenced 2 times from screenshow.o(.data)
 <LI><a href="#[26]">MemuFiveOptionOne</a> from screendriver.o(i.MemuFiveOptionOne) referenced 2 times from screenshow.o(.data)
 <LI><a href="#[28]">MemuFiveOptionThree</a> from screendriver.o(i.MemuFiveOptionThree) referenced 2 times from screenshow.o(.data)
 <LI><a href="#[27]">MemuFiveOptionTwo</a> from screendriver.o(i.MemuFiveOptionTwo) referenced 2 times from screenshow.o(.data)
 <LI><a href="#[2e]">MemuFour</a> from screendriver.o(i.MemuFour) referenced 2 times from screenshow.o(.data)
 <LI><a href="#[33]">MemuFourOptionFive</a> from screendriver.o(i.MemuFourOptionFive) referenced 2 times from screenshow.o(.data)
 <LI><a href="#[32]">MemuFourOptionFour</a> from screendriver.o(i.MemuFourOptionFour) referenced 2 times from screenshow.o(.data)
 <LI><a href="#[2f]">MemuFourOptionOne</a> from screendriver.o(i.MemuFourOptionOne) referenced 2 times from screenshow.o(.data)
 <LI><a href="#[31]">MemuFourOptionThree</a> from screendriver.o(i.MemuFourOptionThree) referenced 2 times from screenshow.o(.data)
 <LI><a href="#[30]">MemuFourOptionTwo</a> from screendriver.o(i.MemuFourOptionTwo) referenced 2 times from screenshow.o(.data)
 <LI><a href="#[0]">MemuOne</a> from screendriver.o(i.MemuOne) referenced 2 times from screenshow.o(.data)
 <LI><a href="#[8]">MemuOneOptionEight</a> from screendriver.o(i.MemuOneOptionEight) referenced 2 times from screenshow.o(.data)
 <LI><a href="#[5]">MemuOneOptionFive</a> from screendriver.o(i.MemuOneOptionFive) referenced 2 times from screenshow.o(.data)
 <LI><a href="#[4]">MemuOneOptionFour</a> from screendriver.o(i.MemuOneOptionFour) referenced 2 times from screenshow.o(.data)
 <LI><a href="#[1]">MemuOneOptionOne</a> from screendriver.o(i.MemuOneOptionOne) referenced 2 times from screenshow.o(.data)
 <LI><a href="#[7]">MemuOneOptionSeven</a> from screendriver.o(i.MemuOneOptionSeven) referenced 2 times from screenshow.o(.data)
 <LI><a href="#[6]">MemuOneOptionSix</a> from screendriver.o(i.MemuOneOptionSix) referenced 2 times from screenshow.o(.data)
 <LI><a href="#[3]">MemuOneOptionThree</a> from screendriver.o(i.MemuOneOptionThree) referenced 2 times from screenshow.o(.data)
 <LI><a href="#[2]">MemuOneOptionTwo</a> from screendriver.o(i.MemuOneOptionTwo) referenced 2 times from screenshow.o(.data)
 <LI><a href="#[39]">MemuSix</a> from screendriver.o(i.MemuSix) referenced 2 times from screenshow.o(.data)
 <LI><a href="#[3e]">MemuSixOptionFive</a> from screendriver.o(i.MemuSixOptionFive) referenced 2 times from screenshow.o(.data)
 <LI><a href="#[3d]">MemuSixOptionFour</a> from screendriver.o(i.MemuSixOptionFour) referenced 2 times from screenshow.o(.data)
 <LI><a href="#[3a]">MemuSixOptionOne</a> from screendriver.o(i.MemuSixOptionOne) referenced 2 times from screenshow.o(.data)
 <LI><a href="#[3f]">MemuSixOptionSix</a> from screendriver.o(i.MemuSixOptionSix) referenced 2 times from screenshow.o(.data)
 <LI><a href="#[3c]">MemuSixOptionThree</a> from screendriver.o(i.MemuSixOptionThree) referenced 2 times from screenshow.o(.data)
 <LI><a href="#[3b]">MemuSixOptionTwo</a> from screendriver.o(i.MemuSixOptionTwo) referenced 2 times from screenshow.o(.data)
 <LI><a href="#[1c]">MemuThree</a> from screendriver.o(i.MemuThree) referenced 2 times from screenshow.o(.data)
 <LI><a href="#[20]">MemuThreeOptionFour</a> from screendriver.o(i.MemuThreeOptionFour) referenced 2 times from screenshow.o(.data)
 <LI><a href="#[1d]">MemuThreeOptionOne</a> from screendriver.o(i.MemuThreeOptionOne) referenced 2 times from screenshow.o(.data)
 <LI><a href="#[1f]">MemuThreeOptionThree</a> from screendriver.o(i.MemuThreeOptionThree) referenced 2 times from screenshow.o(.data)
 <LI><a href="#[1e]">MemuThreeOptionTwo</a> from screendriver.o(i.MemuThreeOptionTwo) referenced 2 times from screenshow.o(.data)
 <LI><a href="#[11]">MemuTwo</a> from screendriver.o(i.MemuTwo) referenced 2 times from screenshow.o(.data)
 <LI><a href="#[16]">MemuTwoOptionFive</a> from screendriver.o(i.MemuTwoOptionFive) referenced 2 times from screenshow.o(.data)
 <LI><a href="#[15]">MemuTwoOptionFour</a> from screendriver.o(i.MemuTwoOptionFour) referenced 2 times from screenshow.o(.data)
 <LI><a href="#[12]">MemuTwoOptionOne</a> from screendriver.o(i.MemuTwoOptionOne) referenced 2 times from screenshow.o(.data)
 <LI><a href="#[14]">MemuTwoOptionThree</a> from screendriver.o(i.MemuTwoOptionThree) referenced 2 times from screenshow.o(.data)
 <LI><a href="#[13]">MemuTwoOptionTwo</a> from screendriver.o(i.MemuTwoOptionTwo) referenced 2 times from screenshow.o(.data)
 <LI><a href="#[47]">NMI_Handler</a> from stm32f10x_it.o(i.NMI_Handler) referenced from startup_stm32f10x_hd.o(RESET)
 <LI><a href="#[90]">OSIntExit</a> from os_core.o(i.OSIntExit) referenced from os_cpu_a.o(.text)
 <LI><a href="#[8f]">OSTaskSwHook</a> from os_cpu_c.o(i.OSTaskSwHook) referenced from os_cpu_a.o(.text)
 <LI><a href="#[91]">OS_TaskIdle</a> from os_core.o(i.OS_TaskIdle) referenced from os_core.o(i.OS_InitTaskIdle)
 <LI><a href="#[92]">OS_TaskStat</a> from os_core.o(i.OS_TaskStat) referenced from os_core.o(i.OS_InitTaskStat)
 <LI><a href="#[51]">PVD_IRQHandler</a> from startup_stm32f10x_hd.o(.text) referenced from startup_stm32f10x_hd.o(RESET)
 <LI><a href="#[4e]">PendSV_Handler</a> from os_cpu_a.o(.text) referenced from startup_stm32f10x_hd.o(RESET)
 <LI><a href="#[55]">RCC_IRQHandler</a> from startup_stm32f10x_hd.o(.text) referenced from startup_stm32f10x_hd.o(RESET)
 <LI><a href="#[79]">RTCAlarm_IRQHandler</a> from startup_stm32f10x_hd.o(.text) referenced from startup_stm32f10x_hd.o(RESET)
 <LI><a href="#[53]">RTC_IRQHandler</a> from rtc.o(i.RTC_IRQHandler) referenced from startup_stm32f10x_hd.o(RESET)
 <LI><a href="#[46]">Reset_Handler</a> from startup_stm32f10x_hd.o(.text) referenced from startup_stm32f10x_hd.o(RESET)
 <LI><a href="#[81]">SDIO_IRQHandler</a> from startup_stm32f10x_hd.o(.text) referenced from startup_stm32f10x_hd.o(RESET)
 <LI><a href="#[73]">SPI1_IRQHandler</a> from startup_stm32f10x_hd.o(.text) referenced from startup_stm32f10x_hd.o(RESET)
 <LI><a href="#[74]">SPI2_IRQHandler</a> from startup_stm32f10x_hd.o(.text) referenced from startup_stm32f10x_hd.o(RESET)
 <LI><a href="#[83]">SPI3_IRQHandler</a> from startup_stm32f10x_hd.o(.text) referenced from startup_stm32f10x_hd.o(RESET)
 <LI><a href="#[4c]">SVC_Handler</a> from stm32f10x_it.o(i.SVC_Handler) referenced from startup_stm32f10x_hd.o(RESET)
 <LI><a href="#[4f]">SysTick_Handler</a> from systick.o(i.SysTick_Handler) referenced from startup_stm32f10x_hd.o(RESET)
 <LI><a href="#[8d]">SystemInit</a> from system_stm32f10x.o(i.SystemInit) referenced from startup_stm32f10x_hd.o(.text)
 <LI><a href="#[52]">TAMPER_IRQHandler</a> from startup_stm32f10x_hd.o(.text) referenced from startup_stm32f10x_hd.o(RESET)
 <LI><a href="#[68]">TIM1_BRK_IRQHandler</a> from startup_stm32f10x_hd.o(.text) referenced from startup_stm32f10x_hd.o(RESET)
 <LI><a href="#[6b]">TIM1_CC_IRQHandler</a> from startup_stm32f10x_hd.o(.text) referenced from startup_stm32f10x_hd.o(RESET)
 <LI><a href="#[6a]">TIM1_TRG_COM_IRQHandler</a> from startup_stm32f10x_hd.o(.text) referenced from startup_stm32f10x_hd.o(RESET)
 <LI><a href="#[69]">TIM1_UP_IRQHandler</a> from startup_stm32f10x_hd.o(.text) referenced from startup_stm32f10x_hd.o(RESET)
 <LI><a href="#[6c]">TIM2_IRQHandler</a> from rs485.o(i.TIM2_IRQHandler) referenced from startup_stm32f10x_hd.o(RESET)
 <LI><a href="#[6d]">TIM3_IRQHandler</a> from startup_stm32f10x_hd.o(.text) referenced from startup_stm32f10x_hd.o(RESET)
 <LI><a href="#[6e]">TIM4_IRQHandler</a> from rs485.o(i.TIM4_IRQHandler) referenced from startup_stm32f10x_hd.o(RESET)
 <LI><a href="#[82]">TIM5_IRQHandler</a> from startup_stm32f10x_hd.o(.text) referenced from startup_stm32f10x_hd.o(RESET)
 <LI><a href="#[86]">TIM6_IRQHandler</a> from startup_stm32f10x_hd.o(.text) referenced from startup_stm32f10x_hd.o(RESET)
 <LI><a href="#[87]">TIM7_IRQHandler</a> from startup_stm32f10x_hd.o(.text) referenced from startup_stm32f10x_hd.o(RESET)
 <LI><a href="#[7b]">TIM8_BRK_IRQHandler</a> from startup_stm32f10x_hd.o(.text) referenced from startup_stm32f10x_hd.o(RESET)
 <LI><a href="#[7e]">TIM8_CC_IRQHandler</a> from startup_stm32f10x_hd.o(.text) referenced from startup_stm32f10x_hd.o(RESET)
 <LI><a href="#[7d]">TIM8_TRG_COM_IRQHandler</a> from startup_stm32f10x_hd.o(.text) referenced from startup_stm32f10x_hd.o(RESET)
 <LI><a href="#[7c]">TIM8_UP_IRQHandler</a> from startup_stm32f10x_hd.o(.text) referenced from startup_stm32f10x_hd.o(RESET)
 <LI><a href="#[94]">TaskDog</a> from iwdg.o(i.TaskDog) referenced from main.o(i.TaskStart)
 <LI><a href="#[93]">TaskKeyControl</a> from screenshow.o(i.TaskKeyControl) referenced from main.o(i.TaskStart)
 <LI><a href="#[96]">TaskStart</a> from main.o(i.TaskStart) referenced from main.o(i.main)
 <LI><a href="#[84]">UART4_IRQHandler</a> from startup_stm32f10x_hd.o(.text) referenced from startup_stm32f10x_hd.o(RESET)
 <LI><a href="#[85]">UART5_IRQHandler</a> from startup_stm32f10x_hd.o(.text) referenced from startup_stm32f10x_hd.o(RESET)
 <LI><a href="#[75]">USART1_IRQHandler</a> from startup_stm32f10x_hd.o(.text) referenced from startup_stm32f10x_hd.o(RESET)
 <LI><a href="#[76]">USART2_IRQHandler</a> from rs485.o(i.USART2_IRQHandler) referenced from startup_stm32f10x_hd.o(RESET)
 <LI><a href="#[77]">USART3_IRQHandler</a> from startup_stm32f10x_hd.o(.text) referenced from startup_stm32f10x_hd.o(RESET)
 <LI><a href="#[7a]">USBWakeUp_IRQHandler</a> from startup_stm32f10x_hd.o(.text) referenced from startup_stm32f10x_hd.o(RESET)
 <LI><a href="#[63]">USB_HP_CAN1_TX_IRQHandler</a> from startup_stm32f10x_hd.o(.text) referenced from startup_stm32f10x_hd.o(RESET)
 <LI><a href="#[64]">USB_LP_CAN1_RX0_IRQHandler</a> from startup_stm32f10x_hd.o(.text) referenced from startup_stm32f10x_hd.o(RESET)
 <LI><a href="#[4b]">UsageFault_Handler</a> from stm32f10x_it.o(i.UsageFault_Handler) referenced from startup_stm32f10x_hd.o(RESET)
 <LI><a href="#[50]">WWDG_IRQHandler</a> from startup_stm32f10x_hd.o(.text) referenced from startup_stm32f10x_hd.o(RESET)
 <LI><a href="#[8e]">__main</a> from entry.o(.ARM.Collect$$$$00000000) referenced from startup_stm32f10x_hd.o(.text)
 <LI><a href="#[95]">fputc</a> from uart.o(i.fputc) referenced from printfa.o(i.__0printf)
 <LI><a href="#[8c]">main</a> from main.o(i.main) referenced from entry9a.o(.ARM.Collect$$$$0000000B)
</UL>
<P>
<H3>
Global Symbols
</H3>
<P><STRONG><a name="[8e]"></a>__main</STRONG> (Thumb, 0 bytes, Stack size unknown bytes, entry.o(.ARM.Collect$$$$00000000))
<BR>[Address Reference Count : 1]<UL><LI> startup_stm32f10x_hd.o(.text)
</UL>
<P><STRONG><a name="[1b5]"></a>_main_stk</STRONG> (Thumb, 0 bytes, Stack size unknown bytes, entry2.o(.ARM.Collect$$$$00000001))

<P><STRONG><a name="[97]"></a>_main_scatterload</STRONG> (Thumb, 0 bytes, Stack size unknown bytes, entry5.o(.ARM.Collect$$$$00000004))
<BR><BR>[Calls]<UL><LI><a href="#[98]">&gt;&gt;</a>&nbsp;&nbsp;&nbsp;__scatterload
</UL>

<P><STRONG><a name="[e3]"></a>__main_after_scatterload</STRONG> (Thumb, 0 bytes, Stack size unknown bytes, entry5.o(.ARM.Collect$$$$00000004))
<BR><BR>[Called By]<UL><LI><a href="#[98]">&gt;&gt;</a>&nbsp;&nbsp;&nbsp;__scatterload
</UL>

<P><STRONG><a name="[1b6]"></a>_main_clock</STRONG> (Thumb, 0 bytes, Stack size unknown bytes, entry7b.o(.ARM.Collect$$$$00000008))

<P><STRONG><a name="[1b7]"></a>_main_cpp_init</STRONG> (Thumb, 0 bytes, Stack size unknown bytes, entry8b.o(.ARM.Collect$$$$0000000A))

<P><STRONG><a name="[1b8]"></a>_main_init</STRONG> (Thumb, 0 bytes, Stack size unknown bytes, entry9a.o(.ARM.Collect$$$$0000000B))

<P><STRONG><a name="[1b9]"></a>__rt_lib_shutdown_fini</STRONG> (Thumb, 0 bytes, Stack size unknown bytes, entry12b.o(.ARM.Collect$$$$0000000E))

<P><STRONG><a name="[1ba]"></a>__rt_final_cpp</STRONG> (Thumb, 0 bytes, Stack size unknown bytes, entry10a.o(.ARM.Collect$$$$0000000F))

<P><STRONG><a name="[1bb]"></a>__rt_final_exit</STRONG> (Thumb, 0 bytes, Stack size unknown bytes, entry11a.o(.ARM.Collect$$$$00000011))

<P><STRONG><a name="[46]"></a>Reset_Handler</STRONG> (Thumb, 8 bytes, Stack size 0 bytes, startup_stm32f10x_hd.o(.text))
<BR>[Address Reference Count : 1]<UL><LI> startup_stm32f10x_hd.o(RESET)
</UL>
<P><STRONG><a name="[62]"></a>ADC1_2_IRQHandler</STRONG> (Thumb, 0 bytes, Stack size 0 bytes, startup_stm32f10x_hd.o(.text))
<BR><BR>[Calls]<UL><LI><a href="#[62]">&gt;&gt;</a>&nbsp;&nbsp;&nbsp;ADC1_2_IRQHandler
</UL>
<BR>[Called By]<UL><LI><a href="#[62]">&gt;&gt;</a>&nbsp;&nbsp;&nbsp;ADC1_2_IRQHandler
</UL>
<BR>[Address Reference Count : 1]<UL><LI> startup_stm32f10x_hd.o(RESET)
</UL>
<P><STRONG><a name="[7f]"></a>ADC3_IRQHandler</STRONG> (Thumb, 0 bytes, Stack size 0 bytes, startup_stm32f10x_hd.o(.text))
<BR>[Address Reference Count : 1]<UL><LI> startup_stm32f10x_hd.o(RESET)
</UL>
<P><STRONG><a name="[65]"></a>CAN1_RX1_IRQHandler</STRONG> (Thumb, 0 bytes, Stack size 0 bytes, startup_stm32f10x_hd.o(.text))
<BR>[Address Reference Count : 1]<UL><LI> startup_stm32f10x_hd.o(RESET)
</UL>
<P><STRONG><a name="[66]"></a>CAN1_SCE_IRQHandler</STRONG> (Thumb, 0 bytes, Stack size 0 bytes, startup_stm32f10x_hd.o(.text))
<BR>[Address Reference Count : 1]<UL><LI> startup_stm32f10x_hd.o(RESET)
</UL>
<P><STRONG><a name="[5b]"></a>DMA1_Channel1_IRQHandler</STRONG> (Thumb, 0 bytes, Stack size 0 bytes, startup_stm32f10x_hd.o(.text))
<BR>[Address Reference Count : 1]<UL><LI> startup_stm32f10x_hd.o(RESET)
</UL>
<P><STRONG><a name="[5c]"></a>DMA1_Channel2_IRQHandler</STRONG> (Thumb, 0 bytes, Stack size 0 bytes, startup_stm32f10x_hd.o(.text))
<BR>[Address Reference Count : 1]<UL><LI> startup_stm32f10x_hd.o(RESET)
</UL>
<P><STRONG><a name="[5d]"></a>DMA1_Channel3_IRQHandler</STRONG> (Thumb, 0 bytes, Stack size 0 bytes, startup_stm32f10x_hd.o(.text))
<BR>[Address Reference Count : 1]<UL><LI> startup_stm32f10x_hd.o(RESET)
</UL>
<P><STRONG><a name="[5e]"></a>DMA1_Channel4_IRQHandler</STRONG> (Thumb, 0 bytes, Stack size 0 bytes, startup_stm32f10x_hd.o(.text))
<BR>[Address Reference Count : 1]<UL><LI> startup_stm32f10x_hd.o(RESET)
</UL>
<P><STRONG><a name="[5f]"></a>DMA1_Channel5_IRQHandler</STRONG> (Thumb, 0 bytes, Stack size 0 bytes, startup_stm32f10x_hd.o(.text))
<BR>[Address Reference Count : 1]<UL><LI> startup_stm32f10x_hd.o(RESET)
</UL>
<P><STRONG><a name="[60]"></a>DMA1_Channel6_IRQHandler</STRONG> (Thumb, 0 bytes, Stack size 0 bytes, startup_stm32f10x_hd.o(.text))
<BR>[Address Reference Count : 1]<UL><LI> startup_stm32f10x_hd.o(RESET)
</UL>
<P><STRONG><a name="[61]"></a>DMA1_Channel7_IRQHandler</STRONG> (Thumb, 0 bytes, Stack size 0 bytes, startup_stm32f10x_hd.o(.text))
<BR>[Address Reference Count : 1]<UL><LI> startup_stm32f10x_hd.o(RESET)
</UL>
<P><STRONG><a name="[88]"></a>DMA2_Channel1_IRQHandler</STRONG> (Thumb, 0 bytes, Stack size 0 bytes, startup_stm32f10x_hd.o(.text))
<BR>[Address Reference Count : 1]<UL><LI> startup_stm32f10x_hd.o(RESET)
</UL>
<P><STRONG><a name="[89]"></a>DMA2_Channel2_IRQHandler</STRONG> (Thumb, 0 bytes, Stack size 0 bytes, startup_stm32f10x_hd.o(.text))
<BR>[Address Reference Count : 1]<UL><LI> startup_stm32f10x_hd.o(RESET)
</UL>
<P><STRONG><a name="[8a]"></a>DMA2_Channel3_IRQHandler</STRONG> (Thumb, 0 bytes, Stack size 0 bytes, startup_stm32f10x_hd.o(.text))
<BR>[Address Reference Count : 1]<UL><LI> startup_stm32f10x_hd.o(RESET)
</UL>
<P><STRONG><a name="[8b]"></a>DMA2_Channel4_5_IRQHandler</STRONG> (Thumb, 0 bytes, Stack size 0 bytes, startup_stm32f10x_hd.o(.text))
<BR>[Address Reference Count : 1]<UL><LI> startup_stm32f10x_hd.o(RESET)
</UL>
<P><STRONG><a name="[56]"></a>EXTI0_IRQHandler</STRONG> (Thumb, 0 bytes, Stack size 0 bytes, startup_stm32f10x_hd.o(.text))
<BR>[Address Reference Count : 1]<UL><LI> startup_stm32f10x_hd.o(RESET)
</UL>
<P><STRONG><a name="[78]"></a>EXTI15_10_IRQHandler</STRONG> (Thumb, 0 bytes, Stack size 0 bytes, startup_stm32f10x_hd.o(.text))
<BR>[Address Reference Count : 1]<UL><LI> startup_stm32f10x_hd.o(RESET)
</UL>
<P><STRONG><a name="[57]"></a>EXTI1_IRQHandler</STRONG> (Thumb, 0 bytes, Stack size 0 bytes, startup_stm32f10x_hd.o(.text))
<BR>[Address Reference Count : 1]<UL><LI> startup_stm32f10x_hd.o(RESET)
</UL>
<P><STRONG><a name="[58]"></a>EXTI2_IRQHandler</STRONG> (Thumb, 0 bytes, Stack size 0 bytes, startup_stm32f10x_hd.o(.text))
<BR>[Address Reference Count : 1]<UL><LI> startup_stm32f10x_hd.o(RESET)
</UL>
<P><STRONG><a name="[59]"></a>EXTI3_IRQHandler</STRONG> (Thumb, 0 bytes, Stack size 0 bytes, startup_stm32f10x_hd.o(.text))
<BR>[Address Reference Count : 1]<UL><LI> startup_stm32f10x_hd.o(RESET)
</UL>
<P><STRONG><a name="[5a]"></a>EXTI4_IRQHandler</STRONG> (Thumb, 0 bytes, Stack size 0 bytes, startup_stm32f10x_hd.o(.text))
<BR>[Address Reference Count : 1]<UL><LI> startup_stm32f10x_hd.o(RESET)
</UL>
<P><STRONG><a name="[54]"></a>FLASH_IRQHandler</STRONG> (Thumb, 0 bytes, Stack size 0 bytes, startup_stm32f10x_hd.o(.text))
<BR>[Address Reference Count : 1]<UL><LI> startup_stm32f10x_hd.o(RESET)
</UL>
<P><STRONG><a name="[80]"></a>FSMC_IRQHandler</STRONG> (Thumb, 0 bytes, Stack size 0 bytes, startup_stm32f10x_hd.o(.text))
<BR>[Address Reference Count : 1]<UL><LI> startup_stm32f10x_hd.o(RESET)
</UL>
<P><STRONG><a name="[70]"></a>I2C1_ER_IRQHandler</STRONG> (Thumb, 0 bytes, Stack size 0 bytes, startup_stm32f10x_hd.o(.text))
<BR>[Address Reference Count : 1]<UL><LI> startup_stm32f10x_hd.o(RESET)
</UL>
<P><STRONG><a name="[6f]"></a>I2C1_EV_IRQHandler</STRONG> (Thumb, 0 bytes, Stack size 0 bytes, startup_stm32f10x_hd.o(.text))
<BR>[Address Reference Count : 1]<UL><LI> startup_stm32f10x_hd.o(RESET)
</UL>
<P><STRONG><a name="[72]"></a>I2C2_ER_IRQHandler</STRONG> (Thumb, 0 bytes, Stack size 0 bytes, startup_stm32f10x_hd.o(.text))
<BR>[Address Reference Count : 1]<UL><LI> startup_stm32f10x_hd.o(RESET)
</UL>
<P><STRONG><a name="[71]"></a>I2C2_EV_IRQHandler</STRONG> (Thumb, 0 bytes, Stack size 0 bytes, startup_stm32f10x_hd.o(.text))
<BR>[Address Reference Count : 1]<UL><LI> startup_stm32f10x_hd.o(RESET)
</UL>
<P><STRONG><a name="[51]"></a>PVD_IRQHandler</STRONG> (Thumb, 0 bytes, Stack size 0 bytes, startup_stm32f10x_hd.o(.text))
<BR>[Address Reference Count : 1]<UL><LI> startup_stm32f10x_hd.o(RESET)
</UL>
<P><STRONG><a name="[55]"></a>RCC_IRQHandler</STRONG> (Thumb, 0 bytes, Stack size 0 bytes, startup_stm32f10x_hd.o(.text))
<BR>[Address Reference Count : 1]<UL><LI> startup_stm32f10x_hd.o(RESET)
</UL>
<P><STRONG><a name="[79]"></a>RTCAlarm_IRQHandler</STRONG> (Thumb, 0 bytes, Stack size 0 bytes, startup_stm32f10x_hd.o(.text))
<BR>[Address Reference Count : 1]<UL><LI> startup_stm32f10x_hd.o(RESET)
</UL>
<P><STRONG><a name="[81]"></a>SDIO_IRQHandler</STRONG> (Thumb, 0 bytes, Stack size 0 bytes, startup_stm32f10x_hd.o(.text))
<BR>[Address Reference Count : 1]<UL><LI> startup_stm32f10x_hd.o(RESET)
</UL>
<P><STRONG><a name="[73]"></a>SPI1_IRQHandler</STRONG> (Thumb, 0 bytes, Stack size 0 bytes, startup_stm32f10x_hd.o(.text))
<BR>[Address Reference Count : 1]<UL><LI> startup_stm32f10x_hd.o(RESET)
</UL>
<P><STRONG><a name="[74]"></a>SPI2_IRQHandler</STRONG> (Thumb, 0 bytes, Stack size 0 bytes, startup_stm32f10x_hd.o(.text))
<BR>[Address Reference Count : 1]<UL><LI> startup_stm32f10x_hd.o(RESET)
</UL>
<P><STRONG><a name="[83]"></a>SPI3_IRQHandler</STRONG> (Thumb, 0 bytes, Stack size 0 bytes, startup_stm32f10x_hd.o(.text))
<BR>[Address Reference Count : 1]<UL><LI> startup_stm32f10x_hd.o(RESET)
</UL>
<P><STRONG><a name="[52]"></a>TAMPER_IRQHandler</STRONG> (Thumb, 0 bytes, Stack size 0 bytes, startup_stm32f10x_hd.o(.text))
<BR>[Address Reference Count : 1]<UL><LI> startup_stm32f10x_hd.o(RESET)
</UL>
<P><STRONG><a name="[68]"></a>TIM1_BRK_IRQHandler</STRONG> (Thumb, 0 bytes, Stack size 0 bytes, startup_stm32f10x_hd.o(.text))
<BR>[Address Reference Count : 1]<UL><LI> startup_stm32f10x_hd.o(RESET)
</UL>
<P><STRONG><a name="[6b]"></a>TIM1_CC_IRQHandler</STRONG> (Thumb, 0 bytes, Stack size 0 bytes, startup_stm32f10x_hd.o(.text))
<BR>[Address Reference Count : 1]<UL><LI> startup_stm32f10x_hd.o(RESET)
</UL>
<P><STRONG><a name="[6a]"></a>TIM1_TRG_COM_IRQHandler</STRONG> (Thumb, 0 bytes, Stack size 0 bytes, startup_stm32f10x_hd.o(.text))
<BR>[Address Reference Count : 1]<UL><LI> startup_stm32f10x_hd.o(RESET)
</UL>
<P><STRONG><a name="[69]"></a>TIM1_UP_IRQHandler</STRONG> (Thumb, 0 bytes, Stack size 0 bytes, startup_stm32f10x_hd.o(.text))
<BR>[Address Reference Count : 1]<UL><LI> startup_stm32f10x_hd.o(RESET)
</UL>
<P><STRONG><a name="[6d]"></a>TIM3_IRQHandler</STRONG> (Thumb, 0 bytes, Stack size 0 bytes, startup_stm32f10x_hd.o(.text))
<BR>[Address Reference Count : 1]<UL><LI> startup_stm32f10x_hd.o(RESET)
</UL>
<P><STRONG><a name="[82]"></a>TIM5_IRQHandler</STRONG> (Thumb, 0 bytes, Stack size 0 bytes, startup_stm32f10x_hd.o(.text))
<BR>[Address Reference Count : 1]<UL><LI> startup_stm32f10x_hd.o(RESET)
</UL>
<P><STRONG><a name="[86]"></a>TIM6_IRQHandler</STRONG> (Thumb, 0 bytes, Stack size 0 bytes, startup_stm32f10x_hd.o(.text))
<BR>[Address Reference Count : 1]<UL><LI> startup_stm32f10x_hd.o(RESET)
</UL>
<P><STRONG><a name="[87]"></a>TIM7_IRQHandler</STRONG> (Thumb, 0 bytes, Stack size 0 bytes, startup_stm32f10x_hd.o(.text))
<BR>[Address Reference Count : 1]<UL><LI> startup_stm32f10x_hd.o(RESET)
</UL>
<P><STRONG><a name="[7b]"></a>TIM8_BRK_IRQHandler</STRONG> (Thumb, 0 bytes, Stack size 0 bytes, startup_stm32f10x_hd.o(.text))
<BR>[Address Reference Count : 1]<UL><LI> startup_stm32f10x_hd.o(RESET)
</UL>
<P><STRONG><a name="[7e]"></a>TIM8_CC_IRQHandler</STRONG> (Thumb, 0 bytes, Stack size 0 bytes, startup_stm32f10x_hd.o(.text))
<BR>[Address Reference Count : 1]<UL><LI> startup_stm32f10x_hd.o(RESET)
</UL>
<P><STRONG><a name="[7d]"></a>TIM8_TRG_COM_IRQHandler</STRONG> (Thumb, 0 bytes, Stack size 0 bytes, startup_stm32f10x_hd.o(.text))
<BR>[Address Reference Count : 1]<UL><LI> startup_stm32f10x_hd.o(RESET)
</UL>
<P><STRONG><a name="[7c]"></a>TIM8_UP_IRQHandler</STRONG> (Thumb, 0 bytes, Stack size 0 bytes, startup_stm32f10x_hd.o(.text))
<BR>[Address Reference Count : 1]<UL><LI> startup_stm32f10x_hd.o(RESET)
</UL>
<P><STRONG><a name="[84]"></a>UART4_IRQHandler</STRONG> (Thumb, 0 bytes, Stack size 0 bytes, startup_stm32f10x_hd.o(.text))
<BR>[Address Reference Count : 1]<UL><LI> startup_stm32f10x_hd.o(RESET)
</UL>
<P><STRONG><a name="[85]"></a>UART5_IRQHandler</STRONG> (Thumb, 0 bytes, Stack size 0 bytes, startup_stm32f10x_hd.o(.text))
<BR>[Address Reference Count : 1]<UL><LI> startup_stm32f10x_hd.o(RESET)
</UL>
<P><STRONG><a name="[75]"></a>USART1_IRQHandler</STRONG> (Thumb, 0 bytes, Stack size 0 bytes, startup_stm32f10x_hd.o(.text))
<BR>[Address Reference Count : 1]<UL><LI> startup_stm32f10x_hd.o(RESET)
</UL>
<P><STRONG><a name="[77]"></a>USART3_IRQHandler</STRONG> (Thumb, 0 bytes, Stack size 0 bytes, startup_stm32f10x_hd.o(.text))
<BR>[Address Reference Count : 1]<UL><LI> startup_stm32f10x_hd.o(RESET)
</UL>
<P><STRONG><a name="[7a]"></a>USBWakeUp_IRQHandler</STRONG> (Thumb, 0 bytes, Stack size 0 bytes, startup_stm32f10x_hd.o(.text))
<BR>[Address Reference Count : 1]<UL><LI> startup_stm32f10x_hd.o(RESET)
</UL>
<P><STRONG><a name="[63]"></a>USB_HP_CAN1_TX_IRQHandler</STRONG> (Thumb, 0 bytes, Stack size 0 bytes, startup_stm32f10x_hd.o(.text))
<BR>[Address Reference Count : 1]<UL><LI> startup_stm32f10x_hd.o(RESET)
</UL>
<P><STRONG><a name="[64]"></a>USB_LP_CAN1_RX0_IRQHandler</STRONG> (Thumb, 0 bytes, Stack size 0 bytes, startup_stm32f10x_hd.o(.text))
<BR>[Address Reference Count : 1]<UL><LI> startup_stm32f10x_hd.o(RESET)
</UL>
<P><STRONG><a name="[50]"></a>WWDG_IRQHandler</STRONG> (Thumb, 0 bytes, Stack size 0 bytes, startup_stm32f10x_hd.o(.text))
<BR>[Address Reference Count : 1]<UL><LI> startup_stm32f10x_hd.o(RESET)
</UL>
<P><STRONG><a name="[122]"></a>CPU_IntDis</STRONG> (Thumb, 0 bytes, Stack size unknown bytes, cpu_a.o(.text))
<BR><BR>[Called By]<UL><LI><a href="#[121]">&gt;&gt;</a>&nbsp;&nbsp;&nbsp;InitTarget
<LI><a href="#[1a5]">&gt;&gt;</a>&nbsp;&nbsp;&nbsp;UART1Write
</UL>

<P><STRONG><a name="[134]"></a>CPU_IntEn</STRONG> (Thumb, 0 bytes, Stack size unknown bytes, cpu_a.o(.text))
<BR><BR>[Called By]<UL><LI><a href="#[121]">&gt;&gt;</a>&nbsp;&nbsp;&nbsp;InitTarget
<LI><a href="#[1a5]">&gt;&gt;</a>&nbsp;&nbsp;&nbsp;UART1Write
</UL>

<P><STRONG><a name="[1bc]"></a>CPU_SR_Save</STRONG> (Thumb, 0 bytes, Stack size unknown bytes, cpu_a.o(.text), UNUSED)

<P><STRONG><a name="[1bd]"></a>CPU_SR_Restore</STRONG> (Thumb, 0 bytes, Stack size unknown bytes, cpu_a.o(.text), UNUSED)

<P><STRONG><a name="[15a]"></a>OS_CPU_SR_Save</STRONG> (Thumb, 0 bytes, Stack size unknown bytes, os_cpu_a.o(.text))
<BR><BR>[Called By]<UL><LI><a href="#[13a]">&gt;&gt;</a>&nbsp;&nbsp;&nbsp;OSTimeDly
<LI><a href="#[160]">&gt;&gt;</a>&nbsp;&nbsp;&nbsp;OSTaskCreateExt
<LI><a href="#[16a]">&gt;&gt;</a>&nbsp;&nbsp;&nbsp;OSTaskSuspend
<LI><a href="#[168]">&gt;&gt;</a>&nbsp;&nbsp;&nbsp;OSTaskResume
<LI><a href="#[169]">&gt;&gt;</a>&nbsp;&nbsp;&nbsp;OSTaskStkChk
<LI><a href="#[165]">&gt;&gt;</a>&nbsp;&nbsp;&nbsp;OSTaskNameSet
<LI><a href="#[92]">&gt;&gt;</a>&nbsp;&nbsp;&nbsp;OS_TaskStat
<LI><a href="#[91]">&gt;&gt;</a>&nbsp;&nbsp;&nbsp;OS_TaskIdle
<LI><a href="#[163]">&gt;&gt;</a>&nbsp;&nbsp;&nbsp;OS_TCBInit
<LI><a href="#[164]">&gt;&gt;</a>&nbsp;&nbsp;&nbsp;OS_Sched
<LI><a href="#[16b]">&gt;&gt;</a>&nbsp;&nbsp;&nbsp;OSTimeTick
<LI><a href="#[90]">&gt;&gt;</a>&nbsp;&nbsp;&nbsp;OSIntExit
</UL>

<P><STRONG><a name="[15d]"></a>OS_CPU_SR_Restore</STRONG> (Thumb, 0 bytes, Stack size unknown bytes, os_cpu_a.o(.text))
<BR><BR>[Called By]<UL><LI><a href="#[13a]">&gt;&gt;</a>&nbsp;&nbsp;&nbsp;OSTimeDly
<LI><a href="#[160]">&gt;&gt;</a>&nbsp;&nbsp;&nbsp;OSTaskCreateExt
<LI><a href="#[16a]">&gt;&gt;</a>&nbsp;&nbsp;&nbsp;OSTaskSuspend
<LI><a href="#[168]">&gt;&gt;</a>&nbsp;&nbsp;&nbsp;OSTaskResume
<LI><a href="#[169]">&gt;&gt;</a>&nbsp;&nbsp;&nbsp;OSTaskStkChk
<LI><a href="#[165]">&gt;&gt;</a>&nbsp;&nbsp;&nbsp;OSTaskNameSet
<LI><a href="#[92]">&gt;&gt;</a>&nbsp;&nbsp;&nbsp;OS_TaskStat
<LI><a href="#[91]">&gt;&gt;</a>&nbsp;&nbsp;&nbsp;OS_TaskIdle
<LI><a href="#[163]">&gt;&gt;</a>&nbsp;&nbsp;&nbsp;OS_TCBInit
<LI><a href="#[164]">&gt;&gt;</a>&nbsp;&nbsp;&nbsp;OS_Sched
<LI><a href="#[16b]">&gt;&gt;</a>&nbsp;&nbsp;&nbsp;OSTimeTick
<LI><a href="#[90]">&gt;&gt;</a>&nbsp;&nbsp;&nbsp;OSIntExit
</UL>

<P><STRONG><a name="[15f]"></a>OSStartHighRdy</STRONG> (Thumb, 0 bytes, Stack size unknown bytes, os_cpu_a.o(.text))
<BR><BR>[Called By]<UL><LI><a href="#[15e]">&gt;&gt;</a>&nbsp;&nbsp;&nbsp;OSStart
</UL>

<P><STRONG><a name="[16e]"></a>OSCtxSw</STRONG> (Thumb, 0 bytes, Stack size unknown bytes, os_cpu_a.o(.text))
<BR><BR>[Called By]<UL><LI><a href="#[164]">&gt;&gt;</a>&nbsp;&nbsp;&nbsp;OS_Sched
</UL>

<P><STRONG><a name="[15c]"></a>OSIntCtxSw</STRONG> (Thumb, 0 bytes, Stack size unknown bytes, os_cpu_a.o(.text))
<BR><BR>[Called By]<UL><LI><a href="#[90]">&gt;&gt;</a>&nbsp;&nbsp;&nbsp;OSIntExit
</UL>

<P><STRONG><a name="[4e]"></a>PendSV_Handler</STRONG> (Thumb, 0 bytes, Stack size unknown bytes, os_cpu_a.o(.text))
<BR>[Address Reference Count : 1]<UL><LI> startup_stm32f10x_hd.o(RESET)
</UL>
<P><STRONG><a name="[101]"></a>CH374GetVer</STRONG> (Thumb, 4 bytes, Stack size 0 bytes, CH374MAI.O(.text))
<BR><BR>[Called By]<UL><LI><a href="#[100]">&gt;&gt;</a>&nbsp;&nbsp;&nbsp;CH374LibInit
</UL>

<P><STRONG><a name="[bc]"></a>CH374s01</STRONG> (Thumb, 22 bytes, Stack size 0 bytes, CH374MAI.O(.text), UNUSED)
<BR><BR>[Called By]<UL><LI><a href="#[bb]">&gt;&gt;</a>&nbsp;&nbsp;&nbsp;CH374s08
</UL>

<P><STRONG><a name="[99]"></a>CH374DelaymS</STRONG> (Thumb, 66 bytes, Stack size 16 bytes, CH374MAI.O(.text), UNUSED)
<BR><BR>[Calls]<UL><LI><a href="#[9a]">&gt;&gt;</a>&nbsp;&nbsp;&nbsp;CH374_READ_REGISTER
</UL>
<BR>[Called By]<UL><LI><a href="#[cb]">&gt;&gt;</a>&nbsp;&nbsp;&nbsp;CH374DiskReady
<LI><a href="#[ba]">&gt;&gt;</a>&nbsp;&nbsp;&nbsp;CH374s22
<LI><a href="#[b8]">&gt;&gt;</a>&nbsp;&nbsp;&nbsp;CH374s25
<LI><a href="#[af]">&gt;&gt;</a>&nbsp;&nbsp;&nbsp;CH374s13
<LI><a href="#[ab]">&gt;&gt;</a>&nbsp;&nbsp;&nbsp;CH374s21
<LI><a href="#[a0]">&gt;&gt;</a>&nbsp;&nbsp;&nbsp;CH374CtrlTransfer
<LI><a href="#[b9]">&gt;&gt;</a>&nbsp;&nbsp;&nbsp;CH374s26
</UL>

<P><STRONG><a name="[9d]"></a>CH374EmbHubAttach</STRONG> (Thumb, 66 bytes, Stack size 8 bytes, CH374MAI.O(.text), UNUSED)
<BR><BR>[Calls]<UL><LI><a href="#[9a]">&gt;&gt;</a>&nbsp;&nbsp;&nbsp;CH374_READ_REGISTER
</UL>
<BR>[Called By]<UL><LI><a href="#[a3]">&gt;&gt;</a>&nbsp;&nbsp;&nbsp;CH374DiskConnect
<LI><a href="#[ba]">&gt;&gt;</a>&nbsp;&nbsp;&nbsp;CH374s22
<LI><a href="#[af]">&gt;&gt;</a>&nbsp;&nbsp;&nbsp;CH374s13
<LI><a href="#[9e]">&gt;&gt;</a>&nbsp;&nbsp;&nbsp;CH374HostTransact
</UL>

<P><STRONG><a name="[9e]"></a>CH374HostTransact</STRONG> (Thumb, 310 bytes, Stack size 24 bytes, CH374MAI.O(.text), UNUSED)
<BR><BR>[Calls]<UL><LI><a href="#[9f]">&gt;&gt;</a>&nbsp;&nbsp;&nbsp;xQueryInterrupt
<LI><a href="#[9c]">&gt;&gt;</a>&nbsp;&nbsp;&nbsp;CH374_WRITE_REGISTER
<LI><a href="#[9a]">&gt;&gt;</a>&nbsp;&nbsp;&nbsp;CH374_READ_REGISTER
<LI><a href="#[9d]">&gt;&gt;</a>&nbsp;&nbsp;&nbsp;CH374EmbHubAttach
</UL>
<BR>[Called By]<UL><LI><a href="#[b5]">&gt;&gt;</a>&nbsp;&nbsp;&nbsp;CH374s07
<LI><a href="#[b2]">&gt;&gt;</a>&nbsp;&nbsp;&nbsp;CH374s06
<LI><a href="#[b1]">&gt;&gt;</a>&nbsp;&nbsp;&nbsp;CH374s18
<LI><a href="#[ad]">&gt;&gt;</a>&nbsp;&nbsp;&nbsp;CH374BulkOnlyCmd
<LI><a href="#[a0]">&gt;&gt;</a>&nbsp;&nbsp;&nbsp;CH374CtrlTransfer
</UL>

<P><STRONG><a name="[a1]"></a>CH374DirtyBuffer</STRONG> (Thumb, 18 bytes, Stack size 0 bytes, CH374MAI.O(.text), UNUSED)
<BR><BR>[Called By]<UL><LI><a href="#[c8]">&gt;&gt;</a>&nbsp;&nbsp;&nbsp;CH374FileCreate
<LI><a href="#[bb]">&gt;&gt;</a>&nbsp;&nbsp;&nbsp;CH374s08
<LI><a href="#[b5]">&gt;&gt;</a>&nbsp;&nbsp;&nbsp;CH374s07
<LI><a href="#[b2]">&gt;&gt;</a>&nbsp;&nbsp;&nbsp;CH374s06
<LI><a href="#[ad]">&gt;&gt;</a>&nbsp;&nbsp;&nbsp;CH374BulkOnlyCmd
<LI><a href="#[a0]">&gt;&gt;</a>&nbsp;&nbsp;&nbsp;CH374CtrlTransfer
</UL>

<P><STRONG><a name="[a0]"></a>CH374CtrlTransfer</STRONG> (Thumb, 236 bytes, Stack size 24 bytes, CH374MAI.O(.text), UNUSED)
<BR><BR>[Calls]<UL><LI><a href="#[99]">&gt;&gt;</a>&nbsp;&nbsp;&nbsp;CH374DelaymS
<LI><a href="#[9c]">&gt;&gt;</a>&nbsp;&nbsp;&nbsp;CH374_WRITE_REGISTER
<LI><a href="#[9a]">&gt;&gt;</a>&nbsp;&nbsp;&nbsp;CH374_READ_REGISTER
<LI><a href="#[a2]">&gt;&gt;</a>&nbsp;&nbsp;&nbsp;CH374_READ_BLOCK
<LI><a href="#[a1]">&gt;&gt;</a>&nbsp;&nbsp;&nbsp;CH374DirtyBuffer
<LI><a href="#[9e]">&gt;&gt;</a>&nbsp;&nbsp;&nbsp;CH374HostTransact
</UL>
<BR>[Called By]<UL><LI><a href="#[a3]">&gt;&gt;</a>&nbsp;&nbsp;&nbsp;CH374DiskConnect
<LI><a href="#[ba]">&gt;&gt;</a>&nbsp;&nbsp;&nbsp;CH374s22
<LI><a href="#[ab]">&gt;&gt;</a>&nbsp;&nbsp;&nbsp;CH374s21
<LI><a href="#[a9]">&gt;&gt;</a>&nbsp;&nbsp;&nbsp;CH374s23
<LI><a href="#[a4]">&gt;&gt;</a>&nbsp;&nbsp;&nbsp;CH374s30
</UL>

<P><STRONG><a name="[a3]"></a>CH374DiskConnect</STRONG> (Thumb, 270 bytes, Stack size 16 bytes, CH374MAI.O(.text), UNUSED)
<BR><BR>[Calls]<UL><LI><a href="#[9c]">&gt;&gt;</a>&nbsp;&nbsp;&nbsp;CH374_WRITE_REGISTER
<LI><a href="#[9a]">&gt;&gt;</a>&nbsp;&nbsp;&nbsp;CH374_READ_REGISTER
<LI><a href="#[a0]">&gt;&gt;</a>&nbsp;&nbsp;&nbsp;CH374CtrlTransfer
<LI><a href="#[9d]">&gt;&gt;</a>&nbsp;&nbsp;&nbsp;CH374EmbHubAttach
<LI><a href="#[a4]">&gt;&gt;</a>&nbsp;&nbsp;&nbsp;CH374s30
<LI><a href="#[a5]">&gt;&gt;</a>&nbsp;&nbsp;&nbsp;CH374s31
<LI><a href="#[9b]">&gt;&gt;</a>&nbsp;&nbsp;&nbsp;CH374s29
</UL>
<BR>[Called By]<UL><LI><a href="#[cb]">&gt;&gt;</a>&nbsp;&nbsp;&nbsp;CH374DiskReady
<LI><a href="#[ba]">&gt;&gt;</a>&nbsp;&nbsp;&nbsp;CH374s22
<LI><a href="#[ab]">&gt;&gt;</a>&nbsp;&nbsp;&nbsp;CH374s21
<LI><a href="#[a6]">&gt;&gt;</a>&nbsp;&nbsp;&nbsp;CH374s05
</UL>

<P><STRONG><a name="[a6]"></a>CH374s05</STRONG> (Thumb, 38 bytes, Stack size 8 bytes, CH374MAI.O(.text), UNUSED)
<BR><BR>[Calls]<UL><LI><a href="#[a3]">&gt;&gt;</a>&nbsp;&nbsp;&nbsp;CH374DiskConnect
</UL>
<BR>[Called By]<UL><LI><a href="#[c3]">&gt;&gt;</a>&nbsp;&nbsp;&nbsp;CH374FileOpen
<LI><a href="#[c8]">&gt;&gt;</a>&nbsp;&nbsp;&nbsp;CH374FileCreate
<LI><a href="#[c6]">&gt;&gt;</a>&nbsp;&nbsp;&nbsp;CH374FileClose
<LI><a href="#[c7]">&gt;&gt;</a>&nbsp;&nbsp;&nbsp;CH374FileErase
<LI><a href="#[bb]">&gt;&gt;</a>&nbsp;&nbsp;&nbsp;CH374s08
<LI><a href="#[ba]">&gt;&gt;</a>&nbsp;&nbsp;&nbsp;CH374s22
</UL>

<P><STRONG><a name="[a7]"></a>CH374Init</STRONG> (Thumb, 132 bytes, Stack size 16 bytes, CH374MAI.O(.text))
<BR><BR>[Stack]<UL><LI>Max Depth = 64<LI>Call Chain = CH374Init &rArr; CH374s29 &rArr; CH374_WRITE_REGISTER &rArr; Spi374Start &rArr; SPI3_TransByte
</UL>
<BR>[Calls]<UL><LI><a href="#[9c]">&gt;&gt;</a>&nbsp;&nbsp;&nbsp;CH374_WRITE_REGISTER
<LI><a href="#[9a]">&gt;&gt;</a>&nbsp;&nbsp;&nbsp;CH374_READ_REGISTER
<LI><a href="#[9b]">&gt;&gt;</a>&nbsp;&nbsp;&nbsp;CH374s29
</UL>
<BR>[Called By]<UL><LI><a href="#[100]">&gt;&gt;</a>&nbsp;&nbsp;&nbsp;CH374LibInit
</UL>

<P><STRONG><a name="[a8]"></a>CH374EmbHubEnable</STRONG> (Thumb, 64 bytes, Stack size 8 bytes, CH374MAI.O(.text), UNUSED)
<BR><BR>[Calls]<UL><LI><a href="#[9c]">&gt;&gt;</a>&nbsp;&nbsp;&nbsp;CH374_WRITE_REGISTER
<LI><a href="#[9a]">&gt;&gt;</a>&nbsp;&nbsp;&nbsp;CH374_READ_REGISTER
</UL>
<BR>[Called By]<UL><LI><a href="#[ba]">&gt;&gt;</a>&nbsp;&nbsp;&nbsp;CH374s22
</UL>

<P><STRONG><a name="[a9]"></a>CH374s23</STRONG> (Thumb, 76 bytes, Stack size 8 bytes, CH374MAI.O(.text), UNUSED)
<BR><BR>[Calls]<UL><LI><a href="#[9c]">&gt;&gt;</a>&nbsp;&nbsp;&nbsp;CH374_WRITE_REGISTER
<LI><a href="#[aa]">&gt;&gt;</a>&nbsp;&nbsp;&nbsp;CH374_WRITE_BLOCK_C
<LI><a href="#[a0]">&gt;&gt;</a>&nbsp;&nbsp;&nbsp;CH374CtrlTransfer
</UL>
<BR>[Called By]<UL><LI><a href="#[ba]">&gt;&gt;</a>&nbsp;&nbsp;&nbsp;CH374s22
<LI><a href="#[b5]">&gt;&gt;</a>&nbsp;&nbsp;&nbsp;CH374s07
<LI><a href="#[b2]">&gt;&gt;</a>&nbsp;&nbsp;&nbsp;CH374s06
<LI><a href="#[ad]">&gt;&gt;</a>&nbsp;&nbsp;&nbsp;CH374BulkOnlyCmd
<LI><a href="#[ab]">&gt;&gt;</a>&nbsp;&nbsp;&nbsp;CH374s21
</UL>

<P><STRONG><a name="[ab]"></a>CH374s21</STRONG> (Thumb, 96 bytes, Stack size 16 bytes, CH374MAI.O(.text), UNUSED)
<BR><BR>[Calls]<UL><LI><a href="#[a3]">&gt;&gt;</a>&nbsp;&nbsp;&nbsp;CH374DiskConnect
<LI><a href="#[99]">&gt;&gt;</a>&nbsp;&nbsp;&nbsp;CH374DelaymS
<LI><a href="#[9c]">&gt;&gt;</a>&nbsp;&nbsp;&nbsp;CH374_WRITE_REGISTER
<LI><a href="#[aa]">&gt;&gt;</a>&nbsp;&nbsp;&nbsp;CH374_WRITE_BLOCK_C
<LI><a href="#[a9]">&gt;&gt;</a>&nbsp;&nbsp;&nbsp;CH374s23
<LI><a href="#[a0]">&gt;&gt;</a>&nbsp;&nbsp;&nbsp;CH374CtrlTransfer
</UL>
<BR>[Called By]<UL><LI><a href="#[bb]">&gt;&gt;</a>&nbsp;&nbsp;&nbsp;CH374s08
<LI><a href="#[b5]">&gt;&gt;</a>&nbsp;&nbsp;&nbsp;CH374s07
<LI><a href="#[b2]">&gt;&gt;</a>&nbsp;&nbsp;&nbsp;CH374s06
<LI><a href="#[ad]">&gt;&gt;</a>&nbsp;&nbsp;&nbsp;CH374BulkOnlyCmd
</UL>

<P><STRONG><a name="[ac]"></a>CH374s17</STRONG> (Thumb, 26 bytes, Stack size 8 bytes, CH374MAI.O(.text), UNUSED)
<BR><BR>[Calls]<UL><LI><a href="#[9c]">&gt;&gt;</a>&nbsp;&nbsp;&nbsp;CH374_WRITE_REGISTER
</UL>
<BR>[Called By]<UL><LI><a href="#[b2]">&gt;&gt;</a>&nbsp;&nbsp;&nbsp;CH374s06
<LI><a href="#[ad]">&gt;&gt;</a>&nbsp;&nbsp;&nbsp;CH374BulkOnlyCmd
</UL>

<P><STRONG><a name="[ad]"></a>CH374BulkOnlyCmd</STRONG> (Thumb, 276 bytes, Stack size 24 bytes, CH374MAI.O(.text), UNUSED)
<BR><BR>[Calls]<UL><LI><a href="#[9c]">&gt;&gt;</a>&nbsp;&nbsp;&nbsp;CH374_WRITE_REGISTER
<LI><a href="#[aa]">&gt;&gt;</a>&nbsp;&nbsp;&nbsp;CH374_WRITE_BLOCK_C
<LI><a href="#[ae]">&gt;&gt;</a>&nbsp;&nbsp;&nbsp;CH374_WRITE_BLOCK
<LI><a href="#[9a]">&gt;&gt;</a>&nbsp;&nbsp;&nbsp;CH374_READ_REGISTER
<LI><a href="#[a2]">&gt;&gt;</a>&nbsp;&nbsp;&nbsp;CH374_READ_BLOCK
<LI><a href="#[ac]">&gt;&gt;</a>&nbsp;&nbsp;&nbsp;CH374s17
<LI><a href="#[ab]">&gt;&gt;</a>&nbsp;&nbsp;&nbsp;CH374s21
<LI><a href="#[a9]">&gt;&gt;</a>&nbsp;&nbsp;&nbsp;CH374s23
<LI><a href="#[a1]">&gt;&gt;</a>&nbsp;&nbsp;&nbsp;CH374DirtyBuffer
<LI><a href="#[9e]">&gt;&gt;</a>&nbsp;&nbsp;&nbsp;CH374HostTransact
</UL>
<BR>[Called By]<UL><LI><a href="#[cb]">&gt;&gt;</a>&nbsp;&nbsp;&nbsp;CH374DiskReady
<LI><a href="#[ba]">&gt;&gt;</a>&nbsp;&nbsp;&nbsp;CH374s22
<LI><a href="#[b8]">&gt;&gt;</a>&nbsp;&nbsp;&nbsp;CH374s25
<LI><a href="#[af]">&gt;&gt;</a>&nbsp;&nbsp;&nbsp;CH374s13
<LI><a href="#[b9]">&gt;&gt;</a>&nbsp;&nbsp;&nbsp;CH374s26
</UL>

<P><STRONG><a name="[af]"></a>CH374s13</STRONG> (Thumb, 94 bytes, Stack size 16 bytes, CH374MAI.O(.text), UNUSED)
<BR><BR>[Calls]<UL><LI><a href="#[99]">&gt;&gt;</a>&nbsp;&nbsp;&nbsp;CH374DelaymS
<LI><a href="#[9c]">&gt;&gt;</a>&nbsp;&nbsp;&nbsp;CH374_WRITE_REGISTER
<LI><a href="#[ad]">&gt;&gt;</a>&nbsp;&nbsp;&nbsp;CH374BulkOnlyCmd
<LI><a href="#[9d]">&gt;&gt;</a>&nbsp;&nbsp;&nbsp;CH374EmbHubAttach
<LI><a href="#[b0]">&gt;&gt;</a>&nbsp;&nbsp;&nbsp;CH374s27
<LI><a href="#[9b]">&gt;&gt;</a>&nbsp;&nbsp;&nbsp;CH374s29
</UL>
<BR>[Called By]<UL><LI><a href="#[cb]">&gt;&gt;</a>&nbsp;&nbsp;&nbsp;CH374DiskReady
<LI><a href="#[ba]">&gt;&gt;</a>&nbsp;&nbsp;&nbsp;CH374s22
<LI><a href="#[b5]">&gt;&gt;</a>&nbsp;&nbsp;&nbsp;CH374s07
<LI><a href="#[b2]">&gt;&gt;</a>&nbsp;&nbsp;&nbsp;CH374s06
</UL>

<P><STRONG><a name="[b4]"></a>mReturnErrClose</STRONG> (Thumb, 24 bytes, Stack size 0 bytes, CH374MAI.O(.text), UNUSED)
<BR><BR>[Called By]<UL><LI><a href="#[b5]">&gt;&gt;</a>&nbsp;&nbsp;&nbsp;CH374s07
<LI><a href="#[b2]">&gt;&gt;</a>&nbsp;&nbsp;&nbsp;CH374s06
</UL>

<P><STRONG><a name="[b1]"></a>CH374s18</STRONG> (Thumb, 118 bytes, Stack size 24 bytes, CH374MAI.O(.text), UNUSED)
<BR><BR>[Calls]<UL><LI><a href="#[9c]">&gt;&gt;</a>&nbsp;&nbsp;&nbsp;CH374_WRITE_REGISTER
<LI><a href="#[aa]">&gt;&gt;</a>&nbsp;&nbsp;&nbsp;CH374_WRITE_BLOCK_C
<LI><a href="#[ae]">&gt;&gt;</a>&nbsp;&nbsp;&nbsp;CH374_WRITE_BLOCK
<LI><a href="#[9e]">&gt;&gt;</a>&nbsp;&nbsp;&nbsp;CH374HostTransact
</UL>
<BR>[Called By]<UL><LI><a href="#[b5]">&gt;&gt;</a>&nbsp;&nbsp;&nbsp;CH374s07
<LI><a href="#[b2]">&gt;&gt;</a>&nbsp;&nbsp;&nbsp;CH374s06
</UL>

<P><STRONG><a name="[b2]"></a>CH374s06</STRONG> (Thumb, 358 bytes, Stack size 24 bytes, CH374MAI.O(.text), UNUSED)
<BR><BR>[Calls]<UL><LI><a href="#[9c]">&gt;&gt;</a>&nbsp;&nbsp;&nbsp;CH374_WRITE_REGISTER
<LI><a href="#[9a]">&gt;&gt;</a>&nbsp;&nbsp;&nbsp;CH374_READ_REGISTER
<LI><a href="#[b3]">&gt;&gt;</a>&nbsp;&nbsp;&nbsp;CH374_READ_BLOCK64
<LI><a href="#[b1]">&gt;&gt;</a>&nbsp;&nbsp;&nbsp;CH374s18
<LI><a href="#[b4]">&gt;&gt;</a>&nbsp;&nbsp;&nbsp;mReturnErrClose
<LI><a href="#[af]">&gt;&gt;</a>&nbsp;&nbsp;&nbsp;CH374s13
<LI><a href="#[ac]">&gt;&gt;</a>&nbsp;&nbsp;&nbsp;CH374s17
<LI><a href="#[ab]">&gt;&gt;</a>&nbsp;&nbsp;&nbsp;CH374s21
<LI><a href="#[a9]">&gt;&gt;</a>&nbsp;&nbsp;&nbsp;CH374s23
<LI><a href="#[a1]">&gt;&gt;</a>&nbsp;&nbsp;&nbsp;CH374DirtyBuffer
<LI><a href="#[9e]">&gt;&gt;</a>&nbsp;&nbsp;&nbsp;CH374HostTransact
</UL>
<BR>[Called By]<UL><LI><a href="#[c3]">&gt;&gt;</a>&nbsp;&nbsp;&nbsp;CH374FileOpen
<LI><a href="#[ca]">&gt;&gt;</a>&nbsp;&nbsp;&nbsp;CH374FileModify
<LI><a href="#[c8]">&gt;&gt;</a>&nbsp;&nbsp;&nbsp;CH374FileCreate
<LI><a href="#[cd]">&gt;&gt;</a>&nbsp;&nbsp;&nbsp;CH374s20
<LI><a href="#[c7]">&gt;&gt;</a>&nbsp;&nbsp;&nbsp;CH374FileErase
<LI><a href="#[c5]">&gt;&gt;</a>&nbsp;&nbsp;&nbsp;CH374s15
<LI><a href="#[c2]">&gt;&gt;</a>&nbsp;&nbsp;&nbsp;CH374s12
<LI><a href="#[bf]">&gt;&gt;</a>&nbsp;&nbsp;&nbsp;CH374s10
<LI><a href="#[bb]">&gt;&gt;</a>&nbsp;&nbsp;&nbsp;CH374s08
</UL>

<P><STRONG><a name="[b5]"></a>CH374s07</STRONG> (Thumb, 364 bytes, Stack size 24 bytes, CH374MAI.O(.text), UNUSED)
<BR><BR>[Calls]<UL><LI><a href="#[b7]">&gt;&gt;</a>&nbsp;&nbsp;&nbsp;xDelayAfterWrite
<LI><a href="#[9c]">&gt;&gt;</a>&nbsp;&nbsp;&nbsp;CH374_WRITE_REGISTER
<LI><a href="#[b6]">&gt;&gt;</a>&nbsp;&nbsp;&nbsp;CH374_WRITE_BLOCK64
<LI><a href="#[9a]">&gt;&gt;</a>&nbsp;&nbsp;&nbsp;CH374_READ_REGISTER
<LI><a href="#[b1]">&gt;&gt;</a>&nbsp;&nbsp;&nbsp;CH374s18
<LI><a href="#[b4]">&gt;&gt;</a>&nbsp;&nbsp;&nbsp;mReturnErrClose
<LI><a href="#[af]">&gt;&gt;</a>&nbsp;&nbsp;&nbsp;CH374s13
<LI><a href="#[ab]">&gt;&gt;</a>&nbsp;&nbsp;&nbsp;CH374s21
<LI><a href="#[a9]">&gt;&gt;</a>&nbsp;&nbsp;&nbsp;CH374s23
<LI><a href="#[a1]">&gt;&gt;</a>&nbsp;&nbsp;&nbsp;CH374DirtyBuffer
<LI><a href="#[9e]">&gt;&gt;</a>&nbsp;&nbsp;&nbsp;CH374HostTransact
</UL>
<BR>[Called By]<UL><LI><a href="#[ca]">&gt;&gt;</a>&nbsp;&nbsp;&nbsp;CH374FileModify
<LI><a href="#[c8]">&gt;&gt;</a>&nbsp;&nbsp;&nbsp;CH374FileCreate
<LI><a href="#[cd]">&gt;&gt;</a>&nbsp;&nbsp;&nbsp;CH374s20
<LI><a href="#[c7]">&gt;&gt;</a>&nbsp;&nbsp;&nbsp;CH374FileErase
<LI><a href="#[c5]">&gt;&gt;</a>&nbsp;&nbsp;&nbsp;CH374s15
<LI><a href="#[c2]">&gt;&gt;</a>&nbsp;&nbsp;&nbsp;CH374s12
<LI><a href="#[be]">&gt;&gt;</a>&nbsp;&nbsp;&nbsp;CH374s09
</UL>

<P><STRONG><a name="[b8]"></a>CH374s25</STRONG> (Thumb, 130 bytes, Stack size 24 bytes, CH374MAI.O(.text), UNUSED)
<BR><BR>[Calls]<UL><LI><a href="#[99]">&gt;&gt;</a>&nbsp;&nbsp;&nbsp;CH374DelaymS
<LI><a href="#[ad]">&gt;&gt;</a>&nbsp;&nbsp;&nbsp;CH374BulkOnlyCmd
<LI><a href="#[b9]">&gt;&gt;</a>&nbsp;&nbsp;&nbsp;CH374s26
<LI><a href="#[b0]">&gt;&gt;</a>&nbsp;&nbsp;&nbsp;CH374s27
</UL>
<BR>[Called By]<UL><LI><a href="#[cb]">&gt;&gt;</a>&nbsp;&nbsp;&nbsp;CH374DiskReady
<LI><a href="#[bb]">&gt;&gt;</a>&nbsp;&nbsp;&nbsp;CH374s08
</UL>

<P><STRONG><a name="[ba]"></a>CH374s22</STRONG> (Thumb, 948 bytes, Stack size 24 bytes, CH374MAI.O(.text), UNUSED)
<BR><BR>[Calls]<UL><LI><a href="#[a3]">&gt;&gt;</a>&nbsp;&nbsp;&nbsp;CH374DiskConnect
<LI><a href="#[99]">&gt;&gt;</a>&nbsp;&nbsp;&nbsp;CH374DelaymS
<LI><a href="#[9c]">&gt;&gt;</a>&nbsp;&nbsp;&nbsp;CH374_WRITE_REGISTER
<LI><a href="#[aa]">&gt;&gt;</a>&nbsp;&nbsp;&nbsp;CH374_WRITE_BLOCK_C
<LI><a href="#[9a]">&gt;&gt;</a>&nbsp;&nbsp;&nbsp;CH374_READ_REGISTER
<LI><a href="#[af]">&gt;&gt;</a>&nbsp;&nbsp;&nbsp;CH374s13
<LI><a href="#[ad]">&gt;&gt;</a>&nbsp;&nbsp;&nbsp;CH374BulkOnlyCmd
<LI><a href="#[a9]">&gt;&gt;</a>&nbsp;&nbsp;&nbsp;CH374s23
<LI><a href="#[a8]">&gt;&gt;</a>&nbsp;&nbsp;&nbsp;CH374EmbHubEnable
<LI><a href="#[a6]">&gt;&gt;</a>&nbsp;&nbsp;&nbsp;CH374s05
<LI><a href="#[a0]">&gt;&gt;</a>&nbsp;&nbsp;&nbsp;CH374CtrlTransfer
<LI><a href="#[9d]">&gt;&gt;</a>&nbsp;&nbsp;&nbsp;CH374EmbHubAttach
<LI><a href="#[a4]">&gt;&gt;</a>&nbsp;&nbsp;&nbsp;CH374s30
<LI><a href="#[a5]">&gt;&gt;</a>&nbsp;&nbsp;&nbsp;CH374s31
<LI><a href="#[b0]">&gt;&gt;</a>&nbsp;&nbsp;&nbsp;CH374s27
</UL>
<BR>[Called By]<UL><LI><a href="#[cb]">&gt;&gt;</a>&nbsp;&nbsp;&nbsp;CH374DiskReady
<LI><a href="#[bb]">&gt;&gt;</a>&nbsp;&nbsp;&nbsp;CH374s08
</UL>

<P><STRONG><a name="[bb]"></a>CH374s08</STRONG> (Thumb, 614 bytes, Stack size 24 bytes, CH374MAI.O(.text), UNUSED)
<BR><BR>[Calls]<UL><LI><a href="#[ba]">&gt;&gt;</a>&nbsp;&nbsp;&nbsp;CH374s22
<LI><a href="#[b8]">&gt;&gt;</a>&nbsp;&nbsp;&nbsp;CH374s25
<LI><a href="#[b2]">&gt;&gt;</a>&nbsp;&nbsp;&nbsp;CH374s06
<LI><a href="#[ab]">&gt;&gt;</a>&nbsp;&nbsp;&nbsp;CH374s21
<LI><a href="#[a6]">&gt;&gt;</a>&nbsp;&nbsp;&nbsp;CH374s05
<LI><a href="#[a1]">&gt;&gt;</a>&nbsp;&nbsp;&nbsp;CH374DirtyBuffer
<LI><a href="#[bc]">&gt;&gt;</a>&nbsp;&nbsp;&nbsp;CH374s01
<LI><a href="#[bd]">&gt;&gt;</a>&nbsp;&nbsp;&nbsp;CH374s02
</UL>
<BR>[Called By]<UL><LI><a href="#[c3]">&gt;&gt;</a>&nbsp;&nbsp;&nbsp;CH374FileOpen
</UL>

<P><STRONG><a name="[be]"></a>CH374s09</STRONG> (Thumb, 56 bytes, Stack size 16 bytes, CH374MAI.O(.text), UNUSED)
<BR><BR>[Calls]<UL><LI><a href="#[b5]">&gt;&gt;</a>&nbsp;&nbsp;&nbsp;CH374s07
</UL>
<BR>[Called By]<UL><LI><a href="#[c8]">&gt;&gt;</a>&nbsp;&nbsp;&nbsp;CH374FileCreate
<LI><a href="#[cd]">&gt;&gt;</a>&nbsp;&nbsp;&nbsp;CH374s20
<LI><a href="#[c7]">&gt;&gt;</a>&nbsp;&nbsp;&nbsp;CH374FileErase
<LI><a href="#[bf]">&gt;&gt;</a>&nbsp;&nbsp;&nbsp;CH374s10
</UL>

<P><STRONG><a name="[bf]"></a>CH374s10</STRONG> (Thumb, 496 bytes, Stack size 24 bytes, CH374MAI.O(.text), UNUSED)
<BR><BR>[Calls]<UL><LI><a href="#[be]">&gt;&gt;</a>&nbsp;&nbsp;&nbsp;CH374s09
<LI><a href="#[b2]">&gt;&gt;</a>&nbsp;&nbsp;&nbsp;CH374s06
</UL>
<BR>[Called By]<UL><LI><a href="#[c3]">&gt;&gt;</a>&nbsp;&nbsp;&nbsp;CH374FileOpen
<LI><a href="#[c8]">&gt;&gt;</a>&nbsp;&nbsp;&nbsp;CH374FileCreate
<LI><a href="#[cc]">&gt;&gt;</a>&nbsp;&nbsp;&nbsp;CH374s19
<LI><a href="#[c7]">&gt;&gt;</a>&nbsp;&nbsp;&nbsp;CH374FileErase
<LI><a href="#[c0]">&gt;&gt;</a>&nbsp;&nbsp;&nbsp;CH374s32
</UL>

<P><STRONG><a name="[c0]"></a>CH374s32</STRONG> (Thumb, 222 bytes, Stack size 24 bytes, CH374MAI.O(.text), UNUSED)
<BR><BR>[Calls]<UL><LI><a href="#[bf]">&gt;&gt;</a>&nbsp;&nbsp;&nbsp;CH374s10
</UL>
<BR>[Called By]<UL><LI><a href="#[cd]">&gt;&gt;</a>&nbsp;&nbsp;&nbsp;CH374s20
<LI><a href="#[c1]">&gt;&gt;</a>&nbsp;&nbsp;&nbsp;CH374s11
</UL>

<P><STRONG><a name="[c1]"></a>CH374s11</STRONG> (Thumb, 22 bytes, Stack size 8 bytes, CH374MAI.O(.text), UNUSED)
<BR><BR>[Calls]<UL><LI><a href="#[c0]">&gt;&gt;</a>&nbsp;&nbsp;&nbsp;CH374s32
</UL>
<BR>[Called By]<UL><LI><a href="#[c8]">&gt;&gt;</a>&nbsp;&nbsp;&nbsp;CH374FileCreate
</UL>

<P><STRONG><a name="[c2]"></a>CH374s12</STRONG> (Thumb, 46 bytes, Stack size 8 bytes, CH374MAI.O(.text), UNUSED)
<BR><BR>[Calls]<UL><LI><a href="#[b5]">&gt;&gt;</a>&nbsp;&nbsp;&nbsp;CH374s07
<LI><a href="#[b2]">&gt;&gt;</a>&nbsp;&nbsp;&nbsp;CH374s06
</UL>
<BR>[Called By]<UL><LI><a href="#[c8]">&gt;&gt;</a>&nbsp;&nbsp;&nbsp;CH374FileCreate
<LI><a href="#[c7]">&gt;&gt;</a>&nbsp;&nbsp;&nbsp;CH374FileErase
</UL>

<P><STRONG><a name="[c3]"></a>CH374FileOpen</STRONG> (Thumb, 748 bytes, Stack size 24 bytes, CH374MAI.O(.text), UNUSED)
<BR><BR>[Calls]<UL><LI><a href="#[c4]">&gt;&gt;</a>&nbsp;&nbsp;&nbsp;xFileNameEnumer
<LI><a href="#[bf]">&gt;&gt;</a>&nbsp;&nbsp;&nbsp;CH374s10
<LI><a href="#[bb]">&gt;&gt;</a>&nbsp;&nbsp;&nbsp;CH374s08
<LI><a href="#[b2]">&gt;&gt;</a>&nbsp;&nbsp;&nbsp;CH374s06
<LI><a href="#[a6]">&gt;&gt;</a>&nbsp;&nbsp;&nbsp;CH374s05
</UL>
<BR>[Called By]<UL><LI><a href="#[c8]">&gt;&gt;</a>&nbsp;&nbsp;&nbsp;CH374FileCreate
<LI><a href="#[c7]">&gt;&gt;</a>&nbsp;&nbsp;&nbsp;CH374FileErase
</UL>

<P><STRONG><a name="[c5]"></a>CH374s15</STRONG> (Thumb, 54 bytes, Stack size 8 bytes, CH374MAI.O(.text), UNUSED)
<BR><BR>[Calls]<UL><LI><a href="#[b5]">&gt;&gt;</a>&nbsp;&nbsp;&nbsp;CH374s07
<LI><a href="#[b2]">&gt;&gt;</a>&nbsp;&nbsp;&nbsp;CH374s06
</UL>
<BR>[Called By]<UL><LI><a href="#[c6]">&gt;&gt;</a>&nbsp;&nbsp;&nbsp;CH374FileClose
</UL>

<P><STRONG><a name="[c6]"></a>CH374FileClose</STRONG> (Thumb, 98 bytes, Stack size 8 bytes, CH374MAI.O(.text), UNUSED)
<BR><BR>[Calls]<UL><LI><a href="#[c5]">&gt;&gt;</a>&nbsp;&nbsp;&nbsp;CH374s15
<LI><a href="#[a6]">&gt;&gt;</a>&nbsp;&nbsp;&nbsp;CH374s05
</UL>

<P><STRONG><a name="[c7]"></a>CH374FileErase</STRONG> (Thumb, 118 bytes, Stack size 8 bytes, CH374MAI.O(.text), UNUSED)
<BR><BR>[Calls]<UL><LI><a href="#[c3]">&gt;&gt;</a>&nbsp;&nbsp;&nbsp;CH374FileOpen
<LI><a href="#[c2]">&gt;&gt;</a>&nbsp;&nbsp;&nbsp;CH374s12
<LI><a href="#[bf]">&gt;&gt;</a>&nbsp;&nbsp;&nbsp;CH374s10
<LI><a href="#[be]">&gt;&gt;</a>&nbsp;&nbsp;&nbsp;CH374s09
<LI><a href="#[b5]">&gt;&gt;</a>&nbsp;&nbsp;&nbsp;CH374s07
<LI><a href="#[b2]">&gt;&gt;</a>&nbsp;&nbsp;&nbsp;CH374s06
<LI><a href="#[a6]">&gt;&gt;</a>&nbsp;&nbsp;&nbsp;CH374s05
</UL>
<BR>[Called By]<UL><LI><a href="#[c8]">&gt;&gt;</a>&nbsp;&nbsp;&nbsp;CH374FileCreate
</UL>

<P><STRONG><a name="[c9]"></a>CH374s14</STRONG> (Thumb, 24 bytes, Stack size 0 bytes, CH374MAI.O(.text), UNUSED)
<BR><BR>[Called By]<UL><LI><a href="#[c8]">&gt;&gt;</a>&nbsp;&nbsp;&nbsp;CH374FileCreate
<LI><a href="#[cc]">&gt;&gt;</a>&nbsp;&nbsp;&nbsp;CH374s19
</UL>

<P><STRONG><a name="[c8]"></a>CH374FileCreate</STRONG> (Thumb, 454 bytes, Stack size 24 bytes, CH374MAI.O(.text), UNUSED)
<BR><BR>[Calls]<UL><LI><a href="#[c3]">&gt;&gt;</a>&nbsp;&nbsp;&nbsp;CH374FileOpen
<LI><a href="#[9a]">&gt;&gt;</a>&nbsp;&nbsp;&nbsp;CH374_READ_REGISTER
<LI><a href="#[c9]">&gt;&gt;</a>&nbsp;&nbsp;&nbsp;CH374s14
<LI><a href="#[c7]">&gt;&gt;</a>&nbsp;&nbsp;&nbsp;CH374FileErase
<LI><a href="#[c2]">&gt;&gt;</a>&nbsp;&nbsp;&nbsp;CH374s12
<LI><a href="#[c1]">&gt;&gt;</a>&nbsp;&nbsp;&nbsp;CH374s11
<LI><a href="#[bf]">&gt;&gt;</a>&nbsp;&nbsp;&nbsp;CH374s10
<LI><a href="#[be]">&gt;&gt;</a>&nbsp;&nbsp;&nbsp;CH374s09
<LI><a href="#[b5]">&gt;&gt;</a>&nbsp;&nbsp;&nbsp;CH374s07
<LI><a href="#[b2]">&gt;&gt;</a>&nbsp;&nbsp;&nbsp;CH374s06
<LI><a href="#[a6]">&gt;&gt;</a>&nbsp;&nbsp;&nbsp;CH374s05
<LI><a href="#[a1]">&gt;&gt;</a>&nbsp;&nbsp;&nbsp;CH374DirtyBuffer
</UL>

<P><STRONG><a name="[ca]"></a>CH374FileModify</STRONG> (Thumb, 132 bytes, Stack size 24 bytes, CH374MAI.O(.text), UNUSED)
<BR><BR>[Calls]<UL><LI><a href="#[b5]">&gt;&gt;</a>&nbsp;&nbsp;&nbsp;CH374s07
<LI><a href="#[b2]">&gt;&gt;</a>&nbsp;&nbsp;&nbsp;CH374s06
</UL>

<P><STRONG><a name="[cb]"></a>CH374DiskReady</STRONG> (Thumb, 84 bytes, Stack size 8 bytes, CH374MAI.O(.text), UNUSED)
<BR><BR>[Calls]<UL><LI><a href="#[a3]">&gt;&gt;</a>&nbsp;&nbsp;&nbsp;CH374DiskConnect
<LI><a href="#[99]">&gt;&gt;</a>&nbsp;&nbsp;&nbsp;CH374DelaymS
<LI><a href="#[ba]">&gt;&gt;</a>&nbsp;&nbsp;&nbsp;CH374s22
<LI><a href="#[b8]">&gt;&gt;</a>&nbsp;&nbsp;&nbsp;CH374s25
<LI><a href="#[af]">&gt;&gt;</a>&nbsp;&nbsp;&nbsp;CH374s13
<LI><a href="#[ad]">&gt;&gt;</a>&nbsp;&nbsp;&nbsp;CH374BulkOnlyCmd
<LI><a href="#[b9]">&gt;&gt;</a>&nbsp;&nbsp;&nbsp;CH374s26
<LI><a href="#[b0]">&gt;&gt;</a>&nbsp;&nbsp;&nbsp;CH374s27
</UL>

<P><STRONG><a name="[cc]"></a>CH374s19</STRONG> (Thumb, 108 bytes, Stack size 16 bytes, CH374MAI.O(.text), UNUSED)
<BR><BR>[Calls]<UL><LI><a href="#[c9]">&gt;&gt;</a>&nbsp;&nbsp;&nbsp;CH374s14
<LI><a href="#[bf]">&gt;&gt;</a>&nbsp;&nbsp;&nbsp;CH374s10
</UL>

<P><STRONG><a name="[cd]"></a>CH374s20</STRONG> (Thumb, 82 bytes, Stack size 8 bytes, CH374MAI.O(.text), UNUSED)
<BR><BR>[Calls]<UL><LI><a href="#[c0]">&gt;&gt;</a>&nbsp;&nbsp;&nbsp;CH374s32
<LI><a href="#[be]">&gt;&gt;</a>&nbsp;&nbsp;&nbsp;CH374s09
<LI><a href="#[b5]">&gt;&gt;</a>&nbsp;&nbsp;&nbsp;CH374s07
<LI><a href="#[b2]">&gt;&gt;</a>&nbsp;&nbsp;&nbsp;CH374s06
</UL>

<P><STRONG><a name="[cf]"></a>__aeabi_memset</STRONG> (Thumb, 14 bytes, Stack size 0 bytes, memseta.o(.text), UNUSED)
<BR><BR>[Called By]<UL><LI><a href="#[d0]">&gt;&gt;</a>&nbsp;&nbsp;&nbsp;_memset$wrapper
<LI><a href="#[ce]">&gt;&gt;</a>&nbsp;&nbsp;&nbsp;__aeabi_memclr
</UL>

<P><STRONG><a name="[1be]"></a>__aeabi_memset4</STRONG> (Thumb, 0 bytes, Stack size 0 bytes, memseta.o(.text), UNUSED)

<P><STRONG><a name="[1bf]"></a>__aeabi_memset8</STRONG> (Thumb, 0 bytes, Stack size 0 bytes, memseta.o(.text), UNUSED)

<P><STRONG><a name="[ce]"></a>__aeabi_memclr</STRONG> (Thumb, 4 bytes, Stack size 0 bytes, memseta.o(.text), UNUSED)
<BR><BR>[Calls]<UL><LI><a href="#[cf]">&gt;&gt;</a>&nbsp;&nbsp;&nbsp;__aeabi_memset
</UL>

<P><STRONG><a name="[190]"></a>__aeabi_memclr4</STRONG> (Thumb, 0 bytes, Stack size 0 bytes, memseta.o(.text))
<BR><BR>[Called By]<UL><LI><a href="#[6e]">&gt;&gt;</a>&nbsp;&nbsp;&nbsp;TIM4_IRQHandler
<LI><a href="#[14b]">&gt;&gt;</a>&nbsp;&nbsp;&nbsp;setBoltGradeValVarFlag
<LI><a href="#[132]">&gt;&gt;</a>&nbsp;&nbsp;&nbsp;ReadBoltGardeMeterArr
</UL>

<P><STRONG><a name="[1c0]"></a>__aeabi_memclr8</STRONG> (Thumb, 0 bytes, Stack size 0 bytes, memseta.o(.text), UNUSED)

<P><STRONG><a name="[d0]"></a>_memset$wrapper</STRONG> (Thumb, 18 bytes, Stack size 8 bytes, memseta.o(.text), UNUSED)
<BR><BR>[Calls]<UL><LI><a href="#[cf]">&gt;&gt;</a>&nbsp;&nbsp;&nbsp;__aeabi_memset
</UL>

<P><STRONG><a name="[192]"></a>strncpy</STRONG> (Thumb, 24 bytes, Stack size 8 bytes, strncpy.o(.text))
<BR><BR>[Stack]<UL><LI>Max Depth = 8<LI>Call Chain = strncpy
</UL>
<BR>[Called By]<UL><LI><a href="#[14b]">&gt;&gt;</a>&nbsp;&nbsp;&nbsp;setBoltGradeValVarFlag
<LI><a href="#[132]">&gt;&gt;</a>&nbsp;&nbsp;&nbsp;ReadBoltGardeMeterArr
</UL>

<P><STRONG><a name="[191]"></a>strlen</STRONG> (Thumb, 14 bytes, Stack size 0 bytes, strlen.o(.text))
<BR><BR>[Called By]<UL><LI><a href="#[132]">&gt;&gt;</a>&nbsp;&nbsp;&nbsp;ReadBoltGardeMeterArr
</UL>

<P><STRONG><a name="[1b2]"></a>__aeabi_fmul</STRONG> (Thumb, 100 bytes, Stack size 8 bytes, fmul.o(.text))
<BR><BR>[Stack]<UL><LI>Max Depth = 8<LI>Call Chain = __aeabi_fmul
</UL>
<BR>[Called By]<UL><LI><a href="#[13f]">&gt;&gt;</a>&nbsp;&nbsp;&nbsp;getOutData
</UL>

<P><STRONG><a name="[d1]"></a>__aeabi_dadd</STRONG> (Thumb, 322 bytes, Stack size 48 bytes, dadd.o(.text))
<BR><BR>[Stack]<UL><LI>Max Depth = 88<LI>Call Chain = __aeabi_dadd &rArr; _double_epilogue &rArr; _double_round
</UL>
<BR>[Calls]<UL><LI><a href="#[d3]">&gt;&gt;</a>&nbsp;&nbsp;&nbsp;__aeabi_lasr
<LI><a href="#[d2]">&gt;&gt;</a>&nbsp;&nbsp;&nbsp;__aeabi_llsl
<LI><a href="#[d5]">&gt;&gt;</a>&nbsp;&nbsp;&nbsp;_double_round
<LI><a href="#[d4]">&gt;&gt;</a>&nbsp;&nbsp;&nbsp;_double_epilogue
</UL>
<BR>[Called By]<UL><LI><a href="#[142]">&gt;&gt;</a>&nbsp;&nbsp;&nbsp;setSensorPresetTorValVarFlag
<LI><a href="#[13f]">&gt;&gt;</a>&nbsp;&nbsp;&nbsp;getOutData
<LI><a href="#[11]">&gt;&gt;</a>&nbsp;&nbsp;&nbsp;MemuTwo
<LI><a href="#[1c]">&gt;&gt;</a>&nbsp;&nbsp;&nbsp;MemuThree
<LI><a href="#[39]">&gt;&gt;</a>&nbsp;&nbsp;&nbsp;MemuSix
<LI><a href="#[2e]">&gt;&gt;</a>&nbsp;&nbsp;&nbsp;MemuFour
<LI><a href="#[25]">&gt;&gt;</a>&nbsp;&nbsp;&nbsp;MemuFive
<LI><a href="#[115]">&gt;&gt;</a>&nbsp;&nbsp;&nbsp;ModiVarDecWide
<LI><a href="#[113]">&gt;&gt;</a>&nbsp;&nbsp;&nbsp;ModiVarDec
<LI><a href="#[116]">&gt;&gt;</a>&nbsp;&nbsp;&nbsp;ModiVarAddWide
<LI><a href="#[114]">&gt;&gt;</a>&nbsp;&nbsp;&nbsp;ModiVarAdd
<LI><a href="#[d6]">&gt;&gt;</a>&nbsp;&nbsp;&nbsp;__aeabi_dsub
<LI><a href="#[d7]">&gt;&gt;</a>&nbsp;&nbsp;&nbsp;__aeabi_drsub
<LI><a href="#[1ae]">&gt;&gt;</a>&nbsp;&nbsp;&nbsp;_fp_digits
</UL>

<P><STRONG><a name="[d6]"></a>__aeabi_dsub</STRONG> (Thumb, 6 bytes, Stack size 0 bytes, dadd.o(.text))
<BR><BR>[Stack]<UL><LI>Max Depth = 88<LI>Call Chain = __aeabi_dsub &rArr; __aeabi_dadd &rArr; _double_epilogue &rArr; _double_round
</UL>
<BR>[Calls]<UL><LI><a href="#[d1]">&gt;&gt;</a>&nbsp;&nbsp;&nbsp;__aeabi_dadd
</UL>
<BR>[Called By]<UL><LI><a href="#[e9]">&gt;&gt;</a>&nbsp;&nbsp;&nbsp;mAValueToPressVal
<LI><a href="#[eb]">&gt;&gt;</a>&nbsp;&nbsp;&nbsp;mAValueToFlowVal
</UL>

<P><STRONG><a name="[d7]"></a>__aeabi_drsub</STRONG> (Thumb, 6 bytes, Stack size 0 bytes, dadd.o(.text), UNUSED)
<BR><BR>[Calls]<UL><LI><a href="#[d1]">&gt;&gt;</a>&nbsp;&nbsp;&nbsp;__aeabi_dadd
</UL>

<P><STRONG><a name="[d8]"></a>__aeabi_dmul</STRONG> (Thumb, 228 bytes, Stack size 48 bytes, dmul.o(.text))
<BR><BR>[Stack]<UL><LI>Max Depth = 88<LI>Call Chain = __aeabi_dmul &rArr; _double_epilogue &rArr; _double_round
</UL>
<BR>[Calls]<UL><LI><a href="#[d4]">&gt;&gt;</a>&nbsp;&nbsp;&nbsp;_double_epilogue
</UL>
<BR>[Called By]<UL><LI><a href="#[142]">&gt;&gt;</a>&nbsp;&nbsp;&nbsp;setSensorPresetTorValVarFlag
<LI><a href="#[11]">&gt;&gt;</a>&nbsp;&nbsp;&nbsp;MemuTwo
<LI><a href="#[2e]">&gt;&gt;</a>&nbsp;&nbsp;&nbsp;MemuFour
<LI><a href="#[14a]">&gt;&gt;</a>&nbsp;&nbsp;&nbsp;setTargetTorqueValVarFlag
<LI><a href="#[115]">&gt;&gt;</a>&nbsp;&nbsp;&nbsp;ModiVarDecWide
<LI><a href="#[113]">&gt;&gt;</a>&nbsp;&nbsp;&nbsp;ModiVarDec
<LI><a href="#[116]">&gt;&gt;</a>&nbsp;&nbsp;&nbsp;ModiVarAddWide
<LI><a href="#[114]">&gt;&gt;</a>&nbsp;&nbsp;&nbsp;ModiVarAdd
<LI><a href="#[e9]">&gt;&gt;</a>&nbsp;&nbsp;&nbsp;mAValueToPressVal
<LI><a href="#[eb]">&gt;&gt;</a>&nbsp;&nbsp;&nbsp;mAValueToFlowVal
<LI><a href="#[e7]">&gt;&gt;</a>&nbsp;&nbsp;&nbsp;averageValueTomA
<LI><a href="#[1ae]">&gt;&gt;</a>&nbsp;&nbsp;&nbsp;_fp_digits
</UL>

<P><STRONG><a name="[d9]"></a>__aeabi_ddiv</STRONG> (Thumb, 222 bytes, Stack size 32 bytes, ddiv.o(.text))
<BR><BR>[Stack]<UL><LI>Max Depth = 40<LI>Call Chain = __aeabi_ddiv &rArr; _double_round
</UL>
<BR>[Calls]<UL><LI><a href="#[d5]">&gt;&gt;</a>&nbsp;&nbsp;&nbsp;_double_round
</UL>
<BR>[Called By]<UL><LI><a href="#[13f]">&gt;&gt;</a>&nbsp;&nbsp;&nbsp;getOutData
<LI><a href="#[11]">&gt;&gt;</a>&nbsp;&nbsp;&nbsp;MemuTwo
<LI><a href="#[1c]">&gt;&gt;</a>&nbsp;&nbsp;&nbsp;MemuThree
<LI><a href="#[39]">&gt;&gt;</a>&nbsp;&nbsp;&nbsp;MemuSix
<LI><a href="#[2e]">&gt;&gt;</a>&nbsp;&nbsp;&nbsp;MemuFour
<LI><a href="#[25]">&gt;&gt;</a>&nbsp;&nbsp;&nbsp;MemuFive
<LI><a href="#[115]">&gt;&gt;</a>&nbsp;&nbsp;&nbsp;ModiVarDecWide
<LI><a href="#[113]">&gt;&gt;</a>&nbsp;&nbsp;&nbsp;ModiVarDec
<LI><a href="#[116]">&gt;&gt;</a>&nbsp;&nbsp;&nbsp;ModiVarAddWide
<LI><a href="#[114]">&gt;&gt;</a>&nbsp;&nbsp;&nbsp;ModiVarAdd
<LI><a href="#[e7]">&gt;&gt;</a>&nbsp;&nbsp;&nbsp;averageValueTomA
<LI><a href="#[1ae]">&gt;&gt;</a>&nbsp;&nbsp;&nbsp;_fp_digits
</UL>

<P><STRONG><a name="[da]"></a>__aeabi_ui2f</STRONG> (Thumb, 10 bytes, Stack size 0 bytes, ffltui.o(.text))
<BR><BR>[Stack]<UL><LI>Max Depth = 4<LI>Call Chain = __aeabi_ui2f &rArr; _float_epilogue
</UL>
<BR>[Calls]<UL><LI><a href="#[db]">&gt;&gt;</a>&nbsp;&nbsp;&nbsp;_float_epilogue
</UL>
<BR>[Called By]<UL><LI><a href="#[39]">&gt;&gt;</a>&nbsp;&nbsp;&nbsp;MemuSix
<LI><a href="#[25]">&gt;&gt;</a>&nbsp;&nbsp;&nbsp;MemuFive
<LI><a href="#[e4]">&gt;&gt;</a>&nbsp;&nbsp;&nbsp;ADS8688_CollectTask
<LI><a href="#[14c]">&gt;&gt;</a>&nbsp;&nbsp;&nbsp;getPressValue
<LI><a href="#[115]">&gt;&gt;</a>&nbsp;&nbsp;&nbsp;ModiVarDecWide
<LI><a href="#[113]">&gt;&gt;</a>&nbsp;&nbsp;&nbsp;ModiVarDec
<LI><a href="#[116]">&gt;&gt;</a>&nbsp;&nbsp;&nbsp;ModiVarAddWide
<LI><a href="#[114]">&gt;&gt;</a>&nbsp;&nbsp;&nbsp;ModiVarAdd
</UL>

<P><STRONG><a name="[dc]"></a>__aeabi_ui2d</STRONG> (Thumb, 26 bytes, Stack size 16 bytes, dfltui.o(.text))
<BR><BR>[Stack]<UL><LI>Max Depth = 56<LI>Call Chain = __aeabi_ui2d &rArr; _double_epilogue &rArr; _double_round
</UL>
<BR>[Calls]<UL><LI><a href="#[d4]">&gt;&gt;</a>&nbsp;&nbsp;&nbsp;_double_epilogue
</UL>
<BR>[Called By]<UL><LI><a href="#[142]">&gt;&gt;</a>&nbsp;&nbsp;&nbsp;setSensorPresetTorValVarFlag
<LI><a href="#[13f]">&gt;&gt;</a>&nbsp;&nbsp;&nbsp;getOutData
<LI><a href="#[11]">&gt;&gt;</a>&nbsp;&nbsp;&nbsp;MemuTwo
<LI><a href="#[1c]">&gt;&gt;</a>&nbsp;&nbsp;&nbsp;MemuThree
<LI><a href="#[39]">&gt;&gt;</a>&nbsp;&nbsp;&nbsp;MemuSix
<LI><a href="#[2e]">&gt;&gt;</a>&nbsp;&nbsp;&nbsp;MemuFour
<LI><a href="#[25]">&gt;&gt;</a>&nbsp;&nbsp;&nbsp;MemuFive
<LI><a href="#[14a]">&gt;&gt;</a>&nbsp;&nbsp;&nbsp;setTargetTorqueValVarFlag
<LI><a href="#[115]">&gt;&gt;</a>&nbsp;&nbsp;&nbsp;ModiVarDecWide
<LI><a href="#[113]">&gt;&gt;</a>&nbsp;&nbsp;&nbsp;ModiVarDec
<LI><a href="#[116]">&gt;&gt;</a>&nbsp;&nbsp;&nbsp;ModiVarAddWide
<LI><a href="#[114]">&gt;&gt;</a>&nbsp;&nbsp;&nbsp;ModiVarAdd
<LI><a href="#[e7]">&gt;&gt;</a>&nbsp;&nbsp;&nbsp;averageValueTomA
</UL>

<P><STRONG><a name="[e8]"></a>__aeabi_f2uiz</STRONG> (Thumb, 40 bytes, Stack size 0 bytes, ffixui.o(.text))
<BR><BR>[Called By]<UL><LI><a href="#[142]">&gt;&gt;</a>&nbsp;&nbsp;&nbsp;setSensorPresetTorValVarFlag
<LI><a href="#[13f]">&gt;&gt;</a>&nbsp;&nbsp;&nbsp;getOutData
<LI><a href="#[e4]">&gt;&gt;</a>&nbsp;&nbsp;&nbsp;ADS8688_CollectTask
</UL>

<P><STRONG><a name="[dd]"></a>__aeabi_d2uiz</STRONG> (Thumb, 50 bytes, Stack size 8 bytes, dfixui.o(.text))
<BR><BR>[Stack]<UL><LI>Max Depth = 8<LI>Call Chain = __aeabi_d2uiz
</UL>
<BR>[Calls]<UL><LI><a href="#[de]">&gt;&gt;</a>&nbsp;&nbsp;&nbsp;__aeabi_llsr
</UL>
<BR>[Called By]<UL><LI><a href="#[142]">&gt;&gt;</a>&nbsp;&nbsp;&nbsp;setSensorPresetTorValVarFlag
<LI><a href="#[11]">&gt;&gt;</a>&nbsp;&nbsp;&nbsp;MemuTwo
<LI><a href="#[1c]">&gt;&gt;</a>&nbsp;&nbsp;&nbsp;MemuThree
<LI><a href="#[39]">&gt;&gt;</a>&nbsp;&nbsp;&nbsp;MemuSix
<LI><a href="#[2e]">&gt;&gt;</a>&nbsp;&nbsp;&nbsp;MemuFour
<LI><a href="#[25]">&gt;&gt;</a>&nbsp;&nbsp;&nbsp;MemuFive
<LI><a href="#[14a]">&gt;&gt;</a>&nbsp;&nbsp;&nbsp;setTargetTorqueValVarFlag
<LI><a href="#[115]">&gt;&gt;</a>&nbsp;&nbsp;&nbsp;ModiVarDecWide
<LI><a href="#[113]">&gt;&gt;</a>&nbsp;&nbsp;&nbsp;ModiVarDec
<LI><a href="#[116]">&gt;&gt;</a>&nbsp;&nbsp;&nbsp;ModiVarAddWide
<LI><a href="#[114]">&gt;&gt;</a>&nbsp;&nbsp;&nbsp;ModiVarAdd
</UL>

<P><STRONG><a name="[133]"></a>__aeabi_f2d</STRONG> (Thumb, 38 bytes, Stack size 0 bytes, f2d.o(.text))
<BR><BR>[Called By]<UL><LI><a href="#[121]">&gt;&gt;</a>&nbsp;&nbsp;&nbsp;InitTarget
<LI><a href="#[13f]">&gt;&gt;</a>&nbsp;&nbsp;&nbsp;getOutData
<LI><a href="#[e9]">&gt;&gt;</a>&nbsp;&nbsp;&nbsp;mAValueToPressVal
<LI><a href="#[eb]">&gt;&gt;</a>&nbsp;&nbsp;&nbsp;mAValueToFlowVal
</UL>

<P><STRONG><a name="[1c1]"></a>__aeabi_cdcmpeq</STRONG> (Thumb, 0 bytes, Stack size 0 bytes, cdcmple.o(.text), UNUSED)

<P><STRONG><a name="[1b3]"></a>__aeabi_cdcmple</STRONG> (Thumb, 48 bytes, Stack size 0 bytes, cdcmple.o(.text))
<BR><BR>[Called By]<UL><LI><a href="#[14a]">&gt;&gt;</a>&nbsp;&nbsp;&nbsp;setTargetTorqueValVarFlag
</UL>

<P><STRONG><a name="[13d]"></a>__aeabi_cdrcmple</STRONG> (Thumb, 48 bytes, Stack size 0 bytes, cdrcmple.o(.text))
<BR><BR>[Called By]<UL><LI><a href="#[142]">&gt;&gt;</a>&nbsp;&nbsp;&nbsp;setSensorPresetTorValVarFlag
<LI><a href="#[13f]">&gt;&gt;</a>&nbsp;&nbsp;&nbsp;getOutData
<LI><a href="#[11]">&gt;&gt;</a>&nbsp;&nbsp;&nbsp;MemuTwo
<LI><a href="#[1c]">&gt;&gt;</a>&nbsp;&nbsp;&nbsp;MemuThree
<LI><a href="#[39]">&gt;&gt;</a>&nbsp;&nbsp;&nbsp;MemuSix
<LI><a href="#[2e]">&gt;&gt;</a>&nbsp;&nbsp;&nbsp;MemuFour
<LI><a href="#[25]">&gt;&gt;</a>&nbsp;&nbsp;&nbsp;MemuFive
<LI><a href="#[14a]">&gt;&gt;</a>&nbsp;&nbsp;&nbsp;setTargetTorqueValVarFlag
<LI><a href="#[115]">&gt;&gt;</a>&nbsp;&nbsp;&nbsp;ModiVarDecWide
<LI><a href="#[113]">&gt;&gt;</a>&nbsp;&nbsp;&nbsp;ModiVarDec
<LI><a href="#[116]">&gt;&gt;</a>&nbsp;&nbsp;&nbsp;ModiVarAddWide
<LI><a href="#[114]">&gt;&gt;</a>&nbsp;&nbsp;&nbsp;ModiVarAdd
<LI><a href="#[1ae]">&gt;&gt;</a>&nbsp;&nbsp;&nbsp;_fp_digits
</UL>

<P><STRONG><a name="[df]"></a>__aeabi_d2f</STRONG> (Thumb, 56 bytes, Stack size 8 bytes, d2f.o(.text))
<BR><BR>[Stack]<UL><LI>Max Depth = 8<LI>Call Chain = __aeabi_d2f
</UL>
<BR>[Calls]<UL><LI><a href="#[e0]">&gt;&gt;</a>&nbsp;&nbsp;&nbsp;_float_round
</UL>
<BR>[Called By]<UL><LI><a href="#[13f]">&gt;&gt;</a>&nbsp;&nbsp;&nbsp;getOutData
<LI><a href="#[e9]">&gt;&gt;</a>&nbsp;&nbsp;&nbsp;mAValueToPressVal
<LI><a href="#[eb]">&gt;&gt;</a>&nbsp;&nbsp;&nbsp;mAValueToFlowVal
<LI><a href="#[e7]">&gt;&gt;</a>&nbsp;&nbsp;&nbsp;averageValueTomA
</UL>

<P><STRONG><a name="[13e]"></a>__aeabi_cfcmpeq</STRONG> (Thumb, 0 bytes, Stack size 0 bytes, cfcmple.o(.text))
<BR><BR>[Called By]<UL><LI><a href="#[1c]">&gt;&gt;</a>&nbsp;&nbsp;&nbsp;MemuThree
<LI><a href="#[39]">&gt;&gt;</a>&nbsp;&nbsp;&nbsp;MemuSix
<LI><a href="#[25]">&gt;&gt;</a>&nbsp;&nbsp;&nbsp;MemuFive
</UL>

<P><STRONG><a name="[1c2]"></a>__aeabi_cfcmple</STRONG> (Thumb, 20 bytes, Stack size 0 bytes, cfcmple.o(.text), UNUSED)

<P><STRONG><a name="[1c3]"></a>__aeabi_uidiv</STRONG> (Thumb, 0 bytes, Stack size 12 bytes, uidiv.o(.text), UNUSED)

<P><STRONG><a name="[1b1]"></a>__aeabi_uidivmod</STRONG> (Thumb, 44 bytes, Stack size 12 bytes, uidiv.o(.text), UNUSED)
<BR><BR>[Called By]<UL><LI><a href="#[1ad]">&gt;&gt;</a>&nbsp;&nbsp;&nbsp;_printf_core
</UL>

<P><STRONG><a name="[e1]"></a>__aeabi_uldivmod</STRONG> (Thumb, 98 bytes, Stack size 40 bytes, uldiv.o(.text), UNUSED)
<BR><BR>[Calls]<UL><LI><a href="#[de]">&gt;&gt;</a>&nbsp;&nbsp;&nbsp;__aeabi_llsr
<LI><a href="#[d2]">&gt;&gt;</a>&nbsp;&nbsp;&nbsp;__aeabi_llsl
</UL>
<BR>[Called By]<UL><LI><a href="#[1ad]">&gt;&gt;</a>&nbsp;&nbsp;&nbsp;_printf_core
<LI><a href="#[1ae]">&gt;&gt;</a>&nbsp;&nbsp;&nbsp;_fp_digits
</UL>

<P><STRONG><a name="[d2]"></a>__aeabi_llsl</STRONG> (Thumb, 30 bytes, Stack size 0 bytes, llshl.o(.text))
<BR><BR>[Called By]<UL><LI><a href="#[d1]">&gt;&gt;</a>&nbsp;&nbsp;&nbsp;__aeabi_dadd
<LI><a href="#[e1]">&gt;&gt;</a>&nbsp;&nbsp;&nbsp;__aeabi_uldivmod
<LI><a href="#[d4]">&gt;&gt;</a>&nbsp;&nbsp;&nbsp;_double_epilogue
<LI><a href="#[e2]">&gt;&gt;</a>&nbsp;&nbsp;&nbsp;__aeabi_d2ulz
</UL>

<P><STRONG><a name="[1c4]"></a>_ll_shift_l</STRONG> (Thumb, 0 bytes, Stack size 0 bytes, llshl.o(.text), UNUSED)

<P><STRONG><a name="[de]"></a>__aeabi_llsr</STRONG> (Thumb, 32 bytes, Stack size 0 bytes, llushr.o(.text))
<BR><BR>[Called By]<UL><LI><a href="#[dd]">&gt;&gt;</a>&nbsp;&nbsp;&nbsp;__aeabi_d2uiz
<LI><a href="#[e1]">&gt;&gt;</a>&nbsp;&nbsp;&nbsp;__aeabi_uldivmod
<LI><a href="#[d4]">&gt;&gt;</a>&nbsp;&nbsp;&nbsp;_double_epilogue
<LI><a href="#[e2]">&gt;&gt;</a>&nbsp;&nbsp;&nbsp;__aeabi_d2ulz
</UL>

<P><STRONG><a name="[1c5]"></a>_ll_ushift_r</STRONG> (Thumb, 0 bytes, Stack size 0 bytes, llushr.o(.text), UNUSED)

<P><STRONG><a name="[d3]"></a>__aeabi_lasr</STRONG> (Thumb, 36 bytes, Stack size 0 bytes, llsshr.o(.text))
<BR><BR>[Called By]<UL><LI><a href="#[d1]">&gt;&gt;</a>&nbsp;&nbsp;&nbsp;__aeabi_dadd
</UL>

<P><STRONG><a name="[1c6]"></a>_ll_sshift_r</STRONG> (Thumb, 0 bytes, Stack size 0 bytes, llsshr.o(.text), UNUSED)

<P><STRONG><a name="[1c7]"></a>__I$use$fp</STRONG> (Thumb, 0 bytes, Stack size 0 bytes, iusefp.o(.text), UNUSED)

<P><STRONG><a name="[e0]"></a>_float_round</STRONG> (Thumb, 18 bytes, Stack size 0 bytes, fepilogue.o(.text))
<BR><BR>[Called By]<UL><LI><a href="#[df]">&gt;&gt;</a>&nbsp;&nbsp;&nbsp;__aeabi_d2f
</UL>

<P><STRONG><a name="[db]"></a>_float_epilogue</STRONG> (Thumb, 92 bytes, Stack size 4 bytes, fepilogue.o(.text))
<BR><BR>[Stack]<UL><LI>Max Depth = 4<LI>Call Chain = _float_epilogue
</UL>
<BR>[Called By]<UL><LI><a href="#[da]">&gt;&gt;</a>&nbsp;&nbsp;&nbsp;__aeabi_ui2f
</UL>

<P><STRONG><a name="[d5]"></a>_double_round</STRONG> (Thumb, 30 bytes, Stack size 8 bytes, depilogue.o(.text))
<BR><BR>[Stack]<UL><LI>Max Depth = 8<LI>Call Chain = _double_round
</UL>
<BR>[Called By]<UL><LI><a href="#[d9]">&gt;&gt;</a>&nbsp;&nbsp;&nbsp;__aeabi_ddiv
<LI><a href="#[d1]">&gt;&gt;</a>&nbsp;&nbsp;&nbsp;__aeabi_dadd
<LI><a href="#[d4]">&gt;&gt;</a>&nbsp;&nbsp;&nbsp;_double_epilogue
</UL>

<P><STRONG><a name="[d4]"></a>_double_epilogue</STRONG> (Thumb, 156 bytes, Stack size 32 bytes, depilogue.o(.text))
<BR><BR>[Stack]<UL><LI>Max Depth = 40<LI>Call Chain = _double_epilogue &rArr; _double_round
</UL>
<BR>[Calls]<UL><LI><a href="#[de]">&gt;&gt;</a>&nbsp;&nbsp;&nbsp;__aeabi_llsr
<LI><a href="#[d2]">&gt;&gt;</a>&nbsp;&nbsp;&nbsp;__aeabi_llsl
<LI><a href="#[d5]">&gt;&gt;</a>&nbsp;&nbsp;&nbsp;_double_round
</UL>
<BR>[Called By]<UL><LI><a href="#[dc]">&gt;&gt;</a>&nbsp;&nbsp;&nbsp;__aeabi_ui2d
<LI><a href="#[d8]">&gt;&gt;</a>&nbsp;&nbsp;&nbsp;__aeabi_dmul
<LI><a href="#[d1]">&gt;&gt;</a>&nbsp;&nbsp;&nbsp;__aeabi_dadd
</UL>

<P><STRONG><a name="[e2]"></a>__aeabi_d2ulz</STRONG> (Thumb, 48 bytes, Stack size 0 bytes, dfixul.o(.text), UNUSED)
<BR><BR>[Calls]<UL><LI><a href="#[de]">&gt;&gt;</a>&nbsp;&nbsp;&nbsp;__aeabi_llsr
<LI><a href="#[d2]">&gt;&gt;</a>&nbsp;&nbsp;&nbsp;__aeabi_llsl
</UL>
<BR>[Called By]<UL><LI><a href="#[1ae]">&gt;&gt;</a>&nbsp;&nbsp;&nbsp;_fp_digits
</UL>

<P><STRONG><a name="[98]"></a>__scatterload</STRONG> (Thumb, 28 bytes, Stack size 0 bytes, init.o(.text))
<BR><BR>[Calls]<UL><LI><a href="#[e3]">&gt;&gt;</a>&nbsp;&nbsp;&nbsp;__main_after_scatterload
</UL>
<BR>[Called By]<UL><LI><a href="#[97]">&gt;&gt;</a>&nbsp;&nbsp;&nbsp;_main_scatterload
</UL>

<P><STRONG><a name="[1c8]"></a>__scatterload_rt2</STRONG> (Thumb, 0 bytes, Stack size 0 bytes, init.o(.text), UNUSED)

<P><STRONG><a name="[1c9]"></a>__decompress</STRONG> (Thumb, 0 bytes, Stack size unknown bytes, __dczerorl2.o(.text), UNUSED)

<P><STRONG><a name="[1ca]"></a>__decompress1</STRONG> (Thumb, 86 bytes, Stack size unknown bytes, __dczerorl2.o(.text), UNUSED)

<P><STRONG><a name="[e4]"></a>ADS8688_CollectTask</STRONG> (Thumb, 328 bytes, Stack size 48 bytes, ads8688.o(i.ADS8688_CollectTask))
<BR><BR>[Stack]<UL><LI>Max Depth = 192<LI>Call Chain = ADS8688_CollectTask &rArr; averageValueTomA &rArr; __aeabi_dmul &rArr; _double_epilogue &rArr; _double_round
</UL>
<BR>[Calls]<UL><LI><a href="#[da]">&gt;&gt;</a>&nbsp;&nbsp;&nbsp;__aeabi_ui2f
<LI><a href="#[e8]">&gt;&gt;</a>&nbsp;&nbsp;&nbsp;__aeabi_f2uiz
<LI><a href="#[e5]">&gt;&gt;</a>&nbsp;&nbsp;&nbsp;Get_AUTO_RST_Mode_Data
<LI><a href="#[e9]">&gt;&gt;</a>&nbsp;&nbsp;&nbsp;mAValueToPressVal
<LI><a href="#[eb]">&gt;&gt;</a>&nbsp;&nbsp;&nbsp;mAValueToFlowVal
<LI><a href="#[ea]">&gt;&gt;</a>&nbsp;&nbsp;&nbsp;mAValueToAngleVal
<LI><a href="#[e6]">&gt;&gt;</a>&nbsp;&nbsp;&nbsp;averageValue_Fillter
<LI><a href="#[e7]">&gt;&gt;</a>&nbsp;&nbsp;&nbsp;averageValueTomA
</UL>
<BR>[Called By]<UL><LI><a href="#[6e]">&gt;&gt;</a>&nbsp;&nbsp;&nbsp;TIM4_IRQHandler
</UL>

<P><STRONG><a name="[ec]"></a>ADS8688_IO_Init</STRONG> (Thumb, 126 bytes, Stack size 8 bytes, ads8688.o(i.ADS8688_IO_Init))
<BR><BR>[Stack]<UL><LI>Max Depth = 32<LI>Call Chain = ADS8688_IO_Init &rArr; GPIO_Init
</UL>
<BR>[Calls]<UL><LI><a href="#[ef]">&gt;&gt;</a>&nbsp;&nbsp;&nbsp;GPIO_SetBits
<LI><a href="#[ee]">&gt;&gt;</a>&nbsp;&nbsp;&nbsp;GPIO_PinRemapConfig
<LI><a href="#[ed]">&gt;&gt;</a>&nbsp;&nbsp;&nbsp;GPIO_Init
</UL>
<BR>[Called By]<UL><LI><a href="#[f0]">&gt;&gt;</a>&nbsp;&nbsp;&nbsp;ADS8688_Init
</UL>

<P><STRONG><a name="[f0]"></a>ADS8688_Init</STRONG> (Thumb, 96 bytes, Stack size 16 bytes, ads8688.o(i.ADS8688_Init))
<BR><BR>[Stack]<UL><LI>Max Depth = 56<LI>Call Chain = ADS8688_Init &rArr; Set_Auto_Scan_Sequence &rArr; ADS8688_WriteReg &rArr; ADS8688_SPI_Write8Bit
</UL>
<BR>[Calls]<UL><LI><a href="#[ef]">&gt;&gt;</a>&nbsp;&nbsp;&nbsp;GPIO_SetBits
<LI><a href="#[f6]">&gt;&gt;</a>&nbsp;&nbsp;&nbsp;GPIO_ResetBits
<LI><a href="#[f2]">&gt;&gt;</a>&nbsp;&nbsp;&nbsp;Set_Auto_Scan_Sequence
<LI><a href="#[f1]">&gt;&gt;</a>&nbsp;&nbsp;&nbsp;SOFT_RESET
<LI><a href="#[f3]">&gt;&gt;</a>&nbsp;&nbsp;&nbsp;ADS8688_WriteReg
<LI><a href="#[f4]">&gt;&gt;</a>&nbsp;&nbsp;&nbsp;ADS8688_ReadReg
<LI><a href="#[ec]">&gt;&gt;</a>&nbsp;&nbsp;&nbsp;ADS8688_IO_Init
<LI><a href="#[f5]">&gt;&gt;</a>&nbsp;&nbsp;&nbsp;__2printf
</UL>
<BR>[Called By]<UL><LI><a href="#[121]">&gt;&gt;</a>&nbsp;&nbsp;&nbsp;InitTarget
</UL>

<P><STRONG><a name="[f4]"></a>ADS8688_ReadReg</STRONG> (Thumb, 46 bytes, Stack size 16 bytes, ads8688.o(i.ADS8688_ReadReg))
<BR><BR>[Stack]<UL><LI>Max Depth = 32<LI>Call Chain = ADS8688_ReadReg &rArr; ADS8688_SPI_Write8Bit
</UL>
<BR>[Calls]<UL><LI><a href="#[ef]">&gt;&gt;</a>&nbsp;&nbsp;&nbsp;GPIO_SetBits
<LI><a href="#[f6]">&gt;&gt;</a>&nbsp;&nbsp;&nbsp;GPIO_ResetBits
<LI><a href="#[f7]">&gt;&gt;</a>&nbsp;&nbsp;&nbsp;ADS8688_SPI_Write8Bit
<LI><a href="#[f8]">&gt;&gt;</a>&nbsp;&nbsp;&nbsp;ADS8688_SPI_Read8Bit
</UL>
[...]
<BR><BR>[Stack]<UL><LI>Max Depth = 32<LI>Call Chain = mStopIfError &rArr; __2printf
</UL>
<BR>[Calls]<UL><LI><a href="#[f5]">&gt;&gt;</a>&nbsp;&nbsp;&nbsp;__2printf
</UL>
<BR>[Called By]<UL><LI><a href="#[121]">&gt;&gt;</a>&nbsp;&nbsp;&nbsp;InitTarget
</UL>

<P><STRONG><a name="[8c]"></a>main</STRONG> (Thumb, 62 bytes, Stack size 40 bytes, main.o(i.main))
<BR><BR>[Stack]<UL><LI>Max Depth = 232 + Unknown Stack Size
<LI>Call Chain = main &rArr; InitTarget &rArr; DAC8771_Init &rArr; DAC8771_init &rArr; DAC8771_Read_CMD &rArr; DAC8771_WRITE_CMD
</UL>
<BR>[Calls]<UL><LI><a href="#[160]">&gt;&gt;</a>&nbsp;&nbsp;&nbsp;OSTaskCreateExt
<LI><a href="#[15e]">&gt;&gt;</a>&nbsp;&nbsp;&nbsp;OSStart
<LI><a href="#[14f]">&gt;&gt;</a>&nbsp;&nbsp;&nbsp;OSInit
<LI><a href="#[121]">&gt;&gt;</a>&nbsp;&nbsp;&nbsp;InitTarget
</UL>
<BR>[Address Reference Count : 1]<UL><LI> entry9a.o(.ARM.Collect$$$$0000000B)
</UL>
<P><STRONG><a name="[14b]"></a>setBoltGradeValVarFlag</STRONG> (Thumb, 648 bytes, Stack size 32 bytes, screencore.o(i.setBoltGradeValVarFlag))
<BR><BR>[Stack]<UL><LI>Max Depth = 40<LI>Call Chain = setBoltGradeValVarFlag &rArr; strncpy
</UL>
<BR>[Calls]<UL><LI><a href="#[192]">&gt;&gt;</a>&nbsp;&nbsp;&nbsp;strncpy
<LI><a href="#[190]">&gt;&gt;</a>&nbsp;&nbsp;&nbsp;__aeabi_memclr4
</UL>
<BR>[Called By]<UL><LI><a href="#[115]">&gt;&gt;</a>&nbsp;&nbsp;&nbsp;ModiVarDecWide
<LI><a href="#[113]">&gt;&gt;</a>&nbsp;&nbsp;&nbsp;ModiVarDec
<LI><a href="#[116]">&gt;&gt;</a>&nbsp;&nbsp;&nbsp;ModiVarAddWide
<LI><a href="#[114]">&gt;&gt;</a>&nbsp;&nbsp;&nbsp;ModiVarAdd
</UL>

<P><STRONG><a name="[146]"></a>setDayValVarFlag</STRONG> (Thumb, 176 bytes, Stack size 24 bytes, screencore.o(i.setDayValVarFlag))
<BR><BR>[Stack]<UL><LI>Max Depth = 68<LI>Call Chain = setDayValVarFlag &rArr; RTC_Set &rArr; RTC_SetCounter
</UL>
<BR>[Calls]<UL><LI><a href="#[13c]">&gt;&gt;</a>&nbsp;&nbsp;&nbsp;SetTextInt32
<LI><a href="#[18c]">&gt;&gt;</a>&nbsp;&nbsp;&nbsp;RTC_Set
<LI><a href="#[17d]">&gt;&gt;</a>&nbsp;&nbsp;&nbsp;Is_Leap_Year
</UL>
<BR>[Called By]<UL><LI><a href="#[115]">&gt;&gt;</a>&nbsp;&nbsp;&nbsp;ModiVarDecWide
<LI><a href="#[113]">&gt;&gt;</a>&nbsp;&nbsp;&nbsp;ModiVarDec
<LI><a href="#[116]">&gt;&gt;</a>&nbsp;&nbsp;&nbsp;ModiVarAddWide
<LI><a href="#[114]">&gt;&gt;</a>&nbsp;&nbsp;&nbsp;ModiVarAdd
</UL>

<P><STRONG><a name="[147]"></a>setHourValVarFlag</STRONG> (Thumb, 74 bytes, Stack size 24 bytes, screencore.o(i.setHourValVarFlag))
<BR><BR>[Stack]<UL><LI>Max Depth = 68<LI>Call Chain = setHourValVarFlag &rArr; RTC_Set &rArr; RTC_SetCounter
</UL>
<BR>[Calls]<UL><LI><a href="#[13c]">&gt;&gt;</a>&nbsp;&nbsp;&nbsp;SetTextInt32
<LI><a href="#[18c]">&gt;&gt;</a>&nbsp;&nbsp;&nbsp;RTC_Set
</UL>
<BR>[Called By]<UL><LI><a href="#[115]">&gt;&gt;</a>&nbsp;&nbsp;&nbsp;ModiVarDecWide
<LI><a href="#[113]">&gt;&gt;</a>&nbsp;&nbsp;&nbsp;ModiVarDec
<LI><a href="#[116]">&gt;&gt;</a>&nbsp;&nbsp;&nbsp;ModiVarAddWide
<LI><a href="#[114]">&gt;&gt;</a>&nbsp;&nbsp;&nbsp;ModiVarAdd
</UL>

<P><STRONG><a name="[143]"></a>setLangChartFlag</STRONG> (Thumb, 136 bytes, Stack size 48 bytes, screencore.o(i.setLangChartFlag))
<BR><BR>[Stack]<UL><LI>Max Depth = 80<LI>Call Chain = setLangChartFlag &rArr; SetTextValue &rArr; SendStrings &rArr; SendChar
</UL>
<BR>[Calls]<UL><LI><a href="#[13b]">&gt;&gt;</a>&nbsp;&nbsp;&nbsp;SetTextValue
<LI><a href="#[141]">&gt;&gt;</a>&nbsp;&nbsp;&nbsp;SetLanguage
</UL>
<BR>[Called By]<UL><LI><a href="#[115]">&gt;&gt;</a>&nbsp;&nbsp;&nbsp;ModiVarDecWide
<LI><a href="#[113]">&gt;&gt;</a>&nbsp;&nbsp;&nbsp;ModiVarDec
<LI><a href="#[116]">&gt;&gt;</a>&nbsp;&nbsp;&nbsp;ModiVarAddWide
<LI><a href="#[114]">&gt;&gt;</a>&nbsp;&nbsp;&nbsp;ModiVarAdd
</UL>

<P><STRONG><a name="[148]"></a>setMinuteValVarFlag</STRONG> (Thumb, 68 bytes, Stack size 24 bytes, screencore.o(i.setMinuteValVarFlag))
<BR><BR>[Stack]<UL><LI>Max Depth = 68<LI>Call Chain = setMinuteValVarFlag &rArr; RTC_Set &rArr; RTC_SetCounter
</UL>
<BR>[Calls]<UL><LI><a href="#[13c]">&gt;&gt;</a>&nbsp;&nbsp;&nbsp;SetTextInt32
<LI><a href="#[18c]">&gt;&gt;</a>&nbsp;&nbsp;&nbsp;RTC_Set
</UL>
<BR>[Called By]<UL><LI><a href="#[115]">&gt;&gt;</a>&nbsp;&nbsp;&nbsp;ModiVarDecWide
<LI><a href="#[113]">&gt;&gt;</a>&nbsp;&nbsp;&nbsp;ModiVarDec
<LI><a href="#[116]">&gt;&gt;</a>&nbsp;&nbsp;&nbsp;ModiVarAddWide
<LI><a href="#[114]">&gt;&gt;</a>&nbsp;&nbsp;&nbsp;ModiVarAdd
</UL>

<P><STRONG><a name="[145]"></a>setMonthValVarFlag</STRONG> (Thumb, 70 bytes, Stack size 24 bytes, screencore.o(i.setMonthValVarFlag))
<BR><BR>[Stack]<UL><LI>Max Depth = 68<LI>Call Chain = setMonthValVarFlag &rArr; RTC_Set &rArr; RTC_SetCounter
</UL>
<BR>[Calls]<UL><LI><a href="#[13c]">&gt;&gt;</a>&nbsp;&nbsp;&nbsp;SetTextInt32
<LI><a href="#[18c]">&gt;&gt;</a>&nbsp;&nbsp;&nbsp;RTC_Set
</UL>
<BR>[Called By]<UL><LI><a href="#[115]">&gt;&gt;</a>&nbsp;&nbsp;&nbsp;ModiVarDecWide
<LI><a href="#[113]">&gt;&gt;</a>&nbsp;&nbsp;&nbsp;ModiVarDec
<LI><a href="#[116]">&gt;&gt;</a>&nbsp;&nbsp;&nbsp;ModiVarAddWide
<LI><a href="#[114]">&gt;&gt;</a>&nbsp;&nbsp;&nbsp;ModiVarAdd
</UL>

<P><STRONG><a name="[149]"></a>setSecondValVarFlag</STRONG> (Thumb, 78 bytes, Stack size 24 bytes, screencore.o(i.setSecondValVarFlag))
<BR><BR>[Stack]<UL><LI>Max Depth = 68<LI>Call Chain = setSecondValVarFlag &rArr; RTC_Set &rArr; RTC_SetCounter
</UL>
<BR>[Calls]<UL><LI><a href="#[13c]">&gt;&gt;</a>&nbsp;&nbsp;&nbsp;SetTextInt32
<LI><a href="#[18c]">&gt;&gt;</a>&nbsp;&nbsp;&nbsp;RTC_Set
</UL>
<BR>[Called By]<UL><LI><a href="#[115]">&gt;&gt;</a>&nbsp;&nbsp;&nbsp;ModiVarDecWide
<LI><a href="#[113]">&gt;&gt;</a>&nbsp;&nbsp;&nbsp;ModiVarDec
<LI><a href="#[116]">&gt;&gt;</a>&nbsp;&nbsp;&nbsp;ModiVarAddWide
<LI><a href="#[114]">&gt;&gt;</a>&nbsp;&nbsp;&nbsp;ModiVarAdd
</UL>

<P><STRONG><a name="[142]"></a>setSensorPresetTorValVarFlag</STRONG> (Thumb, 818 bytes, Stack size 56 bytes, screencore.o(i.setSensorPresetTorValVarFlag))
<BR><BR>[Stack]<UL><LI>Max Depth = 144<LI>Call Chain = setSensorPresetTorValVarFlag &rArr; __aeabi_dmul &rArr; _double_epilogue &rArr; _double_round
</UL>
<BR>[Calls]<UL><LI><a href="#[dc]">&gt;&gt;</a>&nbsp;&nbsp;&nbsp;__aeabi_ui2d
<LI><a href="#[d8]">&gt;&gt;</a>&nbsp;&nbsp;&nbsp;__aeabi_dmul
<LI><a href="#[d1]">&gt;&gt;</a>&nbsp;&nbsp;&nbsp;__aeabi_dadd
<LI><a href="#[dd]">&gt;&gt;</a>&nbsp;&nbsp;&nbsp;__aeabi_d2uiz
<LI><a href="#[13d]">&gt;&gt;</a>&nbsp;&nbsp;&nbsp;__aeabi_cdrcmple
<LI><a href="#[e8]">&gt;&gt;</a>&nbsp;&nbsp;&nbsp;__aeabi_f2uiz
<LI><a href="#[14c]">&gt;&gt;</a>&nbsp;&nbsp;&nbsp;getPressValue
</UL>
<BR>[Called By]<UL><LI><a href="#[39]">&gt;&gt;</a>&nbsp;&nbsp;&nbsp;MemuSix
<LI><a href="#[115]">&gt;&gt;</a>&nbsp;&nbsp;&nbsp;ModiVarDecWide
<LI><a href="#[113]">&gt;&gt;</a>&nbsp;&nbsp;&nbsp;ModiVarDec
<LI><a href="#[116]">&gt;&gt;</a>&nbsp;&nbsp;&nbsp;ModiVarAddWide
<LI><a href="#[114]">&gt;&gt;</a>&nbsp;&nbsp;&nbsp;ModiVarAdd
</UL>

<P><STRONG><a name="[14a]"></a>setTargetTorqueValVarFlag</STRONG> (Thumb, 244 bytes, Stack size 40 bytes, screencore.o(i.setTargetTorqueValVarFlag))
<BR><BR>[Stack]<UL><LI>Max Depth = 128<LI>Call Chain = setTargetTorqueValVarFlag &rArr; __aeabi_dmul &rArr; _double_epilogue &rArr; _double_round
</UL>
<BR>[Calls]<UL><LI><a href="#[dc]">&gt;&gt;</a>&nbsp;&nbsp;&nbsp;__aeabi_ui2d
<LI><a href="#[d8]">&gt;&gt;</a>&nbsp;&nbsp;&nbsp;__aeabi_dmul
<LI><a href="#[dd]">&gt;&gt;</a>&nbsp;&nbsp;&nbsp;__aeabi_d2uiz
<LI><a href="#[13d]">&gt;&gt;</a>&nbsp;&nbsp;&nbsp;__aeabi_cdrcmple
<LI><a href="#[1b3]">&gt;&gt;</a>&nbsp;&nbsp;&nbsp;__aeabi_cdcmple
<LI><a href="#[14c]">&gt;&gt;</a>&nbsp;&nbsp;&nbsp;getPressValue
</UL>
<BR>[Called By]<UL><LI><a href="#[115]">&gt;&gt;</a>&nbsp;&nbsp;&nbsp;ModiVarDecWide
<LI><a href="#[113]">&gt;&gt;</a>&nbsp;&nbsp;&nbsp;ModiVarDec
<LI><a href="#[116]">&gt;&gt;</a>&nbsp;&nbsp;&nbsp;ModiVarAddWide
<LI><a href="#[114]">&gt;&gt;</a>&nbsp;&nbsp;&nbsp;ModiVarAdd
</UL>

<P><STRONG><a name="[144]"></a>setYearValVarFlag</STRONG> (Thumb, 62 bytes, Stack size 24 bytes, screencore.o(i.setYearValVarFlag))
<BR><BR>[Stack]<UL><LI>Max Depth = 68<LI>Call Chain = setYearValVarFlag &rArr; RTC_Set &rArr; RTC_SetCounter
</UL>
<BR>[Calls]<UL><LI><a href="#[13c]">&gt;&gt;</a>&nbsp;&nbsp;&nbsp;SetTextInt32
<LI><a href="#[18c]">&gt;&gt;</a>&nbsp;&nbsp;&nbsp;RTC_Set
</UL>
<BR>[Called By]<UL><LI><a href="#[115]">&gt;&gt;</a>&nbsp;&nbsp;&nbsp;ModiVarDecWide
<LI><a href="#[113]">&gt;&gt;</a>&nbsp;&nbsp;&nbsp;ModiVarDec
<LI><a href="#[116]">&gt;&gt;</a>&nbsp;&nbsp;&nbsp;ModiVarAddWide
<LI><a href="#[114]">&gt;&gt;</a>&nbsp;&nbsp;&nbsp;ModiVarAdd
</UL>

<P><STRONG><a name="[125]"></a>uart_init</STRONG> (Thumb, 76 bytes, Stack size 8 bytes, uart.o(i.uart_init))
<BR><BR>[Stack]<UL><LI>Max Depth = 108<LI>Call Chain = uart_init &rArr; RS485_Init &rArr; USART_Init &rArr; RCC_GetClocksFreq
</UL>
<BR>[Calls]<UL><LI><a href="#[1b4]">&gt;&gt;</a>&nbsp;&nbsp;&nbsp;USART_DMACmd
<LI><a href="#[178]">&gt;&gt;</a>&nbsp;&nbsp;&nbsp;USART_Cmd
<LI><a href="#[176]">&gt;&gt;</a>&nbsp;&nbsp;&nbsp;RS485_Init
<LI><a href="#[10d]">&gt;&gt;</a>&nbsp;&nbsp;&nbsp;DMA_Configuration
<LI><a href="#[1a8]">&gt;&gt;</a>&nbsp;&nbsp;&nbsp;UART3_Init
<LI><a href="#[1a6]">&gt;&gt;</a>&nbsp;&nbsp;&nbsp;UART1_Init
</UL>
<BR>[Called By]<UL><LI><a href="#[121]">&gt;&gt;</a>&nbsp;&nbsp;&nbsp;InitTarget
</UL>

<P><STRONG><a name="[b7]"></a>xDelayAfterWrite</STRONG> (Thumb, 14 bytes, Stack size 0 bytes, ch374drv.o(i.xDelayAfterWrite), UNUSED)
<BR><BR>[Called By]<UL><LI><a href="#[b5]">&gt;&gt;</a>&nbsp;&nbsp;&nbsp;CH374s07
</UL>

<P><STRONG><a name="[c4]"></a>xFileNameEnumer</STRONG> (Thumb, 2 bytes, Stack size 0 bytes, ch374drv.o(i.xFileNameEnumer), UNUSED)
<BR><BR>[Called By]<UL><LI><a href="#[c3]">&gt;&gt;</a>&nbsp;&nbsp;&nbsp;CH374FileOpen
</UL>

<P><STRONG><a name="[9f]"></a>xQueryInterrupt</STRONG> (Thumb, 18 bytes, Stack size 8 bytes, ch374drv.o(i.xQueryInterrupt), UNUSED)
<BR><BR>[Calls]<UL><LI><a href="#[f9]">&gt;&gt;</a>&nbsp;&nbsp;&nbsp;GPIO_ReadInputDataBit
</UL>
<BR>[Called By]<UL><LI><a href="#[9e]">&gt;&gt;</a>&nbsp;&nbsp;&nbsp;CH374HostTransact
</UL>
<P>
<H3>
Local Symbols
</H3>
<P><STRONG><a name="[19c]"></a>SetSysClock</STRONG> (Thumb, 8 bytes, Stack size 8 bytes, system_stm32f10x.o(i.SetSysClock))
<BR><BR>[Stack]<UL><LI>Max Depth = 20<LI>Call Chain = SetSysClock &rArr; SetSysClockTo72
</UL>
<BR>[Calls]<UL><LI><a href="#[19d]">&gt;&gt;</a>&nbsp;&nbsp;&nbsp;SetSysClockTo72
</UL>
<BR>[Called By]<UL><LI><a href="#[8d]">&gt;&gt;</a>&nbsp;&nbsp;&nbsp;SystemInit
</UL>

<P><STRONG><a name="[19d]"></a>SetSysClockTo72</STRONG> (Thumb, 214 bytes, Stack size 12 bytes, system_stm32f10x.o(i.SetSysClockTo72))
<BR><BR>[Stack]<UL><LI>Max Depth = 12<LI>Call Chain = SetSysClockTo72
</UL>
<BR>[Called By]<UL><LI><a href="#[19c]">&gt;&gt;</a>&nbsp;&nbsp;&nbsp;SetSysClock
</UL>

<P><STRONG><a name="[e7]"></a>averageValueTomA</STRONG> (Thumb, 96 bytes, Stack size 56 bytes, ads8688.o(i.averageValueTomA))
<BR><BR>[Stack]<UL><LI>Max Depth = 144<LI>Call Chain = averageValueTomA &rArr; __aeabi_dmul &rArr; _double_epilogue &rArr; _double_round
</UL>
<BR>[Calls]<UL><LI><a href="#[dc]">&gt;&gt;</a>&nbsp;&nbsp;&nbsp;__aeabi_ui2d
<LI><a href="#[d8]">&gt;&gt;</a>&nbsp;&nbsp;&nbsp;__aeabi_dmul
<LI><a href="#[d9]">&gt;&gt;</a>&nbsp;&nbsp;&nbsp;__aeabi_ddiv
<LI><a href="#[df]">&gt;&gt;</a>&nbsp;&nbsp;&nbsp;__aeabi_d2f
</UL>
<BR>[Called By]<UL><LI><a href="#[e4]">&gt;&gt;</a>&nbsp;&nbsp;&nbsp;ADS8688_CollectTask
</UL>

<P><STRONG><a name="[e6]"></a>averageValue_Fillter</STRONG> (Thumb, 168 bytes, Stack size 28 bytes, ads8688.o(i.averageValue_Fillter))
<BR><BR>[Stack]<UL><LI>Max Depth = 28<LI>Call Chain = averageValue_Fillter
</UL>
<BR>[Called By]<UL><LI><a href="#[e4]">&gt;&gt;</a>&nbsp;&nbsp;&nbsp;ADS8688_CollectTask
</UL>

<P><STRONG><a name="[ea]"></a>mAValueToAngleVal</STRONG> (Thumb, 6 bytes, Stack size 0 bytes, ads8688.o(i.mAValueToAngleVal))
<BR><BR>[Called By]<UL><LI><a href="#[e4]">&gt;&gt;</a>&nbsp;&nbsp;&nbsp;ADS8688_CollectTask
</UL>

<P><STRONG><a name="[eb]"></a>mAValueToFlowVal</STRONG> (Thumb, 42 bytes, Stack size 32 bytes, ads8688.o(i.mAValueToFlowVal))
<BR><BR>[Stack]<UL><LI>Max Depth = 120<LI>Call Chain = mAValueToFlowVal &rArr; __aeabi_dmul &rArr; _double_epilogue &rArr; _double_round
</UL>
<BR>[Calls]<UL><LI><a href="#[133]">&gt;&gt;</a>&nbsp;&nbsp;&nbsp;__aeabi_f2d
<LI><a href="#[d8]">&gt;&gt;</a>&nbsp;&nbsp;&nbsp;__aeabi_dmul
<LI><a href="#[df]">&gt;&gt;</a>&nbsp;&nbsp;&nbsp;__aeabi_d2f
<LI><a href="#[d6]">&gt;&gt;</a>&nbsp;&nbsp;&nbsp;__aeabi_dsub
</UL>
<BR>[Called By]<UL><LI><a href="#[e4]">&gt;&gt;</a>&nbsp;&nbsp;&nbsp;ADS8688_CollectTask
</UL>

<P><STRONG><a name="[e9]"></a>mAValueToPressVal</STRONG> (Thumb, 42 bytes, Stack size 32 bytes, ads8688.o(i.mAValueToPressVal))
<BR><BR>[Stack]<UL><LI>Max Depth = 120<LI>Call Chain = mAValueToPressVal &rArr; __aeabi_dmul &rArr; _double_epilogue &rArr; _double_round
</UL>
<BR>[Calls]<UL><LI><a href="#[133]">&gt;&gt;</a>&nbsp;&nbsp;&nbsp;__aeabi_f2d
<LI><a href="#[d8]">&gt;&gt;</a>&nbsp;&nbsp;&nbsp;__aeabi_dmul
<LI><a href="#[df]">&gt;&gt;</a>&nbsp;&nbsp;&nbsp;__aeabi_d2f
<LI><a href="#[d6]">&gt;&gt;</a>&nbsp;&nbsp;&nbsp;__aeabi_dsub
</UL>
<BR>[Called By]<UL><LI><a href="#[e4]">&gt;&gt;</a>&nbsp;&nbsp;&nbsp;ADS8688_CollectTask
</UL>

<P><STRONG><a name="[154]"></a>OS_InitEventList</STRONG> (Thumb, 70 bytes, Stack size 12 bytes, os_core.o(i.OS_InitEventList))
<BR><BR>[Stack]<UL><LI>Max Depth = 12<LI>Call Chain = OS_InitEventList
</UL>
<BR>[Calls]<UL><LI><a href="#[16d]">&gt;&gt;</a>&nbsp;&nbsp;&nbsp;OS_MemClr
</UL>
<BR>[Called By]<UL><LI><a href="#[14f]">&gt;&gt;</a>&nbsp;&nbsp;&nbsp;OSInit
</UL>

<P><STRONG><a name="[151]"></a>OS_InitMisc</STRONG> (Thumb, 44 bytes, Stack size 0 bytes, os_core.o(i.OS_InitMisc))
<BR><BR>[Called By]<UL><LI><a href="#[14f]">&gt;&gt;</a>&nbsp;&nbsp;&nbsp;OSInit
</UL>

<P><STRONG><a name="[152]"></a>OS_InitRdyList</STRONG> (Thumb, 46 bytes, Stack size 0 bytes, os_core.o(i.OS_InitRdyList))
<BR><BR>[Called By]<UL><LI><a href="#[14f]">&gt;&gt;</a>&nbsp;&nbsp;&nbsp;OSInit
</UL>

<P><STRONG><a name="[153]"></a>OS_InitTCBList</STRONG> (Thumb, 86 bytes, Stack size 12 bytes, os_core.o(i.OS_InitTCBList))
<BR><BR>[Stack]<UL><LI>Max Depth = 12<LI>Call Chain = OS_InitTCBList
</UL>
<BR>[Calls]<UL><LI><a href="#[16d]">&gt;&gt;</a>&nbsp;&nbsp;&nbsp;OS_MemClr
</UL>
<BR>[Called By]<UL><LI><a href="#[14f]">&gt;&gt;</a>&nbsp;&nbsp;&nbsp;OSInit
</UL>

<P><STRONG><a name="[157]"></a>OS_InitTaskIdle</STRONG> (Thumb, 50 bytes, Stack size 32 bytes, os_core.o(i.OS_InitTaskIdle))
<BR><BR>[Stack]<UL><LI>Max Depth = 128 + Unknown Stack Size
<LI>Call Chain = OS_InitTaskIdle &rArr; OSTaskCreateExt &rArr; OS_TCBInit
</UL>
<BR>[Calls]<UL><LI><a href="#[160]">&gt;&gt;</a>&nbsp;&nbsp;&nbsp;OSTaskCreateExt
<LI><a href="#[165]">&gt;&gt;</a>&nbsp;&nbsp;&nbsp;OSTaskNameSet
</UL>
<BR>[Called By]<UL><LI><a href="#[14f]">&gt;&gt;</a>&nbsp;&nbsp;&nbsp;OSInit
</UL>

<P><STRONG><a name="[158]"></a>OS_InitTaskStat</STRONG> (Thumb, 50 bytes, Stack size 32 bytes, os_core.o(i.OS_InitTaskStat))
<BR><BR>[Stack]<UL><LI>Max Depth = 128 + Unknown Stack Size
<LI>Call Chain = OS_InitTaskStat &rArr; OSTaskCreateExt &rArr; OS_TCBInit
</UL>
<BR>[Calls]<UL><LI><a href="#[160]">&gt;&gt;</a>&nbsp;&nbsp;&nbsp;OSTaskCreateExt
<LI><a href="#[165]">&gt;&gt;</a>&nbsp;&nbsp;&nbsp;OSTaskNameSet
</UL>
<BR>[Called By]<UL><LI><a href="#[14f]">&gt;&gt;</a>&nbsp;&nbsp;&nbsp;OSInit
</UL>

<P><STRONG><a name="[15b]"></a>OS_SchedNew</STRONG> (Thumb, 26 bytes, Stack size 0 bytes, os_core.o(i.OS_SchedNew))
<BR><BR>[Called By]<UL><LI><a href="#[15e]">&gt;&gt;</a>&nbsp;&nbsp;&nbsp;OSStart
<LI><a href="#[164]">&gt;&gt;</a>&nbsp;&nbsp;&nbsp;OS_Sched
<LI><a href="#[90]">&gt;&gt;</a>&nbsp;&nbsp;&nbsp;OSIntExit
</UL>

<P><STRONG><a name="[9b]"></a>CH374s29</STRONG> (Thumb, 42 bytes, Stack size 8 bytes, CH374MAI.O(.text))
<BR><BR>[Stack]<UL><LI>Max Depth = 48<LI>Call Chain = CH374s29 &rArr; CH374_WRITE_REGISTER &rArr; Spi374Start &rArr; SPI3_TransByte
</UL>
<BR>[Calls]<UL><LI><a href="#[9c]">&gt;&gt;</a>&nbsp;&nbsp;&nbsp;CH374_WRITE_REGISTER
</UL>
<BR>[Called By]<UL><LI><a href="#[a7]">&gt;&gt;</a>&nbsp;&nbsp;&nbsp;CH374Init
<LI><a href="#[a3]">&gt;&gt;</a>&nbsp;&nbsp;&nbsp;CH374DiskConnect
<LI><a href="#[af]">&gt;&gt;</a>&nbsp;&nbsp;&nbsp;CH374s13
</UL>

<P><STRONG><a name="[b0]"></a>CH374s27</STRONG> (Thumb, 44 bytes, Stack size 0 bytes, CH374MAI.O(.text), UNUSED)
<BR><BR>[Called By]<UL><LI><a href="#[cb]">&gt;&gt;</a>&nbsp;&nbsp;&nbsp;CH374DiskReady
<LI><a href="#[ba]">&gt;&gt;</a>&nbsp;&nbsp;&nbsp;CH374s22
<LI><a href="#[b8]">&gt;&gt;</a>&nbsp;&nbsp;&nbsp;CH374s25
<LI><a href="#[af]">&gt;&gt;</a>&nbsp;&nbsp;&nbsp;CH374s13
<LI><a href="#[b9]">&gt;&gt;</a>&nbsp;&nbsp;&nbsp;CH374s26
</UL>

<P><STRONG><a name="[bd]"></a>CH374s02</STRONG> (Thumb, 14 bytes, Stack size 0 bytes, CH374MAI.O(.text), UNUSED)
<BR><BR>[Called By]<UL><LI><a href="#[bb]">&gt;&gt;</a>&nbsp;&nbsp;&nbsp;CH374s08
</UL>

<P><STRONG><a name="[a5]"></a>CH374s31</STRONG> (Thumb, 28 bytes, Stack size 8 bytes, CH374MAI.O(.text), UNUSED)
<BR><BR>[Calls]<UL><LI><a href="#[9c]">&gt;&gt;</a>&nbsp;&nbsp;&nbsp;CH374_WRITE_REGISTER
<LI><a href="#[aa]">&gt;&gt;</a>&nbsp;&nbsp;&nbsp;CH374_WRITE_BLOCK_C
</UL>
<BR>[Called By]<UL><LI><a href="#[a3]">&gt;&gt;</a>&nbsp;&nbsp;&nbsp;CH374DiskConnect
<LI><a href="#[ba]">&gt;&gt;</a>&nbsp;&nbsp;&nbsp;CH374s22
</UL>

<P><STRONG><a name="[a4]"></a>CH374s30</STRONG> (Thumb, 32 bytes, Stack size 8 bytes, CH374MAI.O(.text), UNUSED)
<BR><BR>[Calls]<UL><LI><a href="#[9c]">&gt;&gt;</a>&nbsp;&nbsp;&nbsp;CH374_WRITE_REGISTER
<LI><a href="#[aa]">&gt;&gt;</a>&nbsp;&nbsp;&nbsp;CH374_WRITE_BLOCK_C
<LI><a href="#[a0]">&gt;&gt;</a>&nbsp;&nbsp;&nbsp;CH374CtrlTransfer
</UL>
<BR>[Called By]<UL><LI><a href="#[a3]">&gt;&gt;</a>&nbsp;&nbsp;&nbsp;CH374DiskConnect
<LI><a href="#[ba]">&gt;&gt;</a>&nbsp;&nbsp;&nbsp;CH374s22
</UL>

<P><STRONG><a name="[b9]"></a>CH374s26</STRONG> (Thumb, 34 bytes, Stack size 8 bytes, CH374MAI.O(.text), UNUSED)
<BR><BR>[Calls]<UL><LI><a href="#[99]">&gt;&gt;</a>&nbsp;&nbsp;&nbsp;CH374DelaymS
<LI><a href="#[ad]">&gt;&gt;</a>&nbsp;&nbsp;&nbsp;CH374BulkOnlyCmd
<LI><a href="#[b0]">&gt;&gt;</a>&nbsp;&nbsp;&nbsp;CH374s27
</UL>
<BR>[Called By]<UL><LI><a href="#[cb]">&gt;&gt;</a>&nbsp;&nbsp;&nbsp;CH374DiskReady
<LI><a href="#[b8]">&gt;&gt;</a>&nbsp;&nbsp;&nbsp;CH374s25
</UL>

<P><STRONG><a name="[1ae]"></a>_fp_digits</STRONG> (Thumb, 366 bytes, Stack size 64 bytes, printfa.o(i._fp_digits), UNUSED)
<BR><BR>[Calls]<UL><LI><a href="#[d8]">&gt;&gt;</a>&nbsp;&nbsp;&nbsp;__aeabi_dmul
<LI><a href="#[d9]">&gt;&gt;</a>&nbsp;&nbsp;&nbsp;__aeabi_ddiv
<LI><a href="#[d1]">&gt;&gt;</a>&nbsp;&nbsp;&nbsp;__aeabi_dadd
<LI><a href="#[13d]">&gt;&gt;</a>&nbsp;&nbsp;&nbsp;__aeabi_cdrcmple
<LI><a href="#[e1]">&gt;&gt;</a>&nbsp;&nbsp;&nbsp;__aeabi_uldivmod
<LI><a href="#[e2]">&gt;&gt;</a>&nbsp;&nbsp;&nbsp;__aeabi_d2ulz
</UL>
<BR>[Called By]<UL><LI><a href="#[1ad]">&gt;&gt;</a>&nbsp;&nbsp;&nbsp;_printf_core
</UL>

<P><STRONG><a name="[1ad]"></a>_printf_core</STRONG> (Thumb, 1704 bytes, Stack size 136 bytes, printfa.o(i._printf_core), UNUSED)
<BR><BR>[Calls]<UL><LI><a href="#[e1]">&gt;&gt;</a>&nbsp;&nbsp;&nbsp;__aeabi_uldivmod
<LI><a href="#[1b1]">&gt;&gt;</a>&nbsp;&nbsp;&nbsp;__aeabi_uidivmod
<LI><a href="#[1af]">&gt;&gt;</a>&nbsp;&nbsp;&nbsp;_printf_pre_padding
<LI><a href="#[1b0]">&gt;&gt;</a>&nbsp;&nbsp;&nbsp;_printf_post_padding
<LI><a href="#[1ae]">&gt;&gt;</a>&nbsp;&nbsp;&nbsp;_fp_digits
</UL>
<BR>[Called By]<UL><LI><a href="#[1ac]">&gt;&gt;</a>&nbsp;&nbsp;&nbsp;__0printf
</UL>

<P><STRONG><a name="[1b0]"></a>_printf_post_padding</STRONG> (Thumb, 36 bytes, Stack size 24 bytes, printfa.o(i._printf_post_padding), UNUSED)
<BR><BR>[Called By]<UL><LI><a href="#[1ad]">&gt;&gt;</a>&nbsp;&nbsp;&nbsp;_printf_core
</UL>

<P><STRONG><a name="[1af]"></a>_printf_pre_padding</STRONG> (Thumb, 46 bytes, Stack size 24 bytes, printfa.o(i._printf_pre_padding), UNUSED)
<BR><BR>[Called By]<UL><LI><a href="#[1ad]">&gt;&gt;</a>&nbsp;&nbsp;&nbsp;_printf_core
</UL>
<P>
<H3>
Undefined Global Symbols
</H3><HR></body></html>
