Component: ARM Compiler 5.06 update 7 (build 960) Tool: armlink [4d3601]

==============================================================================

Section Cross References

    main.o(i.TaskStart) refers to os_task.o(i.OSTaskCreateExt) for OSTaskCreateExt
    main.o(i.TaskStart) refers to os_time.o(i.OSTimeDly) for OSTimeDly
    main.o(i.TaskStart) refers to main.o(.bss) for TaskKeyControlStk
    main.o(i.TaskStart) refers to screenshow.o(i.TaskKeyControl) for TaskKeyControl
    main.o(i.TaskStart) refers to iwdg.o(i.TaskDog) for TaskDog
    main.o(i.main) refers to system.o(i.InitTarget) for InitTarget
    main.o(i.main) refers to os_core.o(i.OSInit) for OSInit
    main.o(i.main) refers to os_task.o(i.OSTaskCreateExt) for OSTaskCreateExt
    main.o(i.main) refers to os_core.o(i.OSStart) for OSStart
    main.o(i.main) refers to main.o(.bss) for TaskStartStk
    main.o(i.main) refers to main.o(i.TaskStart) for TaskStart
    startup_stm32f10x_hd.o(RESET) refers to startup_stm32f10x_hd.o(STACK) for __initial_sp
    startup_stm32f10x_hd.o(RESET) refers to startup_stm32f10x_hd.o(.text) for Reset_Handler
    startup_stm32f10x_hd.o(RESET) refers to stm32f10x_it.o(i.NMI_Handler) for NMI_Handler
    startup_stm32f10x_hd.o(RESET) refers to stm32f10x_it.o(i.HardFault_Handler) for HardFault_Handler
    startup_stm32f10x_hd.o(RESET) refers to stm32f10x_it.o(i.MemManage_Handler) for MemManage_Handler
    startup_stm32f10x_hd.o(RESET) refers to stm32f10x_it.o(i.BusFault_Handler) for BusFault_Handler
    startup_stm32f10x_hd.o(RESET) refers to stm32f10x_it.o(i.UsageFault_Handler) for UsageFault_Handler
    startup_stm32f10x_hd.o(RESET) refers to stm32f10x_it.o(i.SVC_Handler) for SVC_Handler
    startup_stm32f10x_hd.o(RESET) refers to stm32f10x_it.o(i.DebugMon_Handler) for DebugMon_Handler
    startup_stm32f10x_hd.o(RESET) refers to os_cpu_a.o(.text) for PendSV_Handler
    startup_stm32f10x_hd.o(RESET) refers to systick.o(i.SysTick_Handler) for SysTick_Handler
    startup_stm32f10x_hd.o(RESET) refers to rtc.o(i.RTC_IRQHandler) for RTC_IRQHandler
    startup_stm32f10x_hd.o(RESET) refers to exti.o(i.EXTI9_5_IRQHandler) for EXTI9_5_IRQHandler
    startup_stm32f10x_hd.o(RESET) refers to rs485.o(i.TIM2_IRQHandler) for TIM2_IRQHandler
    startup_stm32f10x_hd.o(RESET) refers to rs485.o(i.TIM4_IRQHandler) for TIM4_IRQHandler
    startup_stm32f10x_hd.o(RESET) refers to rs485.o(i.USART2_IRQHandler) for USART2_IRQHandler
    startup_stm32f10x_hd.o(.text) refers to system_stm32f10x.o(i.SystemInit) for SystemInit
    startup_stm32f10x_hd.o(.text) refers to entry.o(.ARM.Collect$$$$00000000) for __main
    stm32f10x_gpio.o(i.GPIO_AFIODeInit) refers to stm32f10x_rcc.o(i.RCC_APB2PeriphResetCmd) for RCC_APB2PeriphResetCmd
    stm32f10x_gpio.o(i.GPIO_DeInit) refers to stm32f10x_rcc.o(i.RCC_APB2PeriphResetCmd) for RCC_APB2PeriphResetCmd
    stm32f10x_rcc.o(i.RCC_GetClocksFreq) refers to stm32f10x_rcc.o(.data) for APBAHBPrescTable
    stm32f10x_rcc.o(i.RCC_WaitForHSEStartUp) refers to stm32f10x_rcc.o(i.RCC_GetFlagStatus) for RCC_GetFlagStatus
    stm32f10x_usart.o(i.USART_DeInit) refers to stm32f10x_rcc.o(i.RCC_APB2PeriphResetCmd) for RCC_APB2PeriphResetCmd
    stm32f10x_usart.o(i.USART_DeInit) refers to stm32f10x_rcc.o(i.RCC_APB1PeriphResetCmd) for RCC_APB1PeriphResetCmd
    stm32f10x_usart.o(i.USART_Init) refers to stm32f10x_rcc.o(i.RCC_GetClocksFreq) for RCC_GetClocksFreq
    stm32f10x_tim.o(i.TIM_DeInit) refers to stm32f10x_rcc.o(i.RCC_APB2PeriphResetCmd) for RCC_APB2PeriphResetCmd
    stm32f10x_tim.o(i.TIM_DeInit) refers to stm32f10x_rcc.o(i.RCC_APB1PeriphResetCmd) for RCC_APB1PeriphResetCmd
    stm32f10x_tim.o(i.TIM_ETRClockMode1Config) refers to stm32f10x_tim.o(i.TIM_ETRConfig) for TIM_ETRConfig
    stm32f10x_tim.o(i.TIM_ETRClockMode2Config) refers to stm32f10x_tim.o(i.TIM_ETRConfig) for TIM_ETRConfig
    stm32f10x_tim.o(i.TIM_ICInit) refers to stm32f10x_tim.o(i.TI1_Config) for TI1_Config
    stm32f10x_tim.o(i.TIM_ICInit) refers to stm32f10x_tim.o(i.TIM_SetIC1Prescaler) for TIM_SetIC1Prescaler
    stm32f10x_tim.o(i.TIM_ICInit) refers to stm32f10x_tim.o(i.TI2_Config) for TI2_Config
    stm32f10x_tim.o(i.TIM_ICInit) refers to stm32f10x_tim.o(i.TIM_SetIC2Prescaler) for TIM_SetIC2Prescaler
    stm32f10x_tim.o(i.TIM_ICInit) refers to stm32f10x_tim.o(i.TI3_Config) for TI3_Config
    stm32f10x_tim.o(i.TIM_ICInit) refers to stm32f10x_tim.o(i.TIM_SetIC3Prescaler) for TIM_SetIC3Prescaler
    stm32f10x_tim.o(i.TIM_ICInit) refers to stm32f10x_tim.o(i.TI4_Config) for TI4_Config
    stm32f10x_tim.o(i.TIM_ICInit) refers to stm32f10x_tim.o(i.TIM_SetIC4Prescaler) for TIM_SetIC4Prescaler
    stm32f10x_tim.o(i.TIM_ITRxExternalClockConfig) refers to stm32f10x_tim.o(i.TIM_SelectInputTrigger) for TIM_SelectInputTrigger
    stm32f10x_tim.o(i.TIM_PWMIConfig) refers to stm32f10x_tim.o(i.TI1_Config) for TI1_Config
    stm32f10x_tim.o(i.TIM_PWMIConfig) refers to stm32f10x_tim.o(i.TIM_SetIC1Prescaler) for TIM_SetIC1Prescaler
[...]
    __aeabi_d2f                              0x08002389   Thumb Code    56  d2f.o(.text)
    __aeabi_cfcmpeq                          0x080023c1   Thumb Code     0  cfcmple.o(.text)
    __aeabi_cfcmple                          0x080023c1   Thumb Code    20  cfcmple.o(.text)
    __aeabi_uidiv                            0x080023d5   Thumb Code     0  uidiv.o(.text)
    __aeabi_uidivmod                         0x080023d5   Thumb Code    44  uidiv.o(.text)
    __aeabi_uldivmod                         0x08002401   Thumb Code    98  uldiv.o(.text)
    __aeabi_llsl                             0x08002463   Thumb Code    30  llshl.o(.text)
    _ll_shift_l                              0x08002463   Thumb Code     0  llshl.o(.text)
    __aeabi_llsr                             0x08002481   Thumb Code    32  llushr.o(.text)
    _ll_ushift_r                             0x08002481   Thumb Code     0  llushr.o(.text)
    __aeabi_lasr                             0x080024a1   Thumb Code    36  llsshr.o(.text)
    _ll_sshift_r                             0x080024a1   Thumb Code     0  llsshr.o(.text)
    __I$use$fp                               0x080024c5   Thumb Code     0  iusefp.o(.text)
    _float_round                             0x080024c5   Thumb Code    18  fepilogue.o(.text)
    _float_epilogue                          0x080024d7   Thumb Code    92  fepilogue.o(.text)
    _double_round                            0x08002533   Thumb Code    30  depilogue.o(.text)
    _double_epilogue                         0x08002551   Thumb Code   156  depilogue.o(.text)
    __aeabi_d2ulz                            0x080025ed   Thumb Code    48  dfixul.o(.text)
    __scatterload                            0x0800261d   Thumb Code    28  init.o(.text)
    __scatterload_rt2                        0x0800261d   Thumb Code     0  init.o(.text)
    __decompress                             0x08002641   Thumb Code     0  __dczerorl2.o(.text)
    __decompress1                            0x08002641   Thumb Code    86  __dczerorl2.o(.text)
    ADS8688_CollectTask                      0x08002699   Thumb Code   328  ads8688.o(i.ADS8688_CollectTask)
    ADS8688_IO_Init                          0x080027fd   Thumb Code   126  ads8688.o(i.ADS8688_IO_Init)
    ADS8688_Init                             0x0800288d   Thumb Code    96  ads8688.o(i.ADS8688_Init)
    ADS8688_ReadReg                          0x08002915   Thumb Code    46  ads8688.o(i.ADS8688_ReadReg)
    ADS8688_SPI_Read8Bit                     0x08002949   Thumb Code    56  ads8688.o(i.ADS8688_SPI_Read8Bit)
    ADS8688_SPI_Write8Bit                    0x08002989   Thumb Code    76  ads8688.o(i.ADS8688_SPI_Write8Bit)
    ADS8688_WriteCmd                         0x080029e1   Thumb Code    46  ads8688.o(i.ADS8688_WriteCmd)
    ADS8688_WriteReg                         0x08002a15   Thumb Code    42  ads8688.o(i.ADS8688_WriteReg)
    AUTO_RST_Mode                            0x08002a45   Thumb Code    12  ads8688.o(i.AUTO_RST_Mode)
    BKP_DeInit                               0x08002a51   Thumb Code    16  stm32f10x_bkp.o(i.BKP_DeInit)
    BKP_ReadBackupRegister                   0x08002a61   Thumb Code    24  stm32f10x_bkp.o(i.BKP_ReadBackupRegister)
    BKP_WriteBackupRegister                  0x08002a7d   Thumb Code    22  stm32f10x_bkp.o(i.BKP_WriteBackupRegister)
    Beep_Init                                0x08002a99   Thumb Code    92  led.o(i.Beep_Init)
    BusFault_Handler                         0x08002afd   Thumb Code     4  stm32f10x_it.o(i.BusFault_Handler)
    CH374LibInit                             0x08002b01   Thumb Code    26  ch374drv.o(i.CH374LibInit)
    CH374_Init                               0x08002b25   Thumb Code    40  ch374drv.o(i.CH374_Init)
    CH374_READ_BLOCK                         0x08002b65   Thumb Code    44  ch374drv.o(i.CH374_READ_BLOCK)
    CH374_READ_BLOCK64                       0x08002b91   Thumb Code    44  ch374drv.o(i.CH374_READ_BLOCK64)
    CH374_READ_REGISTER                      0x08002bbd   Thumb Code    28  ch374drv.o(i.CH374_READ_REGISTER)
    CH374_WRITE_BLOCK                        0x08002bd9   Thumb Code    42  ch374drv.o(i.CH374_WRITE_BLOCK)
    CH374_WRITE_BLOCK64                      0x08002c03   Thumb Code    42  ch374drv.o(i.CH374_WRITE_BLOCK64)
    CH374_WRITE_BLOCK_C                      0x08002c2d   Thumb Code    38  ch374drv.o(i.CH374_WRITE_BLOCK_C)
    CH374_WRITE_REGISTER                     0x08002c53   Thumb Code    26  ch374drv.o(i.CH374_WRITE_REGISTER)
    DAC8771_Init                             0x08002c6d   Thumb Code    66  dac8771.o(i.DAC8771_Init)
    DAC8771_Read_CMD                         0x08002cb5   Thumb Code   218  dac8771.o(i.DAC8771_Read_CMD)
    DAC8771_WRITE_CMD                        0x08002d95   Thumb Code   158  dac8771.o(i.DAC8771_WRITE_CMD)
    DAC8771_init                             0x08002e39   Thumb Code   326  dac8771.o(i.DAC8771_init)
    DAC_RESAT_PIN                            0x08002fb5   Thumb Code    38  led.o(i.DAC_RESAT_PIN)
    DMA_ClearFlag                            0x08002fe1   Thumb Code    18  stm32f10x_dma.o(i.DMA_ClearFlag)
    DMA_Cmd                                  0x08002ffd   Thumb Code    24  stm32f10x_dma.o(i.DMA_Cmd)
    DMA_Configuration                        0x08003015   Thumb Code   264  dma.o(i.DMA_Configuration)
    DMA_DeInit                               0x08003129   Thumb Code   324  stm32f10x_dma.o(i.DMA_DeInit)
    DMA_Init                                 0x08003275   Thumb Code    60  stm32f10x_dma.o(i.DMA_Init)
    DebugMon_Handler                         0x080032b1   Thumb Code     2  stm32f10x_it.o(i.DebugMon_Handler)
    EXTI9_5_IRQHandler                       0x080032b5   Thumb Code   312  exti.o(i.EXTI9_5_IRQHandler)
    EXTI_ClearITPendingBit                   0x08003405   Thumb Code     6  stm32f10x_exti.o(i.EXTI_ClearITPendingBit)
    EXTI_GetITStatus                         0x08003411   Thumb Code    34  stm32f10x_exti.o(i.EXTI_GetITStatus)
    EXTI_Init                                0x08003439   Thumb Code   142  stm32f10x_exti.o(i.EXTI_Init)
    EnterMemuFiveOptionFour                  0x080034cd   Thumb Code    46  screendriver.o(i.EnterMemuFiveOptionFour)
    EnterMemuFiveOptionOne                   0x08003501   Thumb Code    46  screendriver.o(i.EnterMemuFiveOptionOne)
    EnterMemuFiveOptionThree                 0x08003535   Thumb Code    46  screendriver.o(i.EnterMemuFiveOptionThree)
    EnterMemuFiveOptionTwo                   0x08003569   Thumb Code    46  screendriver.o(i.EnterMemuFiveOptionTwo)
    EnterMemuFourOptionFive                  0x0800359d   Thumb Code    46  screendriver.o(i.EnterMemuFourOptionFive)
    EnterMemuFourOptionFour                  0x080035d1   Thumb Code    46  screendriver.o(i.EnterMemuFourOptionFour)
    EnterMemuFourOptionOne                   0x08003605   Thumb Code    46  screendriver.o(i.EnterMemuFourOptionOne)
    EnterMemuFourOptionThree                 0x08003639   Thumb Code    46  screendriver.o(i.EnterMemuFourOptionThree)
    EnterMemuFourOptionTwo                   0x0800366d   Thumb Code    40  screendriver.o(i.EnterMemuFourOptionTwo)
    EnterMemuOneOptionEight                  0x08003699   Thumb Code    46  screendriver.o(i.EnterMemuOneOptionEight)
    EnterMemuOneOptionFive                   0x080036cd   Thumb Code    46  screendriver.o(i.EnterMemuOneOptionFive)
    EnterMemuOneOptionFour                   0x08003701   Thumb Code    46  screendriver.o(i.EnterMemuOneOptionFour)
    EnterMemuOneOptionOne                    0x08003735   Thumb Code    46  screendriver.o(i.EnterMemuOneOptionOne)
    EnterMemuOneOptionSeven                  0x08003769   Thumb Code    46  screendriver.o(i.EnterMemuOneOptionSeven)
    EnterMemuOneOptionSix                    0x0800379d   Thumb Code    46  screendriver.o(i.EnterMemuOneOptionSix)
    EnterMemuOneOptionThree                  0x080037d1   Thumb Code    46  screendriver.o(i.EnterMemuOneOptionThree)
    EnterMemuOneOptionTwo                    0x08003805   Thumb Code    46  screendriver.o(i.EnterMemuOneOptionTwo)
    EnterMemuSixOptionFive                   0x08003839   Thumb Code    46  screendriver.o(i.EnterMemuSixOptionFive)
    EnterMemuSixOptionFour                   0x0800386d   Thumb Code    46  screendriver.o(i.EnterMemuSixOptionFour)
    EnterMemuSixOptionOne                    0x080038a1   Thumb Code    46  screendriver.o(i.EnterMemuSixOptionOne)
    EnterMemuSixOptionSix                    0x080038d5   Thumb Code    46  screendriver.o(i.EnterMemuSixOptionSix)
    EnterMemuSixOptionThree                  0x08003909   Thumb Code    46  screendriver.o(i.EnterMemuSixOptionThree)
    EnterMemuSixOptionTwo                    0x0800393d   Thumb Code    46  screendriver.o(i.EnterMemuSixOptionTwo)
    EnterMemuThreeOptionFour                 0x08003971   Thumb Code    46  screendriver.o(i.EnterMemuThreeOptionFour)
    EnterMemuThreeOptionOne                  0x080039a5   Thumb Code    46  screendriver.o(i.EnterMemuThreeOptionOne)
    EnterMemuThreeOptionThree                0x080039d9   Thumb Code    46  screendriver.o(i.EnterMemuThreeOptionThree)
    EnterMemuThreeOptionTwo                  0x08003a0d   Thumb Code    46  screendriver.o(i.EnterMemuThreeOptionTwo)
    EnterMemuTwoOptionFive                   0x08003a41   Thumb Code    46  screendriver.o(i.EnterMemuTwoOptionFive)
    EnterMemuTwoOptionFour                   0x08003a75   Thumb Code    46  screendriver.o(i.EnterMemuTwoOptionFour)
    EnterMemuTwoOptionOne                    0x08003aa9   Thumb Code    46  screendriver.o(i.EnterMemuTwoOptionOne)
    EnterMemuTwoOptionThree                  0x08003add   Thumb Code    46  screendriver.o(i.EnterMemuTwoOptionThree)
    EnterMemuTwoOptionTwo                    0x08003b11   Thumb Code    46  screendriver.o(i.EnterMemuTwoOptionTwo)
    FlashGetTorquePattern                    0x08003b45   Thumb Code   170  pclink.o(i.FlashGetTorquePattern)
    FlashReadGear                            0x08003cb5   Thumb Code    66  pclink.o(i.FlashReadGear)
    FlashReadScreenVar                       0x08003d29   Thumb Code   276  pclink.o(i.FlashReadScreenVar)
    FlashReadupComputerStruct                0x08004091   Thumb Code    74  pclink.o(i.FlashReadupComputerStruct)
    GPIO_EXTILineConfig                      0x08004189   Thumb Code    60  stm32f10x_gpio.o(i.GPIO_EXTILineConfig)
    GPIO_Init                                0x080041c9   Thumb Code   278  stm32f10x_gpio.o(i.GPIO_Init)
    GPIO_PinRemapConfig                      0x080042e1   Thumb Code   138  stm32f10x_gpio.o(i.GPIO_PinRemapConfig)
    GPIO_ReadInputDataBit                    0x08004371   Thumb Code    18  stm32f10x_gpio.o(i.GPIO_ReadInputDataBit)
    GPIO_ResetBits                           0x08004383   Thumb Code     4  stm32f10x_gpio.o(i.GPIO_ResetBits)
    GPIO_SetBits                             0x08004387   Thumb Code     4  stm32f10x_gpio.o(i.GPIO_SetBits)
    Get_AUTO_RST_Mode_Data                   0x0800438d   Thumb Code    78  ads8688.o(i.Get_AUTO_RST_Mode_Data)
    HardFault_Handler                        0x080043e1   Thumb Code     4  stm32f10x_it.o(i.HardFault_Handler)
    IWDG_FeedDog                             0x080043e5   Thumb Code     8  iwdg.o(i.IWDG_FeedDog)
    IWDG_ReloadCounter                       0x080043ed   Thumb Code    10  stm32f10x_iwdg.o(i.IWDG_ReloadCounter)
    InitTarget                               0x080043fd   Thumb Code   650  system.o(i.InitTarget)
    Input_Init                               0x08004881   Thumb Code    80  exti.o(i.Input_Init)
    Is_Leap_Year                             0x080048d5   Thumb Code    58  rtc.o(i.Is_Leap_Year)
    KEY_Init                                 0x08004911   Thumb Code    38  led.o(i.KEY_Init)
    LED_Init                                 0x0800493d   Thumb Code    62  led.o(i.LED_Init)
    MX25L6406_Init                           0x08004985   Thumb Code    40  mx25l.o(i.MX25L6406_Init)
    MX25L6406_Read                           0x080049b1   Thumb Code    78  mx25l.o(i.MX25L6406_Read)
    MX25L6406_ReadU16                        0x08004a05   Thumb Code    40  mx25l.o(i.MX25L6406_ReadU16)
    MX25L6406_ReadU32                        0x08004a2d   Thumb Code    56  mx25l.o(i.MX25L6406_ReadU32)
    MX25L6406_ReadU32ARR                     0x08004a65   Thumb Code    38  mx25l.o(i.MX25L6406_ReadU32ARR)
    MemManage_Handler                        0x08004a8b   Thumb Code     4  stm32f10x_it.o(i.MemManage_Handler)
    MemuFive                                 0x08004a91   Thumb Code   648  screendriver.o(i.MemuFive)
    MemuFiveOptionFour                       0x08004d59   Thumb Code    88  screendriver.o(i.MemuFiveOptionFour)
    MemuFiveOptionOne                        0x08004db9   Thumb Code    88  screendriver.o(i.MemuFiveOptionOne)
    MemuFiveOptionThree                      0x08004e19   Thumb Code    88  screendriver.o(i.MemuFiveOptionThree)
    MemuFiveOptionTwo                        0x08004e79   Thumb Code   100  screendriver.o(i.MemuFiveOptionTwo)
    MemuFour                                 0x08004eed   Thumb Code   470  screendriver.o(i.MemuFour)
    MemuFourOptionFive                       0x08005105   Thumb Code    88  screendriver.o(i.MemuFourOptionFive)
    MemuFourOptionFour                       0x08005165   Thumb Code    88  screendriver.o(i.MemuFourOptionFour)
    MemuFourOptionOne                        0x080051c5   Thumb Code    88  screendriver.o(i.MemuFourOptionOne)
    MemuFourOptionThree                      0x08005225   Thumb Code    88  screendriver.o(i.MemuFourOptionThree)
    MemuFourOptionTwo                        0x08005285   Thumb Code    88  screendriver.o(i.MemuFourOptionTwo)
    MemuOne                                  0x080052e5   Thumb Code   248  screendriver.o(i.MemuOne)
    MemuOneOptionEight                       0x0800540d   Thumb Code    74  screendriver.o(i.MemuOneOptionEight)
    MemuOneOptionFive                        0x0800545d   Thumb Code    74  screendriver.o(i.MemuOneOptionFive)
    MemuOneOptionFour                        0x080054ad   Thumb Code    74  screendriver.o(i.MemuOneOptionFour)
    MemuOneOptionOne                         0x080054fd   Thumb Code    82  screendriver.o(i.MemuOneOptionOne)
    MemuOneOptionSeven                       0x08005555   Thumb Code    74  screendriver.o(i.MemuOneOptionSeven)
    MemuOneOptionSix                         0x080055a5   Thumb Code    74  screendriver.o(i.MemuOneOptionSix)
    MemuOneOptionThree                       0x080055f5   Thumb Code    74  screendriver.o(i.MemuOneOptionThree)
    MemuOneOptionTwo                         0x08005645   Thumb Code    82  screendriver.o(i.MemuOneOptionTwo)
    MemuSix                                  0x0800569d   Thumb Code   638  screendriver.o(i.MemuSix)
    MemuSixOptionFive                        0x0800595d   Thumb Code    88  screendriver.o(i.MemuSixOptionFive)
    MemuSixOptionFour                        0x080059bd   Thumb Code    88  screendriver.o(i.MemuSixOptionFour)
    MemuSixOptionOne                         0x08005a1d   Thumb Code    88  screendriver.o(i.MemuSixOptionOne)
    MemuSixOptionSix                         0x08005a7d   Thumb Code    88  screendriver.o(i.MemuSixOptionSix)
    MemuSixOptionThree                       0x08005add   Thumb Code    88  screendriver.o(i.MemuSixOptionThree)
    MemuSixOptionTwo                         0x08005b3d   Thumb Code   100  screendriver.o(i.MemuSixOptionTwo)
    MemuThree                                0x08005bb1   Thumb Code   566  screendriver.o(i.MemuThree)
    MemuThreeOptionFour                      0x08005e25   Thumb Code    88  screendriver.o(i.MemuThreeOptionFour)
    MemuThreeOptionOne                       0x08005e85   Thumb Code    88  screendriver.o(i.MemuThreeOptionOne)
    MemuThreeOptionThree                     0x08005ee5   Thumb Code   100  screendriver.o(i.MemuThreeOptionThree)
    MemuThreeOptionTwo                       0x08005f59   Thumb Code   100  screendriver.o(i.MemuThreeOptionTwo)
    MemuTwo                                  0x08005fcd   Thumb Code   630  screendriver.o(i.MemuTwo)
    MemuTwoOptionFive                        0x08006289   Thumb Code    88  screendriver.o(i.MemuTwoOptionFive)
    MemuTwoOptionFour                        0x080062e9   Thumb Code    88  screendriver.o(i.MemuTwoOptionFour)
    MemuTwoOptionOne                         0x08006349   Thumb Code    88  screendriver.o(i.MemuTwoOptionOne)
    MemuTwoOptionThree                       0x080063a9   Thumb Code   100  screendriver.o(i.MemuTwoOptionThree)
    MemuTwoOptionTwo                         0x0800641d   Thumb Code    88  screendriver.o(i.MemuTwoOptionTwo)
    ModiVarAdd                               0x0800647d   Thumb Code  8980  screenshow.o(i.ModiVarAdd)
    ModiVarAddWide                           0x080087a9   Thumb Code  8824  screenshow.o(i.ModiVarAddWide)
    ModiVarDec                               0x0800aa29   Thumb Code  8960  screenshow.o(i.ModiVarDec)
    ModiVarDecWide                           0x0800cd41   Thumb Code  8854  screenshow.o(i.ModiVarDecWide)
    NMI_Handler                              0x0800efe9   Thumb Code     2  stm32f10x_it.o(i.NMI_Handler)
    NVIC_Configuration                       0x0800efeb   Thumb Code   154  system.o(i.NVIC_Configuration)
    NVIC_Init                                0x0800f085   Thumb Code   100  misc.o(i.NVIC_Init)
    NVIC_PriorityGroupConfig                 0x0800f0f5   Thumb Code    10  misc.o(i.NVIC_PriorityGroupConfig)
    OSInit                                   0x0800f109   Thumb Code    44  os_core.o(i.OSInit)
    OSInitHookBegin                          0x0800f135   Thumb Code     2  os_cpu_c.o(i.OSInitHookBegin)
    OSInitHookEnd                            0x0800f137   Thumb Code     2  os_cpu_c.o(i.OSInitHookEnd)
    OSIntEnter                               0x0800f139   Thumb Code    28  os_core.o(i.OSIntEnter)
    OSIntExit                                0x0800f15d   Thumb Code   112  os_core.o(i.OSIntExit)
    OSStart                                  0x0800f1ed   Thumb Code    48  os_core.o(i.OSStart)
    OSTCBInitHook                            0x0800f235   Thumb Code     2  os_cpu_c.o(i.OSTCBInitHook)
    OSTaskCreateExt                          0x0800f239   Thumb Code   172  os_task.o(i.OSTaskCreateExt)
    OSTaskCreateHook                         0x0800f2f1   Thumb Code     2  os_cpu_c.o(i.OSTaskCreateHook)
    OSTaskIdleHook                           0x0800f2f3   Thumb Code     2  os_cpu_c.o(i.OSTaskIdleHook)
    OSTaskNameSet                            0x0800f2f5   Thumb Code   132  os_task.o(i.OSTaskNameSet)
    OSTaskResume                             0x0800f385   Thumb Code   154  os_task.o(i.OSTaskResume)
    OSTaskStatHook                           0x0800f431   Thumb Code     2  os_cpu_c.o(i.OSTaskStatHook)
    OSTaskStkChk                             0x0800f435   Thumb Code   132  os_task.o(i.OSTaskStkChk)
    OSTaskStkInit                            0x0800f4c1   Thumb Code   154  os_cpu_c.o(i.OSTaskStkInit)
    OSTaskSuspend                            0x0800f55d   Thumb Code   152  os_task.o(i.OSTaskSuspend)
    OSTaskSwHook                             0x0800f605   Thumb Code     2  os_cpu_c.o(i.OSTaskSwHook)
    OSTimeDly                                0x0800f609   Thumb Code    96  os_time.o(i.OSTimeDly)
    OSTimeTick                               0x0800f679   Thumb Code   210  os_core.o(i.OSTimeTick)
    OSTimeTickHook                           0x0800f765   Thumb Code     2  os_cpu_c.o(i.OSTimeTickHook)
    OS_FlagInit                              0x0800f769   Thumb Code    68  os_flag.o(i.OS_FlagInit)
    OS_MemClr                                0x0800f9a9   Thumb Code    18  os_core.o(i.OS_MemClr)
    OS_QInit                                 0x0800f9bd   Thumb Code    46  os_q.o(i.OS_QInit)
    OS_Sched                                 0x0800f9f5   Thumb Code    86  os_core.o(i.OS_Sched)
    OS_StrCopy                               0x0800fa95   Thumb Code    28  os_core.o(i.OS_StrCopy)
    OS_StrLen                                0x0800fab1   Thumb Code    20  os_core.o(i.OS_StrLen)
    OS_TCBInit                               0x0800fac5   Thumb Code   256  os_core.o(i.OS_TCBInit)
    OS_TaskIdle                              0x0800fbdd   Thumb Code    32  os_core.o(i.OS_TaskIdle)
    OS_TaskStat                              0x0800fc01   Thumb Code   124  os_core.o(i.OS_TaskStat)
    OS_TaskStatStkChk                        0x0800fc91   Thumb Code    54  os_core.o(i.OS_TaskStatStkChk)
    OS_TaskStkClr                            0x0800fccd   Thumb Code    26  os_task.o(i.OS_TaskStkClr)
    PWR_BackupAccessCmd                      0x0800fce9   Thumb Code     6  stm32f10x_pwr.o(i.PWR_BackupAccessCmd)
    RCC_AHBPeriphClockCmd                    0x0800fcf5   Thumb Code    26  stm32f10x_rcc.o(i.RCC_AHBPeriphClockCmd)
    RCC_APB1PeriphClockCmd                   0x0800fd15   Thumb Code    26  stm32f10x_rcc.o(i.RCC_APB1PeriphClockCmd)
    RCC_APB2PeriphClockCmd                   0x0800fd35   Thumb Code    26  stm32f10x_rcc.o(i.RCC_APB2PeriphClockCmd)
    RCC_BackupResetCmd                       0x0800fd55   Thumb Code     6  stm32f10x_rcc.o(i.RCC_BackupResetCmd)
    RCC_Configuration                        0x0800fd61   Thumb Code    92  system.o(i.RCC_Configuration)
    RCC_GetClocksFreq                        0x0800fdbd   Thumb Code   192  stm32f10x_rcc.o(i.RCC_GetClocksFreq)
    RCC_GetFlagStatus                        0x0800fe91   Thumb Code    56  stm32f10x_rcc.o(i.RCC_GetFlagStatus)
    RCC_LSEConfig                            0x0800fecd   Thumb Code    46  stm32f10x_rcc.o(i.RCC_LSEConfig)
    RCC_RTCCLKCmd                            0x0800ff01   Thumb Code     6  stm32f10x_rcc.o(i.RCC_RTCCLKCmd)
    RCC_RTCCLKConfig                         0x0800ff0d   Thumb Code    12  stm32f10x_rcc.o(i.RCC_RTCCLKConfig)
    RS485_Init                               0x0800ff1d   Thumb Code   142  rs485.o(i.RS485_Init)
    RTC_ClearITPendingBit                    0x0800ffb5   Thumb Code    12  stm32f10x_rtc.o(i.RTC_ClearITPendingBit)
    RTC_EnterConfigMode                      0x0800ffc5   Thumb Code    14  stm32f10x_rtc.o(i.RTC_EnterConfigMode)
    RTC_ExitConfigMode                       0x0800ffd9   Thumb Code    16  stm32f10x_rtc.o(i.RTC_ExitConfigMode)
    RTC_Get                                  0x0800ffed   Thumb Code   240  rtc.o(i.RTC_Get)
    RTC_GetCounter                           0x080100ed   Thumb Code    16  stm32f10x_rtc.o(i.RTC_GetCounter)
    RTC_GetITStatus                          0x08010101   Thumb Code    32  stm32f10x_rtc.o(i.RTC_GetITStatus)
    RTC_Get_Week                             0x08010125   Thumb Code   116  rtc.o(i.RTC_Get_Week)
    RTC_IRQHandler                           0x0801019d   Thumb Code   312  rtc.o(i.RTC_IRQHandler)
    RTC_ITConfig                             0x080102dd   Thumb Code    26  stm32f10x_rtc.o(i.RTC_ITConfig)
    RTC_Init                                 0x080102fd   Thumb Code   188  rtc.o(i.RTC_Init)
    RTC_Set                                  0x080103b9   Thumb Code   184  rtc.o(i.RTC_Set)
    RTC_SetCounter                           0x08010481   Thumb Code    24  stm32f10x_rtc.o(i.RTC_SetCounter)
    RTC_SetPrescaler                         0x0801049d   Thumb Code    26  stm32f10x_rtc.o(i.RTC_SetPrescaler)
    RTC_WaitForLastTask                      0x080104bd   Thumb Code    16  stm32f10x_rtc.o(i.RTC_WaitForLastTask)
    RTC_WaitForSynchro                       0x080104d1   Thumb Code    30  stm32f10x_rtc.o(i.RTC_WaitForSynchro)
    ReadBoltGardeMeterArr                    0x080104f5   Thumb Code   794  pclink.o(i.ReadBoltGardeMeterArr)
    SOFT_RESET                               0x08010819   Thumb Code    12  ads8688.o(i.SOFT_RESET)
    SPI1_Init                                0x08010825   Thumb Code   106  mx25l.o(i.SPI1_Init)
    SPI1_ReadWriteByte                       0x08010899   Thumb Code    50  mx25l.o(i.SPI1_ReadWriteByte)
    SPI2_Init                                0x080108d1   Thumb Code   172  ch374drv.o(i.SPI2_Init)
    SPI3_TransByte                           0x08010989   Thumb Code    50  ch374drv.o(i.SPI3_TransByte)
    SPI_Cmd                                  0x080109c1   Thumb Code    24  stm32f10x_spi.o(i.SPI_Cmd)
    SPI_I2S_GetFlagStatus                    0x080109d9   Thumb Code    18  stm32f10x_spi.o(i.SPI_I2S_GetFlagStatus)
    SPI_I2S_ReceiveData                      0x080109eb   Thumb Code     6  stm32f10x_spi.o(i.SPI_I2S_ReceiveData)
    SPI_I2S_SendData                         0x080109f1   Thumb Code     4  stm32f10x_spi.o(i.SPI_I2S_SendData)
    SPI_Init                                 0x080109f5   Thumb Code    60  stm32f10x_spi.o(i.SPI_Init)
    SVC_Handler                              0x08010a31   Thumb Code     2  stm32f10x_it.o(i.SVC_Handler)
    SendChar                                 0x08010a35   Thumb Code    42  uart.o(i.SendChar)
    SendStrings                              0x08010a65   Thumb Code    22  uart.o(i.SendStrings)
    SetControlForeColor                      0x08010a7b   Thumb Code    88  screendriver.o(i.SetControlForeColor)
    SetLanguage                              0x08010ad3   Thumb Code    68  screendriver.o(i.SetLanguage)
    SetScreen                                0x08010b17   Thumb Code    60  screendriver.o(i.SetScreen)
    SetTextInt32                             0x08010c3d   Thumb Code   140  screendriver.o(i.SetTextInt32)
    SetTextValue                             0x08010cc9   Thumb Code    82  screendriver.o(i.SetTextValue)
    Set_Auto_Scan_Sequence                   0x08010d1b   Thumb Code    14  ads8688.o(i.Set_Auto_Scan_Sequence)
    Set_CH_Range                             0x08010d29   Thumb Code    16  ads8688.o(i.Set_CH_Range)
    SetflashTime                             0x08010d39   Thumb Code    88  screendriver.o(i.SetflashTime)
    Spi374Start                              0x08010d91   Thumb Code    30  ch374drv.o(i.Spi374Start)
    Spi374Stop                               0x08010db5   Thumb Code    14  ch374drv.o(i.Spi374Stop)
    SysTick_CLKSourceConfig                  0x08010dc9   Thumb Code    40  misc.o(i.SysTick_CLKSourceConfig)
    SysTick_Handler                          0x08010df1   Thumb Code    16  systick.o(i.SysTick_Handler)
    SysTick_Init                             0x08010e01   Thumb Code    52  systick.o(i.SysTick_Init)
    SystemInit                               0x08010e3d   Thumb Code    78  system_stm32f10x.o(i.SystemInit)
    TIM2_IRQHandler                          0x08010e9d   Thumb Code    18  rs485.o(i.TIM2_IRQHandler)
    TIM2_Init                                0x08010eaf   Thumb Code    72  rs485.o(i.TIM2_Init)
    TIM4_IRQHandler                          0x08010ef9   Thumb Code    62  rs485.o(i.TIM4_IRQHandler)
    TIM4_Init                                0x08010f3d   Thumb Code    70  rs485.o(i.TIM4_Init)
    TIM_ClearITPendingBit                    0x08010f89   Thumb Code     6  stm32f10x_tim.o(i.TIM_ClearITPendingBit)
    TIM_Cmd                                  0x08010f8f   Thumb Code    24  stm32f10x_tim.o(i.TIM_Cmd)
    TIM_ITConfig                             0x08010fa7   Thumb Code    18  stm32f10x_tim.o(i.TIM_ITConfig)
    TIM_TimeBaseInit                         0x08010fb9   Thumb Code   122  stm32f10x_tim.o(i.TIM_TimeBaseInit)
    TaskDog                                  0x0801105d   Thumb Code   110  iwdg.o(i.TaskDog)
    TaskKeyControl                           0x080110f5   Thumb Code   560  screenshow.o(i.TaskKeyControl)
    TaskStart                                0x08011371   Thumb Code    94  main.o(i.TaskStart)
    UART1Write                               0x080113e9   Thumb Code    92  uart.o(i.UART1Write)
    UART1_Init                               0x08011449   Thumb Code   118  uart.o(i.UART1_Init)
    UART3_Init                               0x080114c9   Thumb Code   130  uart.o(i.UART3_Init)
    USART2_IRQHandler                        0x08011555   Thumb Code    52  rs485.o(i.USART2_IRQHandler)
    USART_ClearFlag                          0x08011595   Thumb Code    18  stm32f10x_usart.o(i.USART_ClearFlag)
    USART_Cmd                                0x080115a7   Thumb Code    24  stm32f10x_usart.o(i.USART_Cmd)
    USART_DMACmd                             0x080115bf   Thumb Code    18  stm32f10x_usart.o(i.USART_DMACmd)
    USART_GetFlagStatus                      0x080115d1   Thumb Code    26  stm32f10x_usart.o(i.USART_GetFlagStatus)
    USART_GetITStatus                        0x080115eb   Thumb Code    84  stm32f10x_usart.o(i.USART_GetITStatus)
    USART_ITConfig                           0x0801163f   Thumb Code    74  stm32f10x_usart.o(i.USART_ITConfig)
    USART_Init                               0x08011689   Thumb Code   210  stm32f10x_usart.o(i.USART_Init)
    USART_ReceiveData                        0x08011761   Thumb Code    10  stm32f10x_usart.o(i.USART_ReceiveData)
    USART_SendData                           0x0801176b   Thumb Code     8  stm32f10x_usart.o(i.USART_SendData)
    USART_StructInit                         0x08011773   Thumb Code    24  stm32f10x_usart.o(i.USART_StructInit)
    UartRxMonitor                            0x0801178d   Thumb Code    78  rs485.o(i.UartRxMonitor)
    UsageFault_Handler                       0x080117ed   Thumb Code     4  stm32f10x_it.o(i.UsageFault_Handler)
    __0printf                                0x080117f1   Thumb Code    22  printfa.o(i.__0printf)
    __1printf                                0x080117f1   Thumb Code     0  printfa.o(i.__0printf)
    __2printf                                0x080117f1   Thumb Code     0  printfa.o(i.__0printf)
    __c89printf                              0x080117f1   Thumb Code     0  printfa.o(i.__0printf)
    printf                                   0x080117f1   Thumb Code     0  printfa.o(i.__0printf)
    __scatterload_copy                       0x08011811   Thumb Code    14  handlers.o(i.__scatterload_copy)
    __scatterload_null                       0x0801181f   Thumb Code     2  handlers.o(i.__scatterload_null)
    __scatterload_zeroinit                   0x08011821   Thumb Code    14  handlers.o(i.__scatterload_zeroinit)
    delay_ms                                 0x080121d9   Thumb Code    72  systick.o(i.delay_ms)
    fputc                                    0x08012225   Thumb Code    22  uart.o(i.fputc)
    getOutData                               0x0801223d   Thumb Code   176  screencore.o(i.getOutData)
    getPressValue                            0x080122f9   Thumb Code    22  screencore.o(i.getPressValue)
    mStopIfError                             0x08012385   Thumb Code    20  ch374drv.o(i.mStopIfError)
    main                                     0x080123a9   Thumb Code    62  main.o(i.main)
    setBoltGradeValVarFlag                   0x080123f1   Thumb Code   648  screencore.o(i.setBoltGradeValVarFlag)
    setDayValVarFlag                         0x0801267d   Thumb Code   176  screencore.o(i.setDayValVarFlag)
    setHourValVarFlag                        0x08012731   Thumb Code    74  screencore.o(i.setHourValVarFlag)
    setLangChartFlag                         0x08012781   Thumb Code   136  screencore.o(i.setLangChartFlag)
    setMinuteValVarFlag                      0x08012831   Thumb Code    68  screencore.o(i.setMinuteValVarFlag)
    setMonthValVarFlag                       0x08012879   Thumb Code    70  screencore.o(i.setMonthValVarFlag)
    setSecondValVarFlag                      0x080128c5   Thumb Code    78  screencore.o(i.setSecondValVarFlag)
    setSensorPresetTorValVarFlag             0x08012919   Thumb Code   818  screencore.o(i.setSensorPresetTorValVarFlag)
    setTargetTorqueValVarFlag                0x08012c65   Thumb Code   244  screencore.o(i.setTargetTorqueValVarFlag)
    setYearValVarFlag                        0x08012d65   Thumb Code    62  screencore.o(i.setYearValVarFlag)
    uart_init                                0x08012da9   Thumb Code    76  uart.o(i.uart_init)
    xDelayAfterWrite                         0x08012e01   Thumb Code    14  ch374drv.o(i.xDelayAfterWrite)
    xFileNameEnumer                          0x08012e0f   Thumb Code     2  ch374drv.o(i.xFileNameEnumer)
    xQueryInterrupt                          0x08012e11   Thumb Code    18  ch374drv.o(i.xQueryInterrupt)
    table_week                               0x08012e4a   Data          12  rtc.o(.constdata)
    mon_table                                0x08012e56   Data          12  rtc.o(.constdata)
    s_AdcChRecvCount_Table                   0x08012e71   Data           8  ads8688.o(.constdata)
    OSUnMapTbl                               0x08012e79   Data         256  os_core.o(.constdata)
    Region$$Table$$Base                      0x08012f7c   Number         0  anon$$obj.o(Region$$Table)
    Region$$Table$$Limit                     0x08012f9c   Number         0  anon$$obj.o(Region$$Table)
    SystemCoreClock                          0x20000014   Data           4  system_stm32f10x.o(.data)
    AHBPrescTable                            0x20000018   Data          16  system_stm32f10x.o(.data)
    KeyModeVar                               0x20000028   Data           3  screendriver.o(.data)
    PressMem                                 0x2000002b   Data           1  screendriver.o(.data)
    func_index                               0x20000038   Data           1  screenshow.o(.data)
    current_operation_index                  0x2000003c   Data           4  screenshow.o(.data)
    table                                    0x20000040   Data         900  screenshow.o(.data)
    FastAddTimes                             0x200003c4   Data           2  screenshow.o(.data)
    FastDecTimes                             0x200003c6   Data           2  screenshow.o(.data)
    readBoltFlag                             0x200003cc   Data           1  screenshow.o(.data)
    SetPress                                 0x200003d0   Data           4  screenshow.o(.data)
    DacOutData                               0x200003d4   Data           4  screenshow.o(.data)
    AdcGetPress                              0x200003d8   Data           8  screenshow.o(.data)
    TorqueUint_C                             0x200003e0   Data           4  screenshow.o(.data)
    Language_C                               0x200003e4   Data           4  screenshow.o(.data)
    ChartType_C                              0x200003e8   Data           4  screenshow.o(.data)
    maxdata                                  0x200003ec   Data           4  screenshow.o(.data)
    datafts                                  0x200003f0   Data           4  screenshow.o(.data)
    USART2_RX_CNT                            0x20000400   Data           2  rs485.o(.data)
    flagFrame                                0x20000402   Data           1  rs485.o(.data)
    Kind                                     0x20000404   Data           4  rs485.o(.data)
    regGroup                                 0x20000408   Data           5  rs485.o(.data)
    Memory                                   0x2000040d   Data           1  rs485.o(.data)
    ReadMemory                               0x2000040e   Data           1  rs485.o(.data)
    gearkind                                 0x2000040f   Data           1  rs485.o(.data)
    productPos                               0x20000410   Data           1  rs485.o(.data)
    MaxAngle                                 0x20000420   Data           2  pclink.o(.data)
    GearKind                                 0x20000422   Data           1  pclink.o(.data)
    voltage                                  0x20000428   Data           4  dac8771.o(.data)
    data                                     0x2000042c   Data           2  dac8771.o(.data)
    user_gain                                0x2000042e   Data           2  dac8771.o(.data)
    str                                      0x20000430   Data           6  dac8771.o(.data)
    dataa                                    0x20000438   Data           4  exti.o(.data)
    TaskDogStrutVar                          0x2000043d   Data           7  iwdg.o(.data)
    productKind                              0x20000454   Data           2  system.o(.data)
    gearKind                                 0x20000456   Data           1  system.o(.data)
    Ordinal                                  0x20000458   Data           4  system.o(.data)
    BeginSaveFlag                            0x20000460   Data           1  systick.o(.data)
    niujupress                               0x20000461   Data           1  systick.o(.data)
    Seed                                     0x20000462   Data           2  systick.o(.data)
    AdcSignalFlag                            0x20000464   Data           1  systick.o(.data)
    OneMinuteFlag                            0x20000465   Data           1  systick.o(.data)
    temppress                                0x20000468   Data           4  systick.o(.data)
    ERROR_HAND                               0x2000046c   Data           1  systick.o(.data)
    OSCtxSwCtr                               0x200004b4   Data           4  os_core.o(.data)
    OSEventFreeList                          0x200004b8   Data           4  os_core.o(.data)
    OSFlagFreeList                           0x200004bc   Data           4  os_core.o(.data)
    OSCPUUsage                               0x200004c0   Data           1  os_core.o(.data)
    OSIdleCtrMax                             0x200004c4   Data           4  os_core.o(.data)
    OSIdleCtrRun                             0x200004c8   Data           4  os_core.o(.data)
    OSStatRdy                                0x200004cc   Data           1  os_core.o(.data)
    OSIntNesting                             0x200004cd   Data           1  os_core.o(.data)
    OSLockNesting                            0x200004ce   Data           1  os_core.o(.data)
    OSPrioCur                                0x200004cf   Data           1  os_core.o(.data)
    OSPrioHighRdy                            0x200004d0   Data           1  os_core.o(.data)
    OSRdyGrp                                 0x200004d1   Data           1  os_core.o(.data)
    OSRdyTbl                                 0x200004d2   Data           4  os_core.o(.data)
    OSRunning                                0x200004d6   Data           1  os_core.o(.data)
    OSTaskCtr                                0x200004d7   Data           1  os_core.o(.data)
    OSIdleCtr                                0x200004d8   Data           4  os_core.o(.data)
    OSTCBCur                                 0x200004dc   Data           4  os_core.o(.data)
    OSTCBFreeList                            0x200004e0   Data           4  os_core.o(.data)
    OSTCBHighRdy                             0x200004e4   Data           4  os_core.o(.data)
    OSTCBList                                0x200004e8   Data           4  os_core.o(.data)
    OSTickStepState                          0x200004ec   Data           1  os_core.o(.data)
    OSQFreeList                              0x200004f0   Data           4  os_core.o(.data)
    OSTime                                   0x200004f4   Data           4  os_core.o(.data)
    CH374IntStatus                           0x200004f8   Data           1  CH374MAI.O(.data)
    CH374DiskStatus                          0x200004f9   Data           1  CH374MAI.O(.data)
    CH374vDiskFat                            0x200004fa   Data           1  CH374MAI.O(.data)
    CH374vSecPerClus                         0x200004fb   Data           1  CH374MAI.O(.data)
    CH374vRetryCount                         0x200004fc   Data           1  CH374MAI.O(.data)
    CH374vUsbPidIn                           0x200004fd   Data           1  CH374MAI.O(.data)
    CH374vDevEndpTog                         0x200004fe   Data           1  CH374MAI.O(.data)
    CH374vCurrentLun                         0x200004ff   Data           1  CH374MAI.O(.data)
    CH374vDiskRetry                          0x20000500   Data           1  CH374MAI.O(.data)
    CH374vEmbHubIndex                        0x20000501   Data           1  CH374MAI.O(.data)
    CH374vHubPortCount                       0x20000502   Data           1  CH374MAI.O(.data)
    CH374vHubPortIndex                       0x20000503   Data           1  CH374MAI.O(.data)
    CH374v07                                 0x20000504   Data           1  CH374MAI.O(.data)
    CH374v12                                 0x20000505   Data           1  CH374MAI.O(.data)
    CH374v13                                 0x20000506   Data           1  CH374MAI.O(.data)
    CH374v18                                 0x20000507   Data           1  CH374MAI.O(.data)
    CH374v21                                 0x20000508   Data           1  CH374MAI.O(.data)
    CH374v22                                 0x20000509   Data           1  CH374MAI.O(.data)
    CH374v23                                 0x2000050a   Data           1  CH374MAI.O(.data)
    CH374v26                                 0x2000050b   Data           1  CH374MAI.O(.data)
    CH374vFdtOffset                          0x2000050c   Data           2  CH374MAI.O(.data)
    CH374vSectorSize                         0x2000050e   Data           2  CH374MAI.O(.data)
    CH374v04                                 0x20000510   Data           2  CH374MAI.O(.data)
    CH374v06                                 0x20000512   Data           2  CH374MAI.O(.data)
    CH374vStartCluster                       0x20000514   Data           4  CH374MAI.O(.data)
    CH374vFileSize                           0x20000518   Data           4  CH374MAI.O(.data)
    CH374vCurrentOffset                      0x2000051c   Data           4  CH374MAI.O(.data)
    CH374vDiskRoot                           0x20000520   Data           4  CH374MAI.O(.data)
    CH374vDataStart                          0x20000524   Data           4  CH374MAI.O(.data)
    CH374vFdtLba                             0x20000528   Data           4  CH374MAI.O(.data)
    pDISK_BASE_BUF                           0x2000052c   Data           4  CH374MAI.O(.data)
    CH374v01                                 0x20000530   Data           4  CH374MAI.O(.data)
    CH374v02                                 0x20000534   Data           4  CH374MAI.O(.data)
    CH374v03                                 0x20000538   Data           4  CH374MAI.O(.data)
    CH374v08                                 0x2000053c   Data           4  CH374MAI.O(.data)
    CH374v09                                 0x20000540   Data           4  CH374MAI.O(.data)
    CH374v14                                 0x20000544   Data           4  CH374MAI.O(.data)
    CH374v17                                 0x20000548   Data           4  CH374MAI.O(.data)
    CH374v19                                 0x2000054c   Data           4  CH374MAI.O(.data)
    CH374v25                                 0x20000550   Data           4  CH374MAI.O(.data)
    __stdout                                 0x20000554   Data           4  stdout.o(.data)
    TaskStartStk                             0x20000558   Data        2400  main.o(.bss)
    TaskKeyControlStk                        0x20000eb8   Data        2400  main.o(.bss)
    TaskTimeStk                              0x20001818   Data        4800  main.o(.bss)
    TaskPCDebugStk                           0x20002ad8   Data        5800  main.o(.bss)
    TaskMemoryStk                            0x20004180   Data        6000  main.o(.bss)
    TaskUsbControlStk                        0x200058f0   Data        4800  main.o(.bss)
    TaskDogStk                               0x20006bb0   Data        1600  main.o(.bss)
    mCmdParam                                0x200071f0   Data          32  ch374drv.o(.bss)
    mBOC                                     0x20007210   Data          20  ch374drv.o(.bss)
    DISK_BASE_BUF                            0x20007228   Data         512  ch374drv.o(.bss)
    ModifyVarStructVar                       0x20007428   Data          92  screenshow.o(.bss)
    ResetPress                               0x20007484   Data          32  screenshow.o(.bss)
    calendar                                 0x200074a4   Data          10  rtc.o(.bss)
    USART2_RX_BUF                            0x200074b0   Data         640  rs485.o(.bss)
    SysMemoryParaVar                         0x20007730   Data         116  rs485.o(.bss)
    upComputerStructVar                      0x200077a4   Data          64  rs485.o(.bss)
    TorquePatternVar                         0x200077e4   Data        1200  pclink.o(.bss)
    RecordBoltPos                            0x20007c94   Data          40  pclink.o(.bss)
    BoltGardeDiaArrVar                       0x20007cbc   Data        2480  pclink.o(.bss)
    GearPatternVar                           0x2000866c   Data         560  pclink.o(.bss)
    OSEventTbl                               0x20008ef0   Data         320  os_core.o(.bss)
    OSFlagTbl                                0x20009030   Data         140  os_core.o(.bss)
    OSTaskStatStk                            0x200090bc   Data         512  os_core.o(.bss)
    OSTaskIdleStk                            0x200092bc   Data         512  os_core.o(.bss)
    OSTCBPrioTbl                             0x200094bc   Data         128  os_core.o(.bss)
    OSTCBTbl                                 0x2000953c   Data        1008  os_core.o(.bss)
    OSQTbl                                   0x2000992c   Data          96  os_core.o(.bss)
    __initial_sp                             0x20009d90   Data           0  startup_stm32f10x_hd.o(STACK)



==============================================================================

Memory Map of the image

  Image Entry point : 0x08000131

  Load Region LR_IROM1 (Base: 0x08000000, Size: 0x000134f4, Max: 0x00040000, ABSOLUTE, COMPRESSED[0x00013288])

    Execution Region ER_IROM1 (Exec base: 0x08000000, Load base: 0x08000000, Size: 0x00012f9c, Max: 0x00040000, ABSOLUTE)

    Exec Addr    Load Addr    Size         Type   Attr      Idx    E Section Name        Object

    0x08000000   0x08000000   0x00000130   Data   RO          358    RESET               startup_stm32f10x_hd.o
    0x08000130   0x08000130   0x00000000   Code   RO         5137  * .ARM.Collect$$$$00000000  mc_w.l(entry.o)
    0x08000130   0x08000130   0x00000004   Code   RO         5456    .ARM.Collect$$$$00000001  mc_w.l(entry2.o)
    0x08000134   0x08000134   0x00000004   Code   RO         5459    .ARM.Collect$$$$00000004  mc_w.l(entry5.o)
    0x08000138   0x08000138   0x00000000   Code   RO         5461    .ARM.Collect$$$$00000008  mc_w.l(entry7b.o)
    0x08000138   0x08000138   0x00000000   Code   RO         5463    .ARM.Collect$$$$0000000A  mc_w.l(entry8b.o)
    0x08000138   0x08000138   0x00000008   Code   RO         5464    .ARM.Collect$$$$0000000B  mc_w.l(entry9a.o)
    0x08000140   0x08000140   0x00000004   Code   RO         5471    .ARM.Collect$$$$0000000E  mc_w.l(entry12b.o)
    0x08000144   0x08000144   0x00000000   Code   RO         5466    .ARM.Collect$$$$0000000F  mc_w.l(entry10a.o)
    0x08000144   0x08000144   0x00000000   Code   RO         5468    .ARM.Collect$$$$00000011  mc_w.l(entry11a.o)
    0x08000144   0x08000144   0x00000004   Code   RO         5457    .ARM.Collect$$$$00002712  mc_w.l(entry2.o)
    0x08000148   0x08000148   0x00000024   Code   RO          359    .text               startup_stm32f10x_hd.o
    0x0800016c   0x0800016c   0x00000016   Code   RO         5124    .text               cpu_a.o
    0x08000182   0x08000182   0x00000002   PAD
    0x08000184   0x08000184   0x000000a8   Code   RO         5127    .text               os_cpu_a.o
    0x0800022c   0x0800022c   0x00001c98   Code   RO         5130    .text               CH374HFM.LIB(CH374MAI.O)
    0x08001ec4   0x08001ec4   0x00000024   Code   RO         5145    .text               mc_w.l(memseta.o)
    0x08001ee8   0x08001ee8   0x00000018   Code   RO         5147    .text               mc_w.l(strncpy.o)
    0x08001f00   0x08001f00   0x0000000e   Code   RO         5149    .text               mc_w.l(strlen.o)
    0x08001f0e   0x08001f0e   0x00000064   Code   RO         5424    .text               mf_w.l(fmul.o)
    0x08001f72   0x08001f72   0x0000014e   Code   RO         5428    .text               mf_w.l(dadd.o)
    0x080020c0   0x080020c0   0x000000e4   Code   RO         5430    .text               mf_w.l(dmul.o)
    0x080021a4   0x080021a4   0x000000de   Code   RO         5432    .text               mf_w.l(ddiv.o)
    0x08002282   0x08002282   0x0000000a   Code   RO         5436    .text               mf_w.l(ffltui.o)
    0x0800228c   0x0800228c   0x0000001a   Code   RO         5438    .text               mf_w.l(dfltui.o)
    0x080022a6   0x080022a6   0x00000028   Code   RO         5440    .text               mf_w.l(ffixui.o)
    0x080022ce   0x080022ce   0x00000032   Code   RO         5442    .text               mf_w.l(dfixui.o)
    0x08002300   0x08002300   0x00000026   Code   RO         5444    .text               mf_w.l(f2d.o)
    0x08002326   0x08002326   0x00000002   PAD
    0x08002328   0x08002328   0x00000030   Code   RO         5446    .text               mf_w.l(cdcmple.o)
    0x08002358   0x08002358   0x00000030   Code   RO         5448    .text               mf_w.l(cdrcmple.o)
    0x08002388   0x08002388   0x00000038   Code   RO         5450    .text               mf_w.l(d2f.o)
    0x080023c0   0x080023c0   0x00000014   Code   RO         5452    .text               mf_w.l(cfcmple.o)
    0x080023d4   0x080023d4   0x0000002c   Code   RO         5473    .text               mc_w.l(uidiv.o)
    0x08002400   0x08002400   0x00000062   Code   RO         5475    .text               mc_w.l(uldiv.o)
    0x08002462   0x08002462   0x0000001e   Code   RO         5477    .text               mc_w.l(llshl.o)
    0x08002480   0x08002480   0x00000020   Code   RO         5479    .text               mc_w.l(llushr.o)
    0x080024a0   0x080024a0   0x00000024   Code   RO         5481    .text               mc_w.l(llsshr.o)
    0x080024c4   0x080024c4   0x00000000   Code   RO         5492    .text               mc_w.l(iusefp.o)
    0x080024c4   0x080024c4   0x0000006e   Code   RO         5493    .text               mf_w.l(fepilogue.o)
    0x08002532   0x08002532   0x000000ba   Code   RO         5495    .text               mf_w.l(depilogue.o)
    0x080025ec   0x080025ec   0x00000030   Code   RO         5497    .text               mf_w.l(dfixul.o)
    0x0800261c   0x0800261c   0x00000024   Code   RO         5499    .text               mc_w.l(init.o)
    0x08002640   0x08002640   0x00000056   Code   RO         5541    .text               mc_w.l(__dczerorl2.o)
    0x08002696   0x08002696   0x00000002   PAD
    0x08002698   0x08002698   0x00000164   Code   RO         4191    i.ADS8688_CollectTask  ads8688.o
    0x080027fc   0x080027fc   0x00000090   Code   RO         4192    i.ADS8688_IO_Init   ads8688.o
    0x0800288c   0x0800288c   0x00000088   Code   RO         4193    i.ADS8688_Init      ads8688.o
    0x08002914   0x08002914   0x00000034   Code   RO         4194    i.ADS8688_ReadReg   ads8688.o
    0x08002948   0x08002948   0x00000040   Code   RO         4195    i.ADS8688_SPI_Read8Bit  ads8688.o
    0x08002988   0x08002988   0x00000058   Code   RO         4196    i.ADS8688_SPI_Write8Bit  ads8688.o
    0x080029e0   0x080029e0   0x00000034   Code   RO         4197    i.ADS8688_WriteCmd  ads8688.o
    0x08002a14   0x08002a14   0x00000030   Code   RO         4198    i.ADS8688_WriteReg  ads8688.o
    0x08002a44   0x08002a44   0x0000000c   Code   RO         4199    i.AUTO_RST_Mode     ads8688.o
    0x08002a50   0x08002a50   0x00000010   Code   RO         1982    i.BKP_DeInit        stm32f10x_bkp.o
    0x08002a60   0x08002a60   0x0000001c   Code   RO         1987    i.BKP_ReadBackupRegister  stm32f10x_bkp.o
    0x08002a7c   0x08002a7c   0x0000001c   Code   RO         1991    i.BKP_WriteBackupRegister  stm32f10x_bkp.o
    0x08002a98   0x08002a98   0x00000064   Code   RO         3253    i.Beep_Init         led.o
    0x08002afc   0x08002afc   0x00000004   Code   RO          222    i.BusFault_Handler  stm32f10x_it.o
    0x08002b00   0x08002b00   0x00000024   Code   RO         2327    i.CH374LibInit      ch374drv.o
    0x08002b24   0x08002b24   0x00000040   Code   RO         2329    i.CH374_Init        ch374drv.o
    0x08002b64   0x08002b64   0x0000002c   Code   RO         2330    i.CH374_READ_BLOCK  ch374drv.o
    0x08002b90   0x08002b90   0x0000002c   Code   RO         2331    i.CH374_READ_BLOCK64  ch374drv.o
    0x08002bbc   0x08002bbc   0x0000001c   Code   RO         2332    i.CH374_READ_REGISTER  ch374drv.o
    0x08002bd8   0x08002bd8   0x0000002a   Code   RO         2333    i.CH374_WRITE_BLOCK  ch374drv.o
    0x08002c02   0x08002c02   0x0000002a   Code   RO         2334    i.CH374_WRITE_BLOCK64  ch374drv.o
    0x08002c2c   0x08002c2c   0x00000026   Code   RO         2335    i.CH374_WRITE_BLOCK_C  ch374drv.o
    0x08002c52   0x08002c52   0x0000001a   Code   RO         2336    i.CH374_WRITE_REGISTER  ch374drv.o
    0x08002c6c   0x08002c6c   0x00000048   Code   RO         4016    i.DAC8771_Init      dac8771.o
    0x08002cb4   0x08002cb4   0x000000e0   Code   RO         4017    i.DAC8771_Read_CMD  dac8771.o
    0x08002d94   0x08002d94   0x000000a4   Code   RO         4018    i.DAC8771_WRITE_CMD  dac8771.o
    0x08002e38   0x08002e38   0x0000017c   Code   RO         4019    i.DAC8771_init      dac8771.o
    0x08002fb4   0x08002fb4   0x0000002c   Code   RO         3256    i.DAC_RESAT_PIN     led.o
    0x08002fe0   0x08002fe0   0x0000001c   Code   RO          736    i.DMA_ClearFlag     stm32f10x_dma.o
    0x08002ffc   0x08002ffc   0x00000018   Code   RO          738    i.DMA_Cmd           stm32f10x_dma.o
    0x08003014   0x08003014   0x00000114   Code   RO         2637    i.DMA_Configuration  dma.o
    0x08003128   0x08003128   0x0000014c   Code   RO          739    i.DMA_DeInit        stm32f10x_dma.o
    0x08003274   0x08003274   0x0000003c   Code   RO          744    i.DMA_Init          stm32f10x_dma.o
    0x080032b0   0x080032b0   0x00000002   Code   RO          223    i.DebugMon_Handler  stm32f10x_it.o
    0x080032b2   0x080032b2   0x00000002   PAD
    0x080032b4   0x080032b4   0x00000150   Code   RO         4130    i.EXTI9_5_IRQHandler  exti.o
    0x08003404   0x08003404   0x0000000c   Code   RO         1537    i.EXTI_ClearITPendingBit  stm32f10x_exti.o
    0x08003410   0x08003410   0x00000028   Code   RO         1541    i.EXTI_GetITStatus  stm32f10x_exti.o
    0x08003438   0x08003438   0x00000094   Code   RO         1542    i.EXTI_Init         stm32f10x_exti.o
    0x080034cc   0x080034cc   0x00000034   Code   RO         2655    i.EnterMemuFiveOptionFour  screendriver.o
    0x08003500   0x08003500   0x00000034   Code   RO         2656    i.EnterMemuFiveOptionOne  screendriver.o
    0x08003534   0x08003534   0x00000034   Code   RO         2657    i.EnterMemuFiveOptionThree  screendriver.o
    0x08003568   0x08003568   0x00000034   Code   RO         2658    i.EnterMemuFiveOptionTwo  screendriver.o
    0x0800359c   0x0800359c   0x00000034   Code   RO         2659    i.EnterMemuFourOptionFive  screendriver.o
    0x080035d0   0x080035d0   0x00000034   Code   RO         2660    i.EnterMemuFourOptionFour  screendriver.o
    0x08003604   0x08003604   0x00000034   Code   RO         2661    i.EnterMemuFourOptionOne  screendriver.o
    0x08003638   0x08003638   0x00000034   Code   RO         2662    i.EnterMemuFourOptionThree  screendriver.o
    0x0800366c   0x0800366c   0x0000002c   Code   RO         2663    i.EnterMemuFourOptionTwo  screendriver.o
    0x08003698   0x08003698   0x00000034   Code   RO         2664    i.EnterMemuOneOptionEight  screendriver.o
    0x080036cc   0x080036cc   0x00000034   Code   RO         2665    i.EnterMemuOneOptionFive  screendriver.o
    0x08003700   0x08003700   0x00000034   Code   RO         2666    i.EnterMemuOneOptionFour  screendriver.o
    0x08003734   0x08003734   0x00000034   Code   RO         2667    i.EnterMemuOneOptionOne  screendriver.o
    0x08003768   0x08003768   0x00000034   Code   RO         2668    i.EnterMemuOneOptionSeven  screendriver.o
    0x0800379c   0x0800379c   0x00000034   Code   RO         2669    i.EnterMemuOneOptionSix  screendriver.o
    0x080037d0   0x080037d0   0x00000034   Code   RO         2670    i.EnterMemuOneOptionThree  screendriver.o
    0x08003804   0x08003804   0x00000034   Code   RO         2671    i.EnterMemuOneOptionTwo  screendriver.o
    0x08003838   0x08003838   0x00000034   Code   RO         2672    i.EnterMemuSixOptionFive  screendriver.o
    0x0800386c   0x0800386c   0x00000034   Code   RO         2673    i.EnterMemuSixOptionFour  screendriver.o
    0x080038a0   0x080038a0   0x00000034   Code   RO         2674    i.EnterMemuSixOptionOne  screendriver.o
    0x080038d4   0x080038d4   0x00000034   Code   RO         2675    i.EnterMemuSixOptionSix  screendriver.o
    0x08003908   0x08003908   0x00000034   Code   RO         2676    i.EnterMemuSixOptionThree  screendriver.o
    0x0800393c   0x0800393c   0x00000034   Code   RO         2677    i.EnterMemuSixOptionTwo  screendriver.o
    0x08003970   0x08003970   0x00000034   Code   RO         2678    i.EnterMemuThreeOptionFour  screendriver.o
    0x080039a4   0x080039a4   0x00000034   Code   RO         2679    i.EnterMemuThreeOptionOne  screendriver.o
    0x080039d8   0x080039d8   0x00000034   Code   RO         2680    i.EnterMemuThreeOptionThree  screendriver.o
    0x08003a0c   0x08003a0c   0x00000034   Code   RO         2681    i.EnterMemuThreeOptionTwo  screendriver.o
    0x08003a40   0x08003a40   0x00000034   Code   RO         2682    i.EnterMemuTwoOptionFive  screendriver.o
    0x08003a74   0x08003a74   0x00000034   Code   RO         2683    i.EnterMemuTwoOptionFour  screendriver.o
    0x08003aa8   0x08003aa8   0x00000034   Code   RO         2684    i.EnterMemuTwoOptionOne  screendriver.o
    0x08003adc   0x08003adc   0x00000034   Code   RO         2685    i.EnterMemuTwoOptionThree  screendriver.o
    0x08003b10   0x08003b10   0x00000034   Code   RO         2686    i.EnterMemuTwoOptionTwo  screendriver.o
    0x08003b44   0x08003b44   0x00000170   Code   RO         3838    i.FlashGetTorquePattern  pclink.o
    0x08003cb4   0x08003cb4   0x00000074   Code   RO         3839    i.FlashReadGear     pclink.o
    0x08003d28   0x08003d28   0x00000368   Code   RO         3840    i.FlashReadScreenVar  pclink.o
    0x08004090   0x08004090   0x000000f8   Code   RO         3841    i.FlashReadupComputerStruct  pclink.o
    0x08004188   0x08004188   0x00000040   Code   RO          367    i.GPIO_EXTILineConfig  stm32f10x_gpio.o
    0x080041c8   0x080041c8   0x00000116   Code   RO          370    i.GPIO_Init         stm32f10x_gpio.o
    0x080042de   0x080042de   0x00000002   PAD
    0x080042e0   0x080042e0   0x00000090   Code   RO          372    i.GPIO_PinRemapConfig  stm32f10x_gpio.o
    0x08004370   0x08004370   0x00000012   Code   RO          374    i.GPIO_ReadInputDataBit  stm32f10x_gpio.o
    0x08004382   0x08004382   0x00000004   Code   RO          377    i.GPIO_ResetBits    stm32f10x_gpio.o
    0x08004386   0x08004386   0x00000004   Code   RO          378    i.GPIO_SetBits      stm32f10x_gpio.o
    0x0800438a   0x0800438a   0x00000002   PAD
    0x0800438c   0x0800438c   0x00000054   Code   RO         4200    i.Get_AUTO_RST_Mode_Data  ads8688.o
    0x080043e0   0x080043e0   0x00000004   Code   RO          224    i.HardFault_Handler  stm32f10x_it.o
    0x080043e4   0x080043e4   0x00000008   Code   RO         4154    i.IWDG_FeedDog      iwdg.o
    0x080043ec   0x080043ec   0x00000010   Code   RO         1592    i.IWDG_ReloadCounter  stm32f10x_iwdg.o
    0x080043fc   0x080043fc   0x00000484   Code   RO         4343    i.InitTarget        system.o
    0x08004880   0x08004880   0x00000054   Code   RO         4131    i.Input_Init        exti.o
    0x080048d4   0x080048d4   0x0000003a   Code   RO         3361    i.Is_Leap_Year      rtc.o
    0x0800490e   0x0800490e   0x00000002   PAD
    0x08004910   0x08004910   0x0000002c   Code   RO         3257    i.KEY_Init          led.o
    0x0800493c   0x0800493c   0x00000048   Code   RO         3263    i.LED_Init          led.o
    0x08004984   0x08004984   0x0000002c   Code   RO         3570    i.MX25L6406_Init    mx25l.o
    0x080049b0   0x080049b0   0x00000054   Code   RO         3571    i.MX25L6406_Read    mx25l.o
    0x08004a04   0x08004a04   0x00000028   Code   RO         3572    i.MX25L6406_ReadU16  mx25l.o
    0x08004a2c   0x08004a2c   0x00000038   Code   RO         3574    i.MX25L6406_ReadU32  mx25l.o
    0x08004a64   0x08004a64   0x00000026   Code   RO         3575    i.MX25L6406_ReadU32ARR  mx25l.o
    0x08004a8a   0x08004a8a   0x00000004   Code   RO          225    i.MemManage_Handler  stm32f10x_it.o
    0x08004a8e   0x08004a8e   0x00000002   PAD
    0x08004a90   0x08004a90   0x000002c8   Code   RO         2691    i.MemuFive          screendriver.o
    0x08004d58   0x08004d58   0x00000060   Code   RO         2692    i.MemuFiveOptionFour  screendriver.o
    0x08004db8   0x08004db8   0x00000060   Code   RO         2693    i.MemuFiveOptionOne  screendriver.o
    0x08004e18   0x08004e18   0x00000060   Code   RO         2694    i.MemuFiveOptionThree  screendriver.o
    0x08004e78   0x08004e78   0x00000074   Code   RO         2695    i.MemuFiveOptionTwo  screendriver.o
    0x08004eec   0x08004eec   0x00000218   Code   RO         2696    i.MemuFour          screendriver.o
    0x08005104   0x08005104   0x00000060   Code   RO         2697    i.MemuFourOptionFive  screendriver.o
    0x08005164   0x08005164   0x00000060   Code   RO         2698    i.MemuFourOptionFour  screendriver.o
    0x080051c4   0x080051c4   0x00000060   Code   RO         2699    i.MemuFourOptionOne  screendriver.o
    0x08005224   0x08005224   0x00000060   Code   RO         2700    i.MemuFourOptionThree  screendriver.o
    0x08005284   0x08005284   0x00000060   Code   RO         2701    i.MemuFourOptionTwo  screendriver.o
    0x080052e4   0x080052e4   0x00000128   Code   RO         2702    i.MemuOne           screendriver.o
    0x0800540c   0x0800540c   0x00000050   Code   RO         2703    i.MemuOneOptionEight  screendriver.o
    0x0800545c   0x0800545c   0x00000050   Code   RO         2704    i.MemuOneOptionFive  screendriver.o
    0x080054ac   0x080054ac   0x00000050   Code   RO         2705    i.MemuOneOptionFour  screendriver.o
    0x080054fc   0x080054fc   0x00000058   Code   RO         2706    i.MemuOneOptionOne  screendriver.o
    0x08005554   0x08005554   0x00000050   Code   RO         2707    i.MemuOneOptionSeven  screendriver.o
    0x080055a4   0x080055a4   0x00000050   Code   RO         2708    i.MemuOneOptionSix  screendriver.o
    0x080055f4   0x080055f4   0x00000050   Code   RO         2709    i.MemuOneOptionThree  screendriver.o
    0x08005644   0x08005644   0x00000058   Code   RO         2710    i.MemuOneOptionTwo  screendriver.o
    0x0800569c   0x0800569c   0x000002c0   Code   RO         2711    i.MemuSix           screendriver.o
    0x0800595c   0x0800595c   0x00000060   Code   RO         2712    i.MemuSixOptionFive  screendriver.o
    0x080059bc   0x080059bc   0x00000060   Code   RO         2713    i.MemuSixOptionFour  screendriver.o
    0x08005a1c   0x08005a1c   0x00000060   Code   RO         2714    i.MemuSixOptionOne  screendriver.o
    0x08005a7c   0x08005a7c   0x00000060   Code   RO         2715    i.MemuSixOptionSix  screendriver.o
    0x08005adc   0x08005adc   0x00000060   Code   RO         2716    i.MemuSixOptionThree  screendriver.o
    0x08005b3c   0x08005b3c   0x00000074   Code   RO         2717    i.MemuSixOptionTwo  screendriver.o
    0x08005bb0   0x08005bb0   0x00000274   Code   RO         2718    i.MemuThree         screendriver.o
    0x08005e24   0x08005e24   0x00000060   Code   RO         2719    i.MemuThreeOptionFour  screendriver.o
    0x08005e84   0x08005e84   0x00000060   Code   RO         2720    i.MemuThreeOptionOne  screendriver.o
    0x08005ee4   0x08005ee4   0x00000074   Code   RO         2721    i.MemuThreeOptionThree  screendriver.o
    0x08005f58   0x08005f58   0x00000074   Code   RO         2722    i.MemuThreeOptionTwo  screendriver.o
    0x08005fcc   0x08005fcc   0x000002bc   Code   RO         2723    i.MemuTwo           screendriver.o
    0x08006288   0x08006288   0x00000060   Code   RO         2724    i.MemuTwoOptionFive  screendriver.o
    0x080062e8   0x080062e8   0x00000060   Code   RO         2725    i.MemuTwoOptionFour  screendriver.o
    0x08006348   0x08006348   0x00000060   Code   RO         2726    i.MemuTwoOptionOne  screendriver.o
    0x080063a8   0x080063a8   0x00000074   Code   RO         2727    i.MemuTwoOptionThree  screendriver.o
    0x0800641c   0x0800641c   0x00000060   Code   RO         2728    i.MemuTwoOptionTwo  screendriver.o
    0x0800647c   0x0800647c   0x0000232c   Code   RO         3166    i.ModiVarAdd        screenshow.o
    0x080087a8   0x080087a8   0x00002280   Code   RO         3167    i.ModiVarAddWide    screenshow.o
    0x0800aa28   0x0800aa28   0x00002318   Code   RO         3168    i.ModiVarDec        screenshow.o
    0x0800cd40   0x0800cd40   0x000022a8   Code   RO         3169    i.ModiVarDecWide    screenshow.o
    0x0800efe8   0x0800efe8   0x00000002   Code   RO          226    i.NMI_Handler       stm32f10x_it.o
    0x0800efea   0x0800efea   0x0000009a   Code   RO         4344    i.NVIC_Configuration  system.o
    0x0800f084   0x0800f084   0x00000070   Code   RO          700    i.NVIC_Init         misc.o
    0x0800f0f4   0x0800f0f4   0x00000014   Code   RO          701    i.NVIC_PriorityGroupConfig  misc.o
    0x0800f108   0x0800f108   0x0000002c   Code   RO         4481    i.OSInit            os_core.o
    0x0800f134   0x0800f134   0x00000002   Code   RO         5042    i.OSInitHookBegin   os_cpu_c.o
    0x0800f136   0x0800f136   0x00000002   Code   RO         5043    i.OSInitHookEnd     os_cpu_c.o
    0x0800f138   0x0800f138   0x00000024   Code   RO         4482    i.OSIntEnter        os_core.o
    0x0800f15c   0x0800f15c   0x00000090   Code   RO         4483    i.OSIntExit         os_core.o
    0x0800f1ec   0x0800f1ec   0x00000048   Code   RO         4486    i.OSStart           os_core.o
    0x0800f234   0x0800f234   0x00000002   Code   RO         5044    i.OSTCBInitHook     os_cpu_c.o
    0x0800f236   0x0800f236   0x00000002   PAD
    0x0800f238   0x0800f238   0x000000b8   Code   RO         4946    i.OSTaskCreateExt   os_task.o
    0x0800f2f0   0x0800f2f0   0x00000002   Code   RO         5045    i.OSTaskCreateHook  os_cpu_c.o
    0x0800f2f2   0x0800f2f2   0x00000002   Code   RO         5047    i.OSTaskIdleHook    os_cpu_c.o
    0x0800f2f4   0x0800f2f4   0x00000090   Code   RO         4948    i.OSTaskNameSet     os_task.o
    0x0800f384   0x0800f384   0x000000ac   Code   RO         4950    i.OSTaskResume      os_task.o
    0x0800f430   0x0800f430   0x00000002   Code   RO         5048    i.OSTaskStatHook    os_cpu_c.o
    0x0800f432   0x0800f432   0x00000002   PAD
    0x0800f434   0x0800f434   0x0000008c   Code   RO         4951    i.OSTaskStkChk      os_task.o
    0x0800f4c0   0x0800f4c0   0x0000009a   Code   RO         5049    i.OSTaskStkInit     os_cpu_c.o
    0x0800f55a   0x0800f55a   0x00000002   PAD
    0x0800f55c   0x0800f55c   0x000000a8   Code   RO         4952    i.OSTaskSuspend     os_task.o
    0x0800f604   0x0800f604   0x00000002   Code   RO         5050    i.OSTaskSwHook      os_cpu_c.o
    0x0800f606   0x0800f606   0x00000002   PAD
    0x0800f608   0x0800f608   0x00000070   Code   RO         5000    i.OSTimeDly         os_time.o
    0x0800f678   0x0800f678   0x000000ec   Code   RO         4488    i.OSTimeTick        os_core.o
    0x0800f764   0x0800f764   0x00000002   Code   RO         5051    i.OSTimeTickHook    os_cpu_c.o
    0x0800f766   0x0800f766   0x00000002   PAD
    0x0800f768   0x0800f768   0x0000004c   Code   RO         4682    i.OS_FlagInit       os_flag.o
    0x0800f7b4   0x0800f7b4   0x00000050   Code   RO         4494    i.OS_InitEventList  os_core.o
    0x0800f804   0x0800f804   0x00000054   Code   RO         4495    i.OS_InitMisc       os_core.o
    0x0800f858   0x0800f858   0x00000048   Code   RO         4496    i.OS_InitRdyList    os_core.o
    0x0800f8a0   0x0800f8a0   0x00000068   Code   RO         4497    i.OS_InitTCBList    os_core.o
    0x0800f908   0x0800f908   0x00000050   Code   RO         4498    i.OS_InitTaskIdle   os_core.o
    0x0800f958   0x0800f958   0x00000050   Code   RO         4499    i.OS_InitTaskStat   os_core.o
    0x0800f9a8   0x0800f9a8   0x00000012   Code   RO         4500    i.OS_MemClr         os_core.o
    0x0800f9ba   0x0800f9ba   0x00000002   PAD
    0x0800f9bc   0x0800f9bc   0x00000038   Code   RO         4830    i.OS_QInit          os_q.o
    0x0800f9f4   0x0800f9f4   0x00000074   Code   RO         4502    i.OS_Sched          os_core.o
    0x0800fa68   0x0800fa68   0x0000002c   Code   RO         4503    i.OS_SchedNew       os_core.o
    0x0800fa94   0x0800fa94   0x0000001c   Code   RO         4504    i.OS_StrCopy        os_core.o
    0x0800fab0   0x0800fab0   0x00000014   Code   RO         4505    i.OS_StrLen         os_core.o
    0x0800fac4   0x0800fac4   0x00000118   Code   RO         4506    i.OS_TCBInit        os_core.o
    0x0800fbdc   0x0800fbdc   0x00000024   Code   RO         4507    i.OS_TaskIdle       os_core.o
    0x0800fc00   0x0800fc00   0x00000090   Code   RO         4508    i.OS_TaskStat       os_core.o
    0x0800fc90   0x0800fc90   0x0000003c   Code   RO         4509    i.OS_TaskStatStkChk  os_core.o
    0x0800fccc   0x0800fccc   0x0000001a   Code   RO         4953    i.OS_TaskStkClr     os_task.o
    0x0800fce6   0x0800fce6   0x00000002   PAD
    0x0800fce8   0x0800fce8   0x0000000c   Code   RO         1920    i.PWR_BackupAccessCmd  stm32f10x_pwr.o
    0x0800fcf4   0x0800fcf4   0x00000020   Code   RO          501    i.RCC_AHBPeriphClockCmd  stm32f10x_rcc.o
    0x0800fd14   0x0800fd14   0x00000020   Code   RO          502    i.RCC_APB1PeriphClockCmd  stm32f10x_rcc.o
    0x0800fd34   0x0800fd34   0x00000020   Code   RO          504    i.RCC_APB2PeriphClockCmd  stm32f10x_rcc.o
    0x0800fd54   0x0800fd54   0x0000000c   Code   RO          507    i.RCC_BackupResetCmd  stm32f10x_rcc.o
    0x0800fd60   0x0800fd60   0x0000005c   Code   RO         4345    i.RCC_Configuration  system.o
    0x0800fdbc   0x0800fdbc   0x000000d4   Code   RO          512    i.RCC_GetClocksFreq  stm32f10x_rcc.o
    0x0800fe90   0x0800fe90   0x0000003c   Code   RO          513    i.RCC_GetFlagStatus  stm32f10x_rcc.o
    0x0800fecc   0x0800fecc   0x00000034   Code   RO          520    i.RCC_LSEConfig     stm32f10x_rcc.o
    0x0800ff00   0x0800ff00   0x0000000c   Code   RO          527    i.RCC_RTCCLKCmd     stm32f10x_rcc.o
    0x0800ff0c   0x0800ff0c   0x00000010   Code   RO          528    i.RCC_RTCCLKConfig  stm32f10x_rcc.o
    0x0800ff1c   0x0800ff1c   0x00000098   Code   RO         3730    i.RS485_Init        rs485.o
    0x0800ffb4   0x0800ffb4   0x00000010   Code   RO         1831    i.RTC_ClearITPendingBit  stm32f10x_rtc.o
    0x0800ffc4   0x0800ffc4   0x00000014   Code   RO         1832    i.RTC_EnterConfigMode  stm32f10x_rtc.o
    0x0800ffd8   0x0800ffd8   0x00000014   Code   RO         1833    i.RTC_ExitConfigMode  stm32f10x_rtc.o
    0x0800ffec   0x0800ffec   0x00000100   Code   RO         3363    i.RTC_Get           rtc.o
    0x080100ec   0x080100ec   0x00000014   Code   RO         1834    i.RTC_GetCounter    stm32f10x_rtc.o
    0x08010100   0x08010100   0x00000024   Code   RO         1837    i.RTC_GetITStatus   stm32f10x_rtc.o
    0x08010124   0x08010124   0x00000078   Code   RO         3364    i.RTC_Get_Week      rtc.o
    0x0801019c   0x0801019c   0x00000140   Code   RO         3365    i.RTC_IRQHandler    rtc.o
    0x080102dc   0x080102dc   0x00000020   Code   RO         1838    i.RTC_ITConfig      stm32f10x_rtc.o
    0x080102fc   0x080102fc   0x000000bc   Code   RO         3366    i.RTC_Init          rtc.o
    0x080103b8   0x080103b8   0x000000c8   Code   RO         3367    i.RTC_Set           rtc.o
    0x08010480   0x08010480   0x0000001c   Code   RO         1840    i.RTC_SetCounter    stm32f10x_rtc.o
    0x0801049c   0x0801049c   0x00000020   Code   RO         1841    i.RTC_SetPrescaler  stm32f10x_rtc.o
    0x080104bc   0x080104bc   0x00000014   Code   RO         1842    i.RTC_WaitForLastTask  stm32f10x_rtc.o
    0x080104d0   0x080104d0   0x00000024   Code   RO         1843    i.RTC_WaitForSynchro  stm32f10x_rtc.o
    0x080104f4   0x080104f4   0x00000324   Code   RO         3849    i.ReadBoltGardeMeterArr  pclink.o
    0x08010818   0x08010818   0x0000000c   Code   RO         4203    i.SOFT_RESET        ads8688.o
    0x08010824   0x08010824   0x00000074   Code   RO         3585    i.SPI1_Init         mx25l.o
    0x08010898   0x08010898   0x00000038   Code   RO         3586    i.SPI1_ReadWriteByte  mx25l.o
    0x080108d0   0x080108d0   0x000000b8   Code   RO         2337    i.SPI2_Init         ch374drv.o
    0x08010988   0x08010988   0x00000038   Code   RO         2338    i.SPI3_TransByte    ch374drv.o
    0x080109c0   0x080109c0   0x00000018   Code   RO         1691    i.SPI_Cmd           stm32f10x_spi.o
    0x080109d8   0x080109d8   0x00000012   Code   RO         1699    i.SPI_I2S_GetFlagStatus  stm32f10x_spi.o
    0x080109ea   0x080109ea   0x00000006   Code   RO         1702    i.SPI_I2S_ReceiveData  stm32f10x_spi.o
    0x080109f0   0x080109f0   0x00000004   Code   RO         1703    i.SPI_I2S_SendData  stm32f10x_spi.o
    0x080109f4   0x080109f4   0x0000003c   Code   RO         1704    i.SPI_Init          stm32f10x_spi.o
    0x08010a30   0x08010a30   0x00000002   Code   RO          227    i.SVC_Handler       stm32f10x_it.o
    0x08010a32   0x08010a32   0x00000002   PAD
    0x08010a34   0x08010a34   0x00000030   Code   RO         2532    i.SendChar          uart.o
    0x08010a64   0x08010a64   0x00000016   Code   RO         2536    i.SendStrings       uart.o
    0x08010a7a   0x08010a7a   0x00000058   Code   RO         2730    i.SetControlForeColor  screendriver.o
    0x08010ad2   0x08010ad2   0x00000044   Code   RO         2731    i.SetLanguage       screendriver.o
    0x08010b16   0x08010b16   0x0000003c   Code   RO         2732    i.SetScreen         screendriver.o
    0x08010b52   0x08010b52   0x00000008   Code   RO         2290    i.SetSysClock       system_stm32f10x.o
    0x08010b5a   0x08010b5a   0x00000002   PAD
    0x08010b5c   0x08010b5c   0x000000e0   Code   RO         2291    i.SetSysClockTo72   system_stm32f10x.o
    0x08010c3c   0x08010c3c   0x0000008c   Code   RO         2734    i.SetTextInt32      screendriver.o
    0x08010cc8   0x08010cc8   0x00000052   Code   RO         2735    i.SetTextValue      screendriver.o
    0x08010d1a   0x08010d1a   0x0000000e   Code   RO         4204    i.Set_Auto_Scan_Sequence  ads8688.o
    0x08010d28   0x08010d28   0x00000010   Code   RO         4205    i.Set_CH_Range      ads8688.o
    0x08010d38   0x08010d38   0x00000058   Code   RO         2736    i.SetflashTime      screendriver.o
    0x08010d90   0x08010d90   0x00000024   Code   RO         2339    i.Spi374Start       ch374drv.o
    0x08010db4   0x08010db4   0x00000014   Code   RO         2340    i.Spi374Stop        ch374drv.o
    0x08010dc8   0x08010dc8   0x00000028   Code   RO          704    i.SysTick_CLKSourceConfig  misc.o
    0x08010df0   0x08010df0   0x00000010   Code   RO         4385    i.SysTick_Handler   systick.o
    0x08010e00   0x08010e00   0x0000003c   Code   RO         4386    i.SysTick_Init      systick.o
    0x08010e3c   0x08010e3c   0x00000060   Code   RO         2293    i.SystemInit        system_stm32f10x.o
    0x08010e9c   0x08010e9c   0x00000012   Code   RO         3731    i.TIM2_IRQHandler   rs485.o
    0x08010eae   0x08010eae   0x00000048   Code   RO         3732    i.TIM2_Init         rs485.o
    0x08010ef6   0x08010ef6   0x00000002   PAD
    0x08010ef8   0x08010ef8   0x00000044   Code   RO         3733    i.TIM4_IRQHandler   rs485.o
    0x08010f3c   0x08010f3c   0x0000004c   Code   RO         3734    i.TIM4_Init         rs485.o
    0x08010f88   0x08010f88   0x00000006   Code   RO          999    i.TIM_ClearITPendingBit  stm32f10x_tim.o
    0x08010f8e   0x08010f8e   0x00000018   Code   RO         1004    i.TIM_Cmd           stm32f10x_tim.o
    0x08010fa6   0x08010fa6   0x00000012   Code   RO         1029    i.TIM_ITConfig      stm32f10x_tim.o
    0x08010fb8   0x08010fb8   0x000000a4   Code   RO         1075    i.TIM_TimeBaseInit  stm32f10x_tim.o
    0x0801105c   0x0801105c   0x00000098   Code   RO         4156    i.TaskDog           iwdg.o
    0x080110f4   0x080110f4   0x0000027c   Code   RO         3170    i.TaskKeyControl    screenshow.o
    0x08011370   0x08011370   0x00000078   Code   RO            1    i.TaskStart         main.o
    0x080113e8   0x080113e8   0x00000060   Code   RO         2537    i.UART1Write        uart.o
    0x08011448   0x08011448   0x00000080   Code   RO         2538    i.UART1_Init        uart.o
    0x080114c8   0x080114c8   0x0000008c   Code   RO         2540    i.UART3_Init        uart.o
    0x08011554   0x08011554   0x00000040   Code   RO         3736    i.USART2_IRQHandler  rs485.o
    0x08011594   0x08011594   0x00000012   Code   RO          808    i.USART_ClearFlag   stm32f10x_usart.o
    0x080115a6   0x080115a6   0x00000018   Code   RO          812    i.USART_Cmd         stm32f10x_usart.o
    0x080115be   0x080115be   0x00000012   Code   RO          813    i.USART_DMACmd      stm32f10x_usart.o
    0x080115d0   0x080115d0   0x0000001a   Code   RO          815    i.USART_GetFlagStatus  stm32f10x_usart.o
    0x080115ea   0x080115ea   0x00000054   Code   RO          816    i.USART_GetITStatus  stm32f10x_usart.o
    0x0801163e   0x0801163e   0x0000004a   Code   RO          818    i.USART_ITConfig    stm32f10x_usart.o
    0x08011688   0x08011688   0x000000d8   Code   RO          819    i.USART_Init        stm32f10x_usart.o
    0x08011760   0x08011760   0x0000000a   Code   RO          826    i.USART_ReceiveData  stm32f10x_usart.o
    0x0801176a   0x0801176a   0x00000008   Code   RO          829    i.USART_SendData    stm32f10x_usart.o
    0x08011772   0x08011772   0x00000018   Code   RO          835    i.USART_StructInit  stm32f10x_usart.o
    0x0801178a   0x0801178a   0x00000002   PAD
    0x0801178c   0x0801178c   0x00000060   Code   RO         3739    i.UartRxMonitor     rs485.o
    0x080117ec   0x080117ec   0x00000004   Code   RO          228    i.UsageFault_Handler  stm32f10x_it.o
    0x080117f0   0x080117f0   0x00000020   Code   RO         5390    i.__0printf         mc_w.l(printfa.o)
    0x08011810   0x08011810   0x0000000e   Code   RO         5535    i.__scatterload_copy  mc_w.l(handlers.o)
    0x0801181e   0x0801181e   0x00000002   Code   RO         5536    i.__scatterload_null  mc_w.l(handlers.o)
    0x08011820   0x08011820   0x0000000e   Code   RO         5537    i.__scatterload_zeroinit  mc_w.l(handlers.o)
    0x0801182e   0x0801182e   0x00000002   PAD
    0x08011830   0x08011830   0x00000184   Code   RO         5397    i._fp_digits        mc_w.l(printfa.o)
    0x080119b4   0x080119b4   0x000006b4   Code   RO         5398    i._printf_core      mc_w.l(printfa.o)
    0x08012068   0x08012068   0x00000024   Code   RO         5399    i._printf_post_padding  mc_w.l(printfa.o)
    0x0801208c   0x0801208c   0x0000002e   Code   RO         5400    i._printf_pre_padding  mc_w.l(printfa.o)
    0x080120ba   0x080120ba   0x00000002   PAD
    0x080120bc   0x080120bc   0x00000074   Code   RO         4206    i.averageValueTomA  ads8688.o
    0x08012130   0x08012130   0x000000a8   Code   RO         4207    i.averageValue_Fillter  ads8688.o
    0x080121d8   0x080121d8   0x0000004c   Code   RO         4389    i.delay_ms          systick.o
    0x08012224   0x08012224   0x00000016   Code   RO         2543    i.fputc             uart.o
    0x0801223a   0x0801223a   0x00000002   PAD
    0x0801223c   0x0801223c   0x000000bc   Code   RO         3423    i.getOutData        screencore.o
    0x080122f8   0x080122f8   0x0000001c   Code   RO         3424    i.getPressValue     screencore.o
    0x08012314   0x08012314   0x00000006   Code   RO         4211    i.mAValueToAngleVal  ads8688.o
    0x0801231a   0x0801231a   0x00000002   PAD
    0x0801231c   0x0801231c   0x00000034   Code   RO         4212    i.mAValueToFlowVal  ads8688.o
    0x08012350   0x08012350   0x00000034   Code   RO         4213    i.mAValueToPressVal  ads8688.o
    0x08012384   0x08012384   0x00000024   Code   RO         2345    i.mStopIfError      ch374drv.o
    0x080123a8   0x080123a8   0x00000048   Code   RO            2    i.main              main.o
    0x080123f0   0x080123f0   0x0000028c   Code   RO         3426    i.setBoltGradeValVarFlag  screencore.o
    0x0801267c   0x0801267c   0x000000b4   Code   RO         3427    i.setDayValVarFlag  screencore.o
    0x08012730   0x08012730   0x00000050   Code   RO         3428    i.setHourValVarFlag  screencore.o
    0x08012780   0x08012780   0x000000b0   Code   RO         3429    i.setLangChartFlag  screencore.o
    0x08012830   0x08012830   0x00000048   Code   RO         3430    i.setMinuteValVarFlag  screencore.o
    0x08012878   0x08012878   0x0000004c   Code   RO         3431    i.setMonthValVarFlag  screencore.o
    0x080128c4   0x080128c4   0x00000054   Code   RO         3433    i.setSecondValVarFlag  screencore.o
    0x08012918   0x08012918   0x0000034c   Code   RO         3434    i.setSensorPresetTorValVarFlag  screencore.o
    0x08012c64   0x08012c64   0x00000100   Code   RO         3435    i.setTargetTorqueValVarFlag  screencore.o
    0x08012d64   0x08012d64   0x00000044   Code   RO         3436    i.setYearValVarFlag  screencore.o
    0x08012da8   0x08012da8   0x00000058   Code   RO         2544    i.uart_init         uart.o
    0x08012e00   0x08012e00   0x0000000e   Code   RO         2346    i.xDelayAfterWrite  ch374drv.o
    0x08012e0e   0x08012e0e   0x00000002   Code   RO         2347    i.xFileNameEnumer   ch374drv.o
    0x08012e10   0x08012e10   0x00000018   Code   RO         2348    i.xQueryInterrupt   ch374drv.o
    0x08012e28   0x08012e28   0x00000022   Data   RO         2737    .constdata          screendriver.o
    0x08012e4a   0x08012e4a   0x00000018   Data   RO         3369    .constdata          rtc.o
    0x08012e62   0x08012e62   0x00000002   PAD
    0x08012e64   0x08012e64   0x0000000d   Data   RO         3438    .constdata          screencore.o
    0x08012e71   0x08012e71   0x00000008   Data   RO         4215    .constdata          ads8688.o
    0x08012e79   0x08012e79   0x00000100   Data   RO         4511    .constdata          os_core.o
    0x08012f79   0x08012f79   0x00000003   PAD
    0x08012f7c   0x08012f7c   0x00000020   Data   RO         5533    Region$$Table       anon$$obj.o


    Execution Region RW_IRAM1 (Exec base: 0x20000000, Load base: 0x08012f9c, Size: 0x00009d90, Max: 0x0000c000, ABSOLUTE, COMPRESSED[0x000002ec])

    Exec Addr    Load Addr    Size         Type   Attr      Idx    E Section Name        Object

    0x20000000   COMPRESSED   0x00000014   Data   RW          532    .data               stm32f10x_rcc.o
    0x20000014   COMPRESSED   0x00000014   Data   RW         2294    .data               system_stm32f10x.o
    0x20000028   COMPRESSED   0x0000000e   Data   RW         2738    .data               screendriver.o
    0x20000036   COMPRESSED   0x00000002   PAD
    0x20000038   COMPRESSED   0x000003c4   Data   RW         3172    .data               screenshow.o
    0x200003fc   COMPRESSED   0x00000002   Data   RW         3370    .data               rtc.o
    0x200003fe   COMPRESSED   0x00000002   PAD
    0x20000400   COMPRESSED   0x00000020   Data   RW         3742    .data               rs485.o
    0x20000420   COMPRESSED   0x00000006   Data   RW         3864    .data               pclink.o
    0x20000426   COMPRESSED   0x00000002   PAD
    0x20000428   COMPRESSED   0x00000010   Data   RW         4023    .data               dac8771.o
    0x20000438   COMPRESSED   0x00000005   Data   RW         4132    .data               exti.o
    0x2000043d   COMPRESSED   0x00000009   Data   RW         4158    .data               iwdg.o
    0x20000446   COMPRESSED   0x00000002   PAD
    0x20000448   COMPRESSED   0x0000000c   Data   RW         4216    .data               ads8688.o
    0x20000454   COMPRESSED   0x00000008   Data   RW         4346    .data               system.o
    0x2000045c   COMPRESSED   0x00000055   Data   RW         4395    .data               systick.o
    0x200004b1   COMPRESSED   0x00000003   PAD
    0x200004b4   COMPRESSED   0x00000044   Data   RW         4512    .data               os_core.o
    0x200004f8   COMPRESSED   0x0000005c   Data   RW         5131    .data               CH374HFM.LIB(CH374MAI.O)
    0x20000554   COMPRESSED   0x00000004   Data   RW         5472    .data               mc_w.l(stdout.o)
    0x20000558        -       0x00006c98   Zero   RW            3    .bss                main.o
    0x200071f0        -       0x00000238   Zero   RW         2349    .bss                ch374drv.o
    0x20007428        -       0x0000007c   Zero   RW         3171    .bss                screenshow.o
    0x200074a4        -       0x0000000a   Zero   RW         3368    .bss                rtc.o
    0x200074ae   COMPRESSED   0x00000002   PAD
    0x200074b0        -       0x00000334   Zero   RW         3741    .bss                rs485.o
    0x200077e4        -       0x000010b8   Zero   RW         3863    .bss                pclink.o
    0x2000889c        -       0x00000654   Zero   RW         4214    .bss                ads8688.o
    0x20008ef0        -       0x00000a9c   Zero   RW         4510    .bss                os_core.o
    0x2000998c   COMPRESSED   0x00000004   PAD
    0x20009990        -       0x00000400   Zero   RW          356    STACK               startup_stm32f10x_hd.o


==============================================================================

Image component sizes


      Code (inc. data)   RO Data    RW Data    ZI Data      Debug   Object Name

      1472        170          8         12       1620      13633   ads8688.o
       736         86          0          0        568     233571   ch374drv.o
        22          0          0          0          0        324   cpu_a.o
       840         72          0         16          0       5418   dac8771.o
       276         12          0          0          0        832   dma.o
       420         28          0          5          0       1730   exti.o
       160         42          0          9          0       2131   iwdg.o
       260         30          0          0          0       2390   led.o
       192         36          0          0      27800      64534   main.o
       172         22          0          0          0       2625   misc.o
       434         26          0          0          0       5374   mx25l.o
      1778        346        256         68       2716      23054   os_core.o
       168         40          0          0          0        380   os_cpu_a.o
       170          0          0          0          0      15487   os_cpu_c.o
        76          8          0          0          0        678   os_flag.o
        56         10          0          0          0        635   os_q.o
       834         66          0          0          0       6080   os_task.o
       112         16          0          0          0        732   os_time.o
      2408       1028          0          6       4280       7398   pclink.o
       546         52          0         32        820       7914   rs485.o
      1142         44         24          2         10       6106   rtc.o
      2704        132         13          0          0      10004   screencore.o
      8818        846         34         14          0      52345   screendriver.o
     36328       2098          0        964        124      16656   screenshow.o
        36          8        304          0       1024        896   startup_stm32f10x_hd.o
        72         10          0          0          0       3252   stm32f10x_bkp.o
       444         18          0          0          0       4638   stm32f10x_dma.o
       200         18          0          0          0       2676   stm32f10x_exti.o
       512         10          0          0          0     213436   stm32f10x_gpio.o
        22          0          0          0          0      64779   stm32f10x_it.o
        16          6          0          0          0        609   stm32f10x_iwdg.o
        12          6          0          0          0        650   stm32f10x_pwr.o
       460         64          0         20          0       9234   stm32f10x_rcc.o
       260         48          0          0          0       6532   stm32f10x_rtc.o
       112          0          0          0          0       4674   stm32f10x_spi.o
       212         42          0          0          0       3576   stm32f10x_tim.o
       502          6          0          0          0       9365   stm32f10x_usart.o
      1402        512          0          8          0      18140   system.o
       328         28          0         20          0       2737   system_stm32f10x.o
       152         12          0         85          0       7456   systick.o
       544         42          0          0          0       6380   uart.o

    ----------------------------------------------------------------------
     65448       6040        676       1272      38968     839061   Object Totals
         0          0         32          0          0          0   (incl. Generated)
        38          0          5         11          6          0   (incl. Padding)

    ----------------------------------------------------------------------

      Code (inc. data)   RO Data    RW Data    ZI Data      Debug   Library Member Name

      7320        170          0         92          0       1336   CH374MAI.O
        86          0          0          0          0          0   __dczerorl2.o
         0          0          0          0          0          0   entry.o
         0          0          0          0          0          0   entry10a.o
         0          0          0          0          0          0   entry11a.o
         4          0          0          0          0          0   entry12b.o
         8          4          0          0          0          0   entry2.o
         4          0          0          0          0          0   entry5.o
         0          0          0          0          0          0   entry7b.o
         0          0          0          0          0          0   entry8b.o
         8          4          0          0          0          0   entry9a.o
        30          0          0          0          0          0   handlers.o
        36          8          0          0          0         68   init.o
         0          0          0          0          0          0   iusefp.o
        30          0          0          0          0         68   llshl.o
        36          0          0          0          0         68   llsshr.o
        32          0          0          0          0         68   llushr.o
        36          0          0          0          0        108   memseta.o
      2218         90          0          0          0        464   printfa.o
         0          0          0          4          0          0   stdout.o
        14          0          0          0          0         68   strlen.o
        24          0          0          0          0         76   strncpy.o
        44          0          0          0          0         80   uidiv.o
        98          0          0          0          0         92   uldiv.o
        48          0          0          0          0         68   cdcmple.o
        48          0          0          0          0         68   cdrcmple.o
        20          0          0          0          0         68   cfcmple.o
        56          0          0          0          0         88   d2f.o
       334          0          0          0          0        148   dadd.o
       222          0          0          0          0        100   ddiv.o
       186          0          0          0          0        176   depilogue.o
        50          0          0          0          0         76   dfixui.o
        48          0          0          0          0         68   dfixul.o
        26          0          0          0          0         76   dfltui.o
       228          0          0          0          0         96   dmul.o
        38          0          0          0          0         68   f2d.o
       110          0          0          0          0        168   fepilogue.o
        40          0          0          0          0         68   ffixui.o
        10          0          0          0          0         68   ffltui.o
       100          0          0          0          0         76   fmul.o

    ----------------------------------------------------------------------
     11600        276          0         96          0       3976   Library Totals
         8          0          0          0          0          0   (incl. Padding)

    ----------------------------------------------------------------------

      Code (inc. data)   RO Data    RW Data    ZI Data      Debug   Library Name

      7320        170          0         92          0       1336   CH374HFM.LIB
      2708        106          0          4          0       1160   mc_w.l
      1564          0          0          0          0       1480   mf_w.l

    ----------------------------------------------------------------------
     11600        276          0         96          0       3976   Library Totals

    ----------------------------------------------------------------------

==============================================================================


      Code (inc. data)   RO Data    RW Data    ZI Data      Debug   

     77048       6316        676       1368      38968     827149   Grand Totals
     77048       6316        676        748      38968     827149   ELF Image Totals (compressed)
     77048       6316        676        748          0          0   ROM Totals

==============================================================================

    Total RO  Size (Code + RO Data)                77724 (  75.90kB)
    Total RW  Size (RW Data + ZI Data)             40336 (  39.39kB)
    Total ROM Size (Code + RO Data + RW Data)      78472 (  76.63kB)

==============================================================================

